[2023-09-20T14:41:06.606+0800][gc] Using G1
[2023-09-20T14:41:06.607+0800][gc,init] Version: 17.0.7+8-LTS-224 (release)
[2023-09-20T14:41:06.607+0800][gc,init] CPUs: 8 total, 8 available
[2023-09-20T14:41:06.607+0800][gc,init] Memory: 16384M
[2023-09-20T14:41:06.607+0800][gc,init] Large Page Support: Disabled
[2023-09-20T14:41:06.607+0800][gc,init] NUMA Support: Disabled
[2023-09-20T14:41:06.607+0800][gc,init] Compressed Oops: Enabled (Zero based)
[2023-09-20T14:41:06.607+0800][gc,init] Heap Region Size: 1M
[2023-09-20T14:41:06.607+0800][gc,init] Heap Min Capacity: 512M
[2023-09-20T14:41:06.607+0800][gc,init] Heap Initial Capacity: 512M
[2023-09-20T14:41:06.607+0800][gc,init] Heap Max Capacity: 512M
[2023-09-20T14:41:06.607+0800][gc,init] Pre-touch: Disabled
[2023-09-20T14:41:06.607+0800][gc,init] Parallel Workers: 8
[2023-09-20T14:41:06.607+0800][gc,init] Concurrent Workers: 2
[2023-09-20T14:41:06.607+0800][gc,init] Concurrent Refinement Workers: 8
[2023-09-20T14:41:06.607+0800][gc,init] Periodic GC: Disabled
[2023-09-20T14:41:06.607+0800][gc,metaspace] CDS archive(s) mapped at: [0x0000000800000000-0x0000000800bd8000-0x0000000800bd8000), size 12419072, SharedBaseAddress: 0x0000000800000000, ArchiveRelocationMode: 0.
[2023-09-20T14:41:06.607+0800][gc,metaspace] Compressed class space mapped at: 0x0000000800c00000-0x0000000840c00000, reserved size: 1073741824
[2023-09-20T14:41:06.607+0800][gc,metaspace] Narrow klass base: 0x0000000800000000, Narrow klass shift: 0, Narrow klass range: 0x100000000
[2023-09-20T14:41:07.113+0800][gc,start    ] GC(0) Pause Young (Normal) (G1 Evacuation Pause)
[2023-09-20T14:41:07.113+0800][gc,task     ] GC(0) Using 8 workers of 8 for evacuation
[2023-09-20T14:41:07.116+0800][gc,phases   ] GC(0)   Pre Evacuate Collection Set: 0.1ms
[2023-09-20T14:41:07.116+0800][gc,phases   ] GC(0)   Merge Heap Roots: 0.1ms
[2023-09-20T14:41:07.116+0800][gc,phases   ] GC(0)   Evacuate Collection Set: 1.7ms
[2023-09-20T14:41:07.116+0800][gc,phases   ] GC(0)   Post Evacuate Collection Set: 0.3ms
[2023-09-20T14:41:07.116+0800][gc,phases   ] GC(0)   Other: 1.0ms
[2023-09-20T14:41:07.116+0800][gc,heap     ] GC(0) Eden regions: 256->0(251)
[2023-09-20T14:41:07.116+0800][gc,heap     ] GC(0) Survivor regions: 0->5(32)
[2023-09-20T14:41:07.116+0800][gc,heap     ] GC(0) Old regions: 0->0
[2023-09-20T14:41:07.116+0800][gc,heap     ] GC(0) Archive regions: 2->2
[2023-09-20T14:41:07.116+0800][gc,heap     ] GC(0) Humongous regions: 0->0
[2023-09-20T14:41:07.116+0800][gc,metaspace] GC(0) Metaspace: 7514K(7680K)->7514K(7680K) NonClass: 6630K(6720K)->6630K(6720K) Class: 884K(960K)->884K(960K)
[2023-09-20T14:41:07.116+0800][gc          ] GC(0) Pause Young (Normal) (G1 Evacuation Pause) 256M->5M(512M) 3.275ms
[2023-09-20T14:41:07.116+0800][gc,cpu      ] GC(0) User=0.01s Sys=0.00s Real=0.00s
[2023-09-20T14:41:07.451+0800][gc,start    ] GC(1) Pause Young (Normal) (G1 Evacuation Pause)
[2023-09-20T14:41:07.451+0800][gc,task     ] GC(1) Using 8 workers of 8 for evacuation
[2023-09-20T14:41:07.454+0800][gc,phases   ] GC(1)   Pre Evacuate Collection Set: 0.1ms
[2023-09-20T14:41:07.454+0800][gc,phases   ] GC(1)   Merge Heap Roots: 0.1ms
[2023-09-20T14:41:07.454+0800][gc,phases   ] GC(1)   Evacuate Collection Set: 2.3ms
[2023-09-20T14:41:07.454+0800][gc,phases   ] GC(1)   Post Evacuate Collection Set: 0.3ms
[2023-09-20T14:41:07.454+0800][gc,phases   ] GC(1)   Other: 0.1ms
[2023-09-20T14:41:07.454+0800][gc,heap     ] GC(1) Eden regions: 251->0(249)
[2023-09-20T14:41:07.454+0800][gc,heap     ] GC(1) Survivor regions: 5->7(32)
[2023-09-20T14:41:07.454+0800][gc,heap     ] GC(1) Old regions: 0->0
[2023-09-20T14:41:07.454+0800][gc,heap     ] GC(1) Archive regions: 2->2
[2023-09-20T14:41:07.454+0800][gc,heap     ] GC(1) Humongous regions: 0->0
[2023-09-20T14:41:07.454+0800][gc,metaspace] GC(1) Metaspace: 11698K(11904K)->11698K(11904K) NonClass: 10286K(10432K)->10286K(10432K) Class: 1412K(1472K)->1412K(1472K)
[2023-09-20T14:41:07.454+0800][gc          ] GC(1) Pause Young (Normal) (G1 Evacuation Pause) 256M->7M(512M) 2.927ms
[2023-09-20T14:41:07.454+0800][gc,cpu      ] GC(1) User=0.02s Sys=0.01s Real=0.00s
[2023-09-20T14:41:07.597+0800][gc,start    ] GC(2) Pause Young (Normal) (G1 Evacuation Pause)
[2023-09-20T14:41:07.597+0800][gc,task     ] GC(2) Using 8 workers of 8 for evacuation
[2023-09-20T14:41:07.600+0800][gc,phases   ] GC(2)   Pre Evacuate Collection Set: 0.1ms
[2023-09-20T14:41:07.600+0800][gc,phases   ] GC(2)   Merge Heap Roots: 0.0ms
[2023-09-20T14:41:07.600+0800][gc,phases   ] GC(2)   Evacuate Collection Set: 2.3ms
[2023-09-20T14:41:07.600+0800][gc,phases   ] GC(2)   Post Evacuate Collection Set: 0.3ms
[2023-09-20T14:41:07.600+0800][gc,phases   ] GC(2)   Other: 0.1ms
[2023-09-20T14:41:07.600+0800][gc,heap     ] GC(2) Eden regions: 249->0(248)
[2023-09-20T14:41:07.600+0800][gc,heap     ] GC(2) Survivor regions: 7->8(32)
[2023-09-20T14:41:07.600+0800][gc,heap     ] GC(2) Old regions: 0->0
[2023-09-20T14:41:07.600+0800][gc,heap     ] GC(2) Archive regions: 2->2
[2023-09-20T14:41:07.600+0800][gc,heap     ] GC(2) Humongous regions: 0->0
[2023-09-20T14:41:07.600+0800][gc,metaspace] GC(2) Metaspace: 17405K(17664K)->17405K(17664K) NonClass: 15297K(15424K)->15297K(15424K) Class: 2108K(2240K)->2108K(2240K)
[2023-09-20T14:41:07.600+0800][gc          ] GC(2) Pause Young (Normal) (G1 Evacuation Pause) 256M->8M(512M) 2.913ms
[2023-09-20T14:41:07.600+0800][gc,cpu      ] GC(2) User=0.01s Sys=0.01s Real=0.01s
[2023-09-20T14:41:07.891+0800][gc,start    ] GC(3) Pause Young (Normal) (G1 Evacuation Pause)
[2023-09-20T14:41:07.891+0800][gc,task     ] GC(3) Using 8 workers of 8 for evacuation
[2023-09-20T14:41:07.894+0800][gc,phases   ] GC(3)   Pre Evacuate Collection Set: 0.1ms
[2023-09-20T14:41:07.895+0800][gc,phases   ] GC(3)   Merge Heap Roots: 0.0ms
[2023-09-20T14:41:07.895+0800][gc,phases   ] GC(3)   Evacuate Collection Set: 2.7ms
[2023-09-20T14:41:07.895+0800][gc,phases   ] GC(3)   Post Evacuate Collection Set: 0.3ms
[2023-09-20T14:41:07.895+0800][gc,phases   ] GC(3)   Other: 0.1ms
[2023-09-20T14:41:07.895+0800][gc,heap     ] GC(3) Eden regions: 248->0(245)
[2023-09-20T14:41:07.895+0800][gc,heap     ] GC(3) Survivor regions: 8->11(32)
[2023-09-20T14:41:07.895+0800][gc,heap     ] GC(3) Old regions: 0->0
[2023-09-20T14:41:07.895+0800][gc,heap     ] GC(3) Archive regions: 2->2
[2023-09-20T14:41:07.895+0800][gc,heap     ] GC(3) Humongous regions: 0->0
[2023-09-20T14:41:07.895+0800][gc,metaspace] GC(3) Metaspace: 20152K(20480K)->20152K(20480K) NonClass: 17771K(17920K)->17771K(17920K) Class: 2380K(2560K)->2380K(2560K)
[2023-09-20T14:41:07.895+0800][gc          ] GC(3) Pause Young (Normal) (G1 Evacuation Pause) 256M->11M(512M) 3.216ms
[2023-09-20T14:41:07.895+0800][gc,cpu      ] GC(3) User=0.02s Sys=0.00s Real=0.00s
[2023-09-20T14:41:07.989+0800][gc,start    ] GC(4) Pause Young (Normal) (G1 Evacuation Pause)
[2023-09-20T14:41:07.989+0800][gc,task     ] GC(4) Using 8 workers of 8 for evacuation
[2023-09-20T14:41:07.992+0800][gc,phases   ] GC(4)   Pre Evacuate Collection Set: 0.1ms
[2023-09-20T14:41:07.992+0800][gc,phases   ] GC(4)   Merge Heap Roots: 0.0ms
[2023-09-20T14:41:07.992+0800][gc,phases   ] GC(4)   Evacuate Collection Set: 2.7ms
[2023-09-20T14:41:07.992+0800][gc,phases   ] GC(4)   Post Evacuate Collection Set: 0.4ms
[2023-09-20T14:41:07.992+0800][gc,phases   ] GC(4)   Other: 0.1ms
[2023-09-20T14:41:07.992+0800][gc,heap     ] GC(4) Eden regions: 245->0(244)
[2023-09-20T14:41:07.992+0800][gc,heap     ] GC(4) Survivor regions: 11->12(32)
[2023-09-20T14:41:07.992+0800][gc,heap     ] GC(4) Old regions: 0->0
[2023-09-20T14:41:07.992+0800][gc,heap     ] GC(4) Archive regions: 2->2
[2023-09-20T14:41:07.992+0800][gc,heap     ] GC(4) Humongous regions: 0->0
[2023-09-20T14:41:07.992+0800][gc,metaspace] GC(4) Metaspace: 20194K(20480K)->20194K(20480K) NonClass: 17811K(17920K)->17811K(17920K) Class: 2382K(2560K)->2382K(2560K)
[2023-09-20T14:41:07.992+0800][gc          ] GC(4) Pause Young (Normal) (G1 Evacuation Pause) 256M->12M(512M) 3.352ms
[2023-09-20T14:41:07.992+0800][gc,cpu      ] GC(4) User=0.02s Sys=0.01s Real=0.01s
[2023-09-20T14:41:08.188+0800][gc,start    ] GC(5) Pause Young (Concurrent Start) (Metadata GC Threshold)
[2023-09-20T14:41:08.188+0800][gc,task     ] GC(5) Using 8 workers of 8 for evacuation
[2023-09-20T14:41:08.192+0800][gc,phases   ] GC(5)   Pre Evacuate Collection Set: 0.1ms
[2023-09-20T14:41:08.192+0800][gc,phases   ] GC(5)   Merge Heap Roots: 0.1ms
[2023-09-20T14:41:08.192+0800][gc,phases   ] GC(5)   Evacuate Collection Set: 3.1ms
[2023-09-20T14:41:08.192+0800][gc,phases   ] GC(5)   Post Evacuate Collection Set: 0.4ms
[2023-09-20T14:41:08.192+0800][gc,phases   ] GC(5)   Other: 0.2ms
[2023-09-20T14:41:08.192+0800][gc,heap     ] GC(5) Eden regions: 182->0(244)
[2023-09-20T14:41:08.192+0800][gc,heap     ] GC(5) Survivor regions: 12->12(32)
[2023-09-20T14:41:08.192+0800][gc,heap     ] GC(5) Old regions: 0->0
[2023-09-20T14:41:08.192+0800][gc,heap     ] GC(5) Archive regions: 2->2
[2023-09-20T14:41:08.192+0800][gc,heap     ] GC(5) Humongous regions: 0->0
[2023-09-20T14:41:08.192+0800][gc,metaspace] GC(5) Metaspace: 21225K(21504K)->21225K(21504K) NonClass: 18713K(18816K)->18713K(18816K) Class: 2512K(2688K)->2512K(2688K)
[2023-09-20T14:41:08.192+0800][gc          ] GC(5) Pause Young (Concurrent Start) (Metadata GC Threshold) 194M->12M(512M) 3.887ms
[2023-09-20T14:41:08.192+0800][gc,cpu      ] GC(5) User=0.02s Sys=0.00s Real=0.01s
[2023-09-20T14:41:08.192+0800][gc          ] GC(6) Concurrent Mark Cycle
[2023-09-20T14:41:08.192+0800][gc,marking  ] GC(6) Concurrent Clear Claimed Marks
[2023-09-20T14:41:08.192+0800][gc,marking  ] GC(6) Concurrent Clear Claimed Marks 0.012ms
[2023-09-20T14:41:08.192+0800][gc,marking  ] GC(6) Concurrent Scan Root Regions
[2023-09-20T14:41:08.194+0800][gc,marking  ] GC(6) Concurrent Scan Root Regions 2.038ms
[2023-09-20T14:41:08.194+0800][gc,marking  ] GC(6) Concurrent Mark
[2023-09-20T14:41:08.194+0800][gc,marking  ] GC(6) Concurrent Mark From Roots
[2023-09-20T14:41:08.194+0800][gc,task     ] GC(6) Using 2 workers of 2 for marking
[2023-09-20T14:41:08.195+0800][gc,marking  ] GC(6) Concurrent Mark From Roots 0.639ms
[2023-09-20T14:41:08.195+0800][gc,marking  ] GC(6) Concurrent Preclean
[2023-09-20T14:41:08.195+0800][gc,marking  ] GC(6) Concurrent Preclean 0.014ms
[2023-09-20T14:41:08.195+0800][gc,start    ] GC(6) Pause Remark
[2023-09-20T14:41:08.196+0800][gc          ] GC(6) Pause Remark 14M->14M(512M) 0.973ms
[2023-09-20T14:41:08.196+0800][gc,cpu      ] GC(6) User=0.01s Sys=0.00s Real=0.00s
[2023-09-20T14:41:08.196+0800][gc,marking  ] GC(6) Concurrent Mark 1.762ms
[2023-09-20T14:41:08.196+0800][gc,marking  ] GC(6) Concurrent Rebuild Remembered Sets
[2023-09-20T14:41:08.196+0800][gc,marking  ] GC(6) Concurrent Rebuild Remembered Sets 0.005ms
[2023-09-20T14:41:08.196+0800][gc,start    ] GC(6) Pause Cleanup
[2023-09-20T14:41:08.196+0800][gc          ] GC(6) Pause Cleanup 14M->14M(512M) 0.010ms
[2023-09-20T14:41:08.196+0800][gc,cpu      ] GC(6) User=0.00s Sys=0.00s Real=0.00s
[2023-09-20T14:41:08.196+0800][gc,marking  ] GC(6) Concurrent Cleanup for Next Mark
[2023-09-20T14:41:08.197+0800][gc,marking  ] GC(6) Concurrent Cleanup for Next Mark 0.842ms
[2023-09-20T14:41:08.197+0800][gc          ] GC(6) Concurrent Mark Cycle 4.885ms
[2023-09-20T14:41:08.550+0800][gc,start    ] GC(7) Pause Young (Normal) (G1 Evacuation Pause)
[2023-09-20T14:41:08.550+0800][gc,task     ] GC(7) Using 8 workers of 8 for evacuation
[2023-09-20T14:41:08.553+0800][gc,phases   ] GC(7)   Pre Evacuate Collection Set: 0.1ms
[2023-09-20T14:41:08.553+0800][gc,phases   ] GC(7)   Merge Heap Roots: 0.1ms
[2023-09-20T14:41:08.553+0800][gc,phases   ] GC(7)   Evacuate Collection Set: 3.2ms
[2023-09-20T14:41:08.553+0800][gc,phases   ] GC(7)   Post Evacuate Collection Set: 0.4ms
[2023-09-20T14:41:08.554+0800][gc,phases   ] GC(7)   Other: 0.1ms
[2023-09-20T14:41:08.554+0800][gc,heap     ] GC(7) Eden regions: 244->0(242)
[2023-09-20T14:41:08.554+0800][gc,heap     ] GC(7) Survivor regions: 12->14(32)
[2023-09-20T14:41:08.554+0800][gc,heap     ] GC(7) Old regions: 0->0
[2023-09-20T14:41:08.554+0800][gc,heap     ] GC(7) Archive regions: 2->2
[2023-09-20T14:41:08.554+0800][gc,heap     ] GC(7) Humongous regions: 0->0
[2023-09-20T14:41:08.554+0800][gc,metaspace] GC(7) Metaspace: 25845K(26176K)->25845K(26176K) NonClass: 22680K(22848K)->22680K(22848K) Class: 3165K(3328K)->3165K(3328K)
[2023-09-20T14:41:08.554+0800][gc          ] GC(7) Pause Young (Normal) (G1 Evacuation Pause) 256M->14M(512M) 3.899ms
[2023-09-20T14:41:08.554+0800][gc,cpu      ] GC(7) User=0.02s Sys=0.00s Real=0.00s
[2023-09-20T14:41:08.973+0800][gc,start    ] GC(8) Pause Young (Normal) (G1 Evacuation Pause)
[2023-09-20T14:41:08.973+0800][gc,task     ] GC(8) Using 8 workers of 8 for evacuation
[2023-09-20T14:41:08.978+0800][gc,phases   ] GC(8)   Pre Evacuate Collection Set: 0.1ms
[2023-09-20T14:41:08.978+0800][gc,phases   ] GC(8)   Merge Heap Roots: 0.0ms
[2023-09-20T14:41:08.978+0800][gc,phases   ] GC(8)   Evacuate Collection Set: 4.3ms
[2023-09-20T14:41:08.978+0800][gc,phases   ] GC(8)   Post Evacuate Collection Set: 0.5ms
[2023-09-20T14:41:08.978+0800][gc,phases   ] GC(8)   Other: 0.1ms
[2023-09-20T14:41:08.978+0800][gc,heap     ] GC(8) Eden regions: 242->0(239)
[2023-09-20T14:41:08.978+0800][gc,heap     ] GC(8) Survivor regions: 14->17(32)
[2023-09-20T14:41:08.978+0800][gc,heap     ] GC(8) Old regions: 0->0
[2023-09-20T14:41:08.978+0800][gc,heap     ] GC(8) Archive regions: 2->2
[2023-09-20T14:41:08.978+0800][gc,heap     ] GC(8) Humongous regions: 0->0
[2023-09-20T14:41:08.978+0800][gc,metaspace] GC(8) Metaspace: 32154K(32576K)->32154K(32576K) NonClass: 28208K(28416K)->28208K(28416K) Class: 3945K(4160K)->3945K(4160K)
[2023-09-20T14:41:08.978+0800][gc          ] GC(8) Pause Young (Normal) (G1 Evacuation Pause) 256M->17M(512M) 5.098ms
[2023-09-20T14:41:08.978+0800][gc,cpu      ] GC(8) User=0.03s Sys=0.00s Real=0.00s
[2023-09-20T14:41:09.205+0800][gc,start    ] GC(9) Pause Young (Concurrent Start) (Metadata GC Threshold)
[2023-09-20T14:41:09.205+0800][gc,task     ] GC(9) Using 8 workers of 8 for evacuation
[2023-09-20T14:41:09.210+0800][gc,phases   ] GC(9)   Pre Evacuate Collection Set: 0.1ms
[2023-09-20T14:41:09.210+0800][gc,phases   ] GC(9)   Merge Heap Roots: 0.0ms
[2023-09-20T14:41:09.210+0800][gc,phases   ] GC(9)   Evacuate Collection Set: 4.5ms
[2023-09-20T14:41:09.210+0800][gc,phases   ] GC(9)   Post Evacuate Collection Set: 0.5ms
[2023-09-20T14:41:09.210+0800][gc,phases   ] GC(9)   Other: 0.1ms
[2023-09-20T14:41:09.210+0800][gc,heap     ] GC(9) Eden regions: 106->0(237)
[2023-09-20T14:41:09.210+0800][gc,heap     ] GC(9) Survivor regions: 17->19(32)
[2023-09-20T14:41:09.210+0800][gc,heap     ] GC(9) Old regions: 0->0
[2023-09-20T14:41:09.210+0800][gc,heap     ] GC(9) Archive regions: 2->2
[2023-09-20T14:41:09.210+0800][gc,heap     ] GC(9) Humongous regions: 0->0
[2023-09-20T14:41:09.210+0800][gc,metaspace] GC(9) Metaspace: 35533K(35968K)->35533K(35968K) NonClass: 31154K(31360K)->31154K(31360K) Class: 4379K(4608K)->4379K(4608K)
[2023-09-20T14:41:09.210+0800][gc          ] GC(9) Pause Young (Concurrent Start) (Metadata GC Threshold) 123M->19M(512M) 5.270ms
[2023-09-20T14:41:09.210+0800][gc,cpu      ] GC(9) User=0.03s Sys=0.01s Real=0.01s
[2023-09-20T14:41:09.210+0800][gc          ] GC(10) Concurrent Mark Cycle
[2023-09-20T14:41:09.210+0800][gc,marking  ] GC(10) Concurrent Clear Claimed Marks
[2023-09-20T14:41:09.210+0800][gc,marking  ] GC(10) Concurrent Clear Claimed Marks 0.016ms
[2023-09-20T14:41:09.210+0800][gc,marking  ] GC(10) Concurrent Scan Root Regions
[2023-09-20T14:41:09.213+0800][gc,marking  ] GC(10) Concurrent Scan Root Regions 3.343ms
[2023-09-20T14:41:09.213+0800][gc,marking  ] GC(10) Concurrent Mark
[2023-09-20T14:41:09.213+0800][gc,marking  ] GC(10) Concurrent Mark From Roots
[2023-09-20T14:41:09.213+0800][gc,task     ] GC(10) Using 2 workers of 2 for marking
[2023-09-20T14:41:09.214+0800][gc,marking  ] GC(10) Concurrent Mark From Roots 1.126ms
[2023-09-20T14:41:09.214+0800][gc,marking  ] GC(10) Concurrent Preclean
[2023-09-20T14:41:09.214+0800][gc,marking  ] GC(10) Concurrent Preclean 0.014ms
[2023-09-20T14:41:09.215+0800][gc,start    ] GC(10) Pause Remark
[2023-09-20T14:41:09.216+0800][gc          ] GC(10) Pause Remark 24M->24M(512M) 1.139ms
[2023-09-20T14:41:09.216+0800][gc,cpu      ] GC(10) User=0.00s Sys=0.00s Real=0.00s
[2023-09-20T14:41:09.216+0800][gc,marking  ] GC(10) Concurrent Mark 2.419ms
[2023-09-20T14:41:09.216+0800][gc,marking  ] GC(10) Concurrent Rebuild Remembered Sets
[2023-09-20T14:41:09.216+0800][gc,marking  ] GC(10) Concurrent Rebuild Remembered Sets 0.005ms
[2023-09-20T14:41:09.216+0800][gc,start    ] GC(10) Pause Cleanup
[2023-09-20T14:41:09.216+0800][gc          ] GC(10) Pause Cleanup 24M->24M(512M) 0.015ms
[2023-09-20T14:41:09.216+0800][gc,cpu      ] GC(10) User=0.00s Sys=0.00s Real=0.00s
[2023-09-20T14:41:09.216+0800][gc,marking  ] GC(10) Concurrent Cleanup for Next Mark
[2023-09-20T14:41:09.217+0800][gc,marking  ] GC(10) Concurrent Cleanup for Next Mark 0.826ms
[2023-09-20T14:41:09.217+0800][gc          ] GC(10) Concurrent Mark Cycle 6.842ms
[2023-09-20T14:41:09.740+0800][gc,start    ] GC(11) Pause Young (Normal) (G1 Evacuation Pause)
[2023-09-20T14:41:09.740+0800][gc,task     ] GC(11) Using 8 workers of 8 for evacuation
[2023-09-20T14:41:09.748+0800][gc,phases   ] GC(11)   Pre Evacuate Collection Set: 0.1ms
[2023-09-20T14:41:09.748+0800][gc,phases   ] GC(11)   Merge Heap Roots: 0.1ms
[2023-09-20T14:41:09.748+0800][gc,phases   ] GC(11)   Evacuate Collection Set: 6.8ms
[2023-09-20T14:41:09.748+0800][gc,phases   ] GC(11)   Post Evacuate Collection Set: 0.8ms
[2023-09-20T14:41:09.748+0800][gc,phases   ] GC(11)   Other: 0.1ms
[2023-09-20T14:41:09.748+0800][gc,heap     ] GC(11) Eden regions: 237->0(236)
[2023-09-20T14:41:09.748+0800][gc,heap     ] GC(11) Survivor regions: 19->20(32)
[2023-09-20T14:41:09.748+0800][gc,heap     ] GC(11) Old regions: 0->4
[2023-09-20T14:41:09.748+0800][gc,heap     ] GC(11) Archive regions: 2->2
[2023-09-20T14:41:09.748+0800][gc,heap     ] GC(11) Humongous regions: 0->0
[2023-09-20T14:41:09.748+0800][gc,metaspace] GC(11) Metaspace: 47115K(47552K)->47115K(47552K) NonClass: 41336K(41536K)->41336K(41536K) Class: 5779K(6016K)->5779K(6016K)
[2023-09-20T14:41:09.748+0800][gc          ] GC(11) Pause Young (Normal) (G1 Evacuation Pause) 256M->24M(512M) 7.941ms
[2023-09-20T14:41:09.748+0800][gc,cpu      ] GC(11) User=0.04s Sys=0.00s Real=0.00s
[2023-09-20T14:41:10.232+0800][gc,start    ] GC(12) Pause Young (Normal) (G1 Evacuation Pause)
[2023-09-20T14:41:10.232+0800][gc,task     ] GC(12) Using 8 workers of 8 for evacuation
[2023-09-20T14:41:10.240+0800][gc,phases   ] GC(12)   Pre Evacuate Collection Set: 0.1ms
[2023-09-20T14:41:10.240+0800][gc,phases   ] GC(12)   Merge Heap Roots: 0.0ms
[2023-09-20T14:41:10.240+0800][gc,phases   ] GC(12)   Evacuate Collection Set: 7.0ms
[2023-09-20T14:41:10.240+0800][gc,phases   ] GC(12)   Post Evacuate Collection Set: 0.8ms
[2023-09-20T14:41:10.240+0800][gc,phases   ] GC(12)   Other: 0.2ms
[2023-09-20T14:41:10.240+0800][gc,heap     ] GC(12) Eden regions: 236->0(234)
[2023-09-20T14:41:10.240+0800][gc,heap     ] GC(12) Survivor regions: 20->22(32)
[2023-09-20T14:41:10.240+0800][gc,heap     ] GC(12) Old regions: 4->7
[2023-09-20T14:41:10.240+0800][gc,heap     ] GC(12) Archive regions: 2->2
[2023-09-20T14:41:10.240+0800][gc,heap     ] GC(12) Humongous regions: 5->5
[2023-09-20T14:41:10.240+0800][gc,metaspace] GC(12) Metaspace: 53057K(53568K)->53057K(53568K) NonClass: 46496K(46720K)->46496K(46720K) Class: 6561K(6848K)->6561K(6848K)
[2023-09-20T14:41:10.240+0800][gc          ] GC(12) Pause Young (Normal) (G1 Evacuation Pause) 265M->34M(512M) 8.189ms
[2023-09-20T14:41:10.240+0800][gc,cpu      ] GC(12) User=0.04s Sys=0.00s Real=0.01s
[2023-09-20T14:41:27.239+0800][gc,start    ] GC(13) Pause Young (Normal) (G1 Evacuation Pause)
[2023-09-20T14:41:27.239+0800][gc,task     ] GC(13) Using 8 workers of 8 for evacuation
[2023-09-20T14:41:27.258+0800][gc,phases   ] GC(13)   Pre Evacuate Collection Set: 0.4ms
[2023-09-20T14:41:27.258+0800][gc,phases   ] GC(13)   Merge Heap Roots: 0.2ms
[2023-09-20T14:41:27.258+0800][gc,phases   ] GC(13)   Evacuate Collection Set: 17.6ms
[2023-09-20T14:41:27.258+0800][gc,phases   ] GC(13)   Post Evacuate Collection Set: 0.8ms
[2023-09-20T14:41:27.258+0800][gc,phases   ] GC(13)   Other: 0.7ms
[2023-09-20T14:41:27.258+0800][gc,heap     ] GC(13) Eden regions: 234->0(237)
[2023-09-20T14:41:27.258+0800][gc,heap     ] GC(13) Survivor regions: 22->19(32)
[2023-09-20T14:41:27.258+0800][gc,heap     ] GC(13) Old regions: 7->12
[2023-09-20T14:41:27.258+0800][gc,heap     ] GC(13) Archive regions: 2->2
[2023-09-20T14:41:27.258+0800][gc,heap     ] GC(13) Humongous regions: 5->5
[2023-09-20T14:41:27.258+0800][gc,metaspace] GC(13) Metaspace: 58240K(58752K)->58240K(58752K) NonClass: 50953K(51200K)->50953K(51200K) Class: 7286K(7552K)->7286K(7552K)
[2023-09-20T14:41:27.258+0800][gc          ] GC(13) Pause Young (Normal) (G1 Evacuation Pause) 268M->36M(512M) 19.635ms
[2023-09-20T14:41:27.258+0800][gc,cpu      ] GC(13) User=0.07s Sys=0.00s Real=0.02s
[2023-09-20T14:42:20.942+0800][gc,start    ] GC(14) Pause Young (Concurrent Start) (Metadata GC Threshold)
[2023-09-20T14:42:20.942+0800][gc,task     ] GC(14) Using 8 workers of 8 for evacuation
[2023-09-20T14:42:20.958+0800][gc,phases   ] GC(14)   Pre Evacuate Collection Set: 0.2ms
[2023-09-20T14:42:20.958+0800][gc,phases   ] GC(14)   Merge Heap Roots: 0.1ms
[2023-09-20T14:42:20.958+0800][gc,phases   ] GC(14)   Evacuate Collection Set: 13.0ms
[2023-09-20T14:42:20.958+0800][gc,phases   ] GC(14)   Post Evacuate Collection Set: 2.5ms
[2023-09-20T14:42:20.958+0800][gc,phases   ] GC(14)   Other: 0.2ms
[2023-09-20T14:42:20.958+0800][gc,heap     ] GC(14) Eden regions: 69->0(239)
[2023-09-20T14:42:20.958+0800][gc,heap     ] GC(14) Survivor regions: 19->17(32)
[2023-09-20T14:42:20.958+0800][gc,heap     ] GC(14) Old regions: 12->16
[2023-09-20T14:42:20.958+0800][gc,heap     ] GC(14) Archive regions: 2->2
[2023-09-20T14:42:20.958+0800][gc,heap     ] GC(14) Humongous regions: 15->15
[2023-09-20T14:42:20.958+0800][gc,metaspace] GC(14) Metaspace: 59923K(60416K)->59923K(60416K) NonClass: 52470K(52736K)->52470K(52736K) Class: 7453K(7680K)->7453K(7680K)
[2023-09-20T14:42:20.958+0800][gc          ] GC(14) Pause Young (Concurrent Start) (Metadata GC Threshold) 115M->48M(512M) 16.145ms
[2023-09-20T14:42:20.958+0800][gc,cpu      ] GC(14) User=0.03s Sys=0.01s Real=0.01s
[2023-09-20T14:42:20.958+0800][gc          ] GC(15) Concurrent Mark Cycle
[2023-09-20T14:42:20.958+0800][gc,marking  ] GC(15) Concurrent Clear Claimed Marks
[2023-09-20T14:42:20.958+0800][gc,marking  ] GC(15) Concurrent Clear Claimed Marks 0.033ms
[2023-09-20T14:42:20.958+0800][gc,marking  ] GC(15) Concurrent Scan Root Regions
[2023-09-20T14:42:20.969+0800][gc,marking  ] GC(15) Concurrent Scan Root Regions 10.301ms
[2023-09-20T14:42:20.969+0800][gc,marking  ] GC(15) Concurrent Mark
[2023-09-20T14:42:20.969+0800][gc,marking  ] GC(15) Concurrent Mark From Roots
[2023-09-20T14:42:20.969+0800][gc,task     ] GC(15) Using 2 workers of 2 for marking
[2023-09-20T14:42:20.977+0800][gc,marking  ] GC(15) Concurrent Mark From Roots 8.423ms
[2023-09-20T14:42:20.977+0800][gc,marking  ] GC(15) Concurrent Preclean
[2023-09-20T14:42:20.977+0800][gc,marking  ] GC(15) Concurrent Preclean 0.041ms
[2023-09-20T14:42:20.977+0800][gc,start    ] GC(15) Pause Remark
[2023-09-20T14:42:20.981+0800][gc          ] GC(15) Pause Remark 50M->50M(512M) 3.759ms
[2023-09-20T14:42:20.981+0800][gc,cpu      ] GC(15) User=0.01s Sys=0.00s Real=0.01s
[2023-09-20T14:42:20.981+0800][gc,marking  ] GC(15) Concurrent Mark 12.691ms
[2023-09-20T14:42:20.981+0800][gc,marking  ] GC(15) Concurrent Rebuild Remembered Sets
[2023-09-20T14:42:20.986+0800][gc,marking  ] GC(15) Concurrent Rebuild Remembered Sets 4.411ms
[2023-09-20T14:42:20.986+0800][gc,start    ] GC(15) Pause Cleanup
[2023-09-20T14:42:20.986+0800][gc          ] GC(15) Pause Cleanup 51M->51M(512M) 0.097ms
[2023-09-20T14:42:20.986+0800][gc,cpu      ] GC(15) User=0.00s Sys=0.00s Real=0.00s
[2023-09-20T14:42:20.986+0800][gc,marking  ] GC(15) Concurrent Cleanup for Next Mark
[2023-09-20T14:42:20.988+0800][gc,marking  ] GC(15) Concurrent Cleanup for Next Mark 2.080ms
[2023-09-20T14:42:20.988+0800][gc          ] GC(15) Concurrent Mark Cycle 29.983ms
[2023-09-20T14:48:55.810+0800][gc,heap,exit] Heap
[2023-09-20T14:48:55.810+0800][gc,heap,exit]  garbage-first heap   total 524288K, used 221496K [0x00000007e0000000, 0x0000000800000000)
[2023-09-20T14:48:55.810+0800][gc,heap,exit]   region size 1024K, 186 young (190464K), 17 survivors (17408K)
[2023-09-20T14:48:55.810+0800][gc,heap,exit]  Metaspace       used 65644K, committed 66240K, reserved 1114112K
[2023-09-20T14:48:55.810+0800][gc,heap,exit]   class space    used 7942K, committed 8256K, reserved 1048576K
