[2023-08-13T15:04:55.465+0800][gc] Using G1
[2023-08-13T15:04:55.465+0800][gc,init] Version: 17.0.7+8-LTS-224 (release)
[2023-08-13T15:04:55.465+0800][gc,init] CPUs: 8 total, 8 available
[2023-08-13T15:04:55.466+0800][gc,init] Memory: 16384M
[2023-08-13T15:04:55.466+0800][gc,init] Large Page Support: Disabled
[2023-08-13T15:04:55.466+0800][gc,init] NUMA Support: Disabled
[2023-08-13T15:04:55.466+0800][gc,init] Compressed Oops: Enabled (Zero based)
[2023-08-13T15:04:55.466+0800][gc,init] Heap Region Size: 1M
[2023-08-13T15:04:55.466+0800][gc,init] Heap Min Capacity: 512M
[2023-08-13T15:04:55.466+0800][gc,init] Heap Initial Capacity: 512M
[2023-08-13T15:04:55.466+0800][gc,init] Heap Max Capacity: 512M
[2023-08-13T15:04:55.466+0800][gc,init] Pre-touch: Disabled
[2023-08-13T15:04:55.466+0800][gc,init] Parallel Workers: 8
[2023-08-13T15:04:55.466+0800][gc,init] Concurrent Workers: 2
[2023-08-13T15:04:55.466+0800][gc,init] Concurrent Refinement Workers: 8
[2023-08-13T15:04:55.466+0800][gc,init] Periodic GC: Disabled
[2023-08-13T15:04:55.466+0800][gc,metaspace] CDS archive(s) mapped at: [0x0000000800000000-0x0000000800bd8000-0x0000000800bd8000), size 12419072, SharedBaseAddress: 0x0000000800000000, ArchiveRelocationMode: 0.
[2023-08-13T15:04:55.466+0800][gc,metaspace] Compressed class space mapped at: 0x0000000800c00000-0x0000000840c00000, reserved size: 1073741824
[2023-08-13T15:04:55.466+0800][gc,metaspace] Narrow klass base: 0x0000000800000000, Narrow klass shift: 0, Narrow klass range: 0x100000000
[2023-08-13T15:04:55.986+0800][gc,start    ] GC(0) Pause Young (Normal) (G1 Evacuation Pause)
[2023-08-13T15:04:55.987+0800][gc,task     ] GC(0) Using 8 workers of 8 for evacuation
[2023-08-13T15:04:55.989+0800][gc,phases   ] GC(0)   Pre Evacuate Collection Set: 0.1ms
[2023-08-13T15:04:55.989+0800][gc,phases   ] GC(0)   Merge Heap Roots: 0.0ms
[2023-08-13T15:04:55.989+0800][gc,phases   ] GC(0)   Evacuate Collection Set: 2.4ms
[2023-08-13T15:04:55.989+0800][gc,phases   ] GC(0)   Post Evacuate Collection Set: 0.4ms
[2023-08-13T15:04:55.989+0800][gc,phases   ] GC(0)   Other: 0.5ms
[2023-08-13T15:04:55.989+0800][gc,heap     ] GC(0) Eden regions: 256->0(251)
[2023-08-13T15:04:55.989+0800][gc,heap     ] GC(0) Survivor regions: 0->5(32)
[2023-08-13T15:04:55.989+0800][gc,heap     ] GC(0) Old regions: 0->0
[2023-08-13T15:04:55.989+0800][gc,heap     ] GC(0) Archive regions: 2->2
[2023-08-13T15:04:55.989+0800][gc,heap     ] GC(0) Humongous regions: 0->0
[2023-08-13T15:04:55.989+0800][gc,metaspace] GC(0) Metaspace: 7509K(7680K)->7509K(7680K) NonClass: 6625K(6720K)->6625K(6720K) Class: 884K(960K)->884K(960K)
[2023-08-13T15:04:55.990+0800][gc          ] GC(0) Pause Young (Normal) (G1 Evacuation Pause) 256M->5M(512M) 3.467ms
[2023-08-13T15:04:55.990+0800][gc,cpu      ] GC(0) User=0.01s Sys=0.00s Real=0.01s
[2023-08-13T15:04:56.312+0800][gc,start    ] GC(1) Pause Young (Normal) (G1 Evacuation Pause)
[2023-08-13T15:04:56.312+0800][gc,task     ] GC(1) Using 8 workers of 8 for evacuation
[2023-08-13T15:04:56.314+0800][gc,phases   ] GC(1)   Pre Evacuate Collection Set: 0.1ms
[2023-08-13T15:04:56.314+0800][gc,phases   ] GC(1)   Merge Heap Roots: 0.1ms
[2023-08-13T15:04:56.314+0800][gc,phases   ] GC(1)   Evacuate Collection Set: 1.8ms
[2023-08-13T15:04:56.314+0800][gc,phases   ] GC(1)   Post Evacuate Collection Set: 0.3ms
[2023-08-13T15:04:56.314+0800][gc,phases   ] GC(1)   Other: 0.1ms
[2023-08-13T15:04:56.314+0800][gc,heap     ] GC(1) Eden regions: 251->0(249)
[2023-08-13T15:04:56.314+0800][gc,heap     ] GC(1) Survivor regions: 5->7(32)
[2023-08-13T15:04:56.314+0800][gc,heap     ] GC(1) Old regions: 0->0
[2023-08-13T15:04:56.314+0800][gc,heap     ] GC(1) Archive regions: 2->2
[2023-08-13T15:04:56.314+0800][gc,heap     ] GC(1) Humongous regions: 0->0
[2023-08-13T15:04:56.314+0800][gc,metaspace] GC(1) Metaspace: 12273K(12544K)->12273K(12544K) NonClass: 10806K(10944K)->10806K(10944K) Class: 1467K(1600K)->1467K(1600K)
[2023-08-13T15:04:56.314+0800][gc          ] GC(1) Pause Young (Normal) (G1 Evacuation Pause) 256M->7M(512M) 2.496ms
[2023-08-13T15:04:56.314+0800][gc,cpu      ] GC(1) User=0.02s Sys=0.00s Real=0.00s
[2023-08-13T15:04:56.494+0800][gc,start    ] GC(2) Pause Young (Normal) (G1 Evacuation Pause)
[2023-08-13T15:04:56.494+0800][gc,task     ] GC(2) Using 8 workers of 8 for evacuation
[2023-08-13T15:04:56.497+0800][gc,phases   ] GC(2)   Pre Evacuate Collection Set: 0.1ms
[2023-08-13T15:04:56.497+0800][gc,phases   ] GC(2)   Merge Heap Roots: 0.1ms
[2023-08-13T15:04:56.497+0800][gc,phases   ] GC(2)   Evacuate Collection Set: 2.7ms
[2023-08-13T15:04:56.498+0800][gc,phases   ] GC(2)   Post Evacuate Collection Set: 0.3ms
[2023-08-13T15:04:56.498+0800][gc,phases   ] GC(2)   Other: 0.1ms
[2023-08-13T15:04:56.498+0800][gc,heap     ] GC(2) Eden regions: 249->0(248)
[2023-08-13T15:04:56.498+0800][gc,heap     ] GC(2) Survivor regions: 7->8(32)
[2023-08-13T15:04:56.498+0800][gc,heap     ] GC(2) Old regions: 0->0
[2023-08-13T15:04:56.498+0800][gc,heap     ] GC(2) Archive regions: 2->2
[2023-08-13T15:04:56.498+0800][gc,heap     ] GC(2) Humongous regions: 0->0
[2023-08-13T15:04:56.498+0800][gc,metaspace] GC(2) Metaspace: 17886K(18112K)->17886K(18112K) NonClass: 15727K(15808K)->15727K(15808K) Class: 2159K(2304K)->2159K(2304K)
[2023-08-13T15:04:56.498+0800][gc          ] GC(2) Pause Young (Normal) (G1 Evacuation Pause) 256M->8M(512M) 3.263ms
[2023-08-13T15:04:56.498+0800][gc,cpu      ] GC(2) User=0.01s Sys=0.01s Real=0.00s
[2023-08-13T15:04:56.758+0800][gc,start    ] GC(3) Pause Young (Normal) (G1 Evacuation Pause)
[2023-08-13T15:04:56.758+0800][gc,task     ] GC(3) Using 8 workers of 8 for evacuation
[2023-08-13T15:04:56.761+0800][gc,phases   ] GC(3)   Pre Evacuate Collection Set: 0.1ms
[2023-08-13T15:04:56.761+0800][gc,phases   ] GC(3)   Merge Heap Roots: 0.1ms
[2023-08-13T15:04:56.761+0800][gc,phases   ] GC(3)   Evacuate Collection Set: 2.6ms
[2023-08-13T15:04:56.761+0800][gc,phases   ] GC(3)   Post Evacuate Collection Set: 0.4ms
[2023-08-13T15:04:56.761+0800][gc,phases   ] GC(3)   Other: 0.1ms
[2023-08-13T15:04:56.761+0800][gc,heap     ] GC(3) Eden regions: 248->0(245)
[2023-08-13T15:04:56.761+0800][gc,heap     ] GC(3) Survivor regions: 8->11(32)
[2023-08-13T15:04:56.761+0800][gc,heap     ] GC(3) Old regions: 0->0
[2023-08-13T15:04:56.761+0800][gc,heap     ] GC(3) Archive regions: 2->2
[2023-08-13T15:04:56.761+0800][gc,heap     ] GC(3) Humongous regions: 0->0
[2023-08-13T15:04:56.761+0800][gc,metaspace] GC(3) Metaspace: 20136K(20480K)->20136K(20480K) NonClass: 17753K(17920K)->17753K(17920K) Class: 2382K(2560K)->2382K(2560K)
[2023-08-13T15:04:56.761+0800][gc          ] GC(3) Pause Young (Normal) (G1 Evacuation Pause) 256M->11M(512M) 3.310ms
[2023-08-13T15:04:56.761+0800][gc,cpu      ] GC(3) User=0.02s Sys=0.01s Real=0.01s
[2023-08-13T15:04:56.872+0800][gc,start    ] GC(4) Pause Young (Normal) (G1 Evacuation Pause)
[2023-08-13T15:04:56.872+0800][gc,task     ] GC(4) Using 8 workers of 8 for evacuation
[2023-08-13T15:04:56.875+0800][gc,phases   ] GC(4)   Pre Evacuate Collection Set: 0.1ms
[2023-08-13T15:04:56.875+0800][gc,phases   ] GC(4)   Merge Heap Roots: 0.1ms
[2023-08-13T15:04:56.875+0800][gc,phases   ] GC(4)   Evacuate Collection Set: 2.8ms
[2023-08-13T15:04:56.875+0800][gc,phases   ] GC(4)   Post Evacuate Collection Set: 0.3ms
[2023-08-13T15:04:56.875+0800][gc,phases   ] GC(4)   Other: 0.1ms
[2023-08-13T15:04:56.875+0800][gc,heap     ] GC(4) Eden regions: 245->0(244)
[2023-08-13T15:04:56.875+0800][gc,heap     ] GC(4) Survivor regions: 11->12(32)
[2023-08-13T15:04:56.875+0800][gc,heap     ] GC(4) Old regions: 0->0
[2023-08-13T15:04:56.875+0800][gc,heap     ] GC(4) Archive regions: 2->2
[2023-08-13T15:04:56.875+0800][gc,heap     ] GC(4) Humongous regions: 0->0
[2023-08-13T15:04:56.875+0800][gc,metaspace] GC(4) Metaspace: 20287K(20608K)->20287K(20608K) NonClass: 17884K(18048K)->17884K(18048K) Class: 2402K(2560K)->2402K(2560K)
[2023-08-13T15:04:56.875+0800][gc          ] GC(4) Pause Young (Normal) (G1 Evacuation Pause) 256M->12M(512M) 3.381ms
[2023-08-13T15:04:56.875+0800][gc,cpu      ] GC(4) User=0.02s Sys=0.00s Real=0.00s
[2023-08-13T15:04:57.040+0800][gc,start    ] GC(5) Pause Young (Concurrent Start) (Metadata GC Threshold)
[2023-08-13T15:04:57.041+0800][gc,task     ] GC(5) Using 8 workers of 8 for evacuation
[2023-08-13T15:04:57.044+0800][gc,phases   ] GC(5)   Pre Evacuate Collection Set: 0.1ms
[2023-08-13T15:04:57.044+0800][gc,phases   ] GC(5)   Merge Heap Roots: 0.1ms
[2023-08-13T15:04:57.044+0800][gc,phases   ] GC(5)   Evacuate Collection Set: 3.2ms
[2023-08-13T15:04:57.044+0800][gc,phases   ] GC(5)   Post Evacuate Collection Set: 0.3ms
[2023-08-13T15:04:57.044+0800][gc,phases   ] GC(5)   Other: 0.1ms
[2023-08-13T15:04:57.044+0800][gc,heap     ] GC(5) Eden regions: 146->0(244)
[2023-08-13T15:04:57.044+0800][gc,heap     ] GC(5) Survivor regions: 12->12(32)
[2023-08-13T15:04:57.044+0800][gc,heap     ] GC(5) Old regions: 0->0
[2023-08-13T15:04:57.044+0800][gc,heap     ] GC(5) Archive regions: 2->2
[2023-08-13T15:04:57.044+0800][gc,heap     ] GC(5) Humongous regions: 0->0
[2023-08-13T15:04:57.044+0800][gc,metaspace] GC(5) Metaspace: 21206K(21504K)->21206K(21504K) NonClass: 18694K(18816K)->18694K(18816K) Class: 2512K(2688K)->2512K(2688K)
[2023-08-13T15:04:57.044+0800][gc          ] GC(5) Pause Young (Concurrent Start) (Metadata GC Threshold) 158M->12M(512M) 3.890ms
[2023-08-13T15:04:57.044+0800][gc,cpu      ] GC(5) User=0.02s Sys=0.00s Real=0.00s
[2023-08-13T15:04:57.044+0800][gc          ] GC(6) Concurrent Mark Cycle
[2023-08-13T15:04:57.044+0800][gc,marking  ] GC(6) Concurrent Clear Claimed Marks
[2023-08-13T15:04:57.044+0800][gc,marking  ] GC(6) Concurrent Clear Claimed Marks 0.013ms
[2023-08-13T15:04:57.044+0800][gc,marking  ] GC(6) Concurrent Scan Root Regions
[2023-08-13T15:04:57.046+0800][gc,marking  ] GC(6) Concurrent Scan Root Regions 1.936ms
[2023-08-13T15:04:57.046+0800][gc,marking  ] GC(6) Concurrent Mark
[2023-08-13T15:04:57.046+0800][gc,marking  ] GC(6) Concurrent Mark From Roots
[2023-08-13T15:04:57.046+0800][gc,task     ] GC(6) Using 2 workers of 2 for marking
[2023-08-13T15:04:57.047+0800][gc,marking  ] GC(6) Concurrent Mark From Roots 0.617ms
[2023-08-13T15:04:57.047+0800][gc,marking  ] GC(6) Concurrent Preclean
[2023-08-13T15:04:57.047+0800][gc,marking  ] GC(6) Concurrent Preclean 0.014ms
[2023-08-13T15:04:57.047+0800][gc,start    ] GC(6) Pause Remark
[2023-08-13T15:04:57.048+0800][gc          ] GC(6) Pause Remark 14M->14M(512M) 1.100ms
[2023-08-13T15:04:57.048+0800][gc,cpu      ] GC(6) User=0.01s Sys=0.00s Real=0.00s
[2023-08-13T15:04:57.048+0800][gc,marking  ] GC(6) Concurrent Mark 1.852ms
[2023-08-13T15:04:57.048+0800][gc,marking  ] GC(6) Concurrent Rebuild Remembered Sets
[2023-08-13T15:04:57.048+0800][gc,marking  ] GC(6) Concurrent Rebuild Remembered Sets 0.005ms
[2023-08-13T15:04:57.048+0800][gc,start    ] GC(6) Pause Cleanup
[2023-08-13T15:04:57.048+0800][gc          ] GC(6) Pause Cleanup 14M->14M(512M) 0.012ms
[2023-08-13T15:04:57.048+0800][gc,cpu      ] GC(6) User=0.00s Sys=0.00s Real=0.00s
[2023-08-13T15:04:57.048+0800][gc,marking  ] GC(6) Concurrent Cleanup for Next Mark
[2023-08-13T15:04:57.049+0800][gc,marking  ] GC(6) Concurrent Cleanup for Next Mark 0.706ms
[2023-08-13T15:04:57.049+0800][gc          ] GC(6) Concurrent Mark Cycle 4.699ms
[2023-08-13T15:04:57.409+0800][gc,start    ] GC(7) Pause Young (Normal) (G1 Evacuation Pause)
[2023-08-13T15:04:57.409+0800][gc,task     ] GC(7) Using 8 workers of 8 for evacuation
[2023-08-13T15:04:57.413+0800][gc,phases   ] GC(7)   Pre Evacuate Collection Set: 0.1ms
[2023-08-13T15:04:57.413+0800][gc,phases   ] GC(7)   Merge Heap Roots: 0.0ms
[2023-08-13T15:04:57.413+0800][gc,phases   ] GC(7)   Evacuate Collection Set: 3.3ms
[2023-08-13T15:04:57.413+0800][gc,phases   ] GC(7)   Post Evacuate Collection Set: 0.4ms
[2023-08-13T15:04:57.413+0800][gc,phases   ] GC(7)   Other: 0.1ms
[2023-08-13T15:04:57.413+0800][gc,heap     ] GC(7) Eden regions: 244->0(242)
[2023-08-13T15:04:57.413+0800][gc,heap     ] GC(7) Survivor regions: 12->14(32)
[2023-08-13T15:04:57.413+0800][gc,heap     ] GC(7) Old regions: 0->0
[2023-08-13T15:04:57.413+0800][gc,heap     ] GC(7) Archive regions: 2->2
[2023-08-13T15:04:57.413+0800][gc,heap     ] GC(7) Humongous regions: 0->0
[2023-08-13T15:04:57.413+0800][gc,metaspace] GC(7) Metaspace: 25843K(26176K)->25843K(26176K) NonClass: 22677K(22848K)->22677K(22848K) Class: 3166K(3328K)->3166K(3328K)
[2023-08-13T15:04:57.413+0800][gc          ] GC(7) Pause Young (Normal) (G1 Evacuation Pause) 256M->14M(512M) 4.066ms
[2023-08-13T15:04:57.413+0800][gc,cpu      ] GC(7) User=0.02s Sys=0.00s Real=0.01s
[2023-08-13T15:04:57.846+0800][gc,start    ] GC(8) Pause Young (Normal) (G1 Evacuation Pause)
[2023-08-13T15:04:57.846+0800][gc,task     ] GC(8) Using 8 workers of 8 for evacuation
[2023-08-13T15:04:57.851+0800][gc,phases   ] GC(8)   Pre Evacuate Collection Set: 0.1ms
[2023-08-13T15:04:57.851+0800][gc,phases   ] GC(8)   Merge Heap Roots: 0.0ms
[2023-08-13T15:04:57.851+0800][gc,phases   ] GC(8)   Evacuate Collection Set: 4.0ms
[2023-08-13T15:04:57.851+0800][gc,phases   ] GC(8)   Post Evacuate Collection Set: 0.5ms
[2023-08-13T15:04:57.851+0800][gc,phases   ] GC(8)   Other: 0.1ms
[2023-08-13T15:04:57.851+0800][gc,heap     ] GC(8) Eden regions: 242->0(239)
[2023-08-13T15:04:57.851+0800][gc,heap     ] GC(8) Survivor regions: 14->17(32)
[2023-08-13T15:04:57.851+0800][gc,heap     ] GC(8) Old regions: 0->0
[2023-08-13T15:04:57.851+0800][gc,heap     ] GC(8) Archive regions: 2->2
[2023-08-13T15:04:57.851+0800][gc,heap     ] GC(8) Humongous regions: 0->0
[2023-08-13T15:04:57.851+0800][gc,metaspace] GC(8) Metaspace: 32162K(32512K)->32162K(32512K) NonClass: 28216K(28352K)->28216K(28352K) Class: 3945K(4160K)->3945K(4160K)
[2023-08-13T15:04:57.851+0800][gc          ] GC(8) Pause Young (Normal) (G1 Evacuation Pause) 256M->17M(512M) 4.742ms
[2023-08-13T15:04:57.851+0800][gc,cpu      ] GC(8) User=0.03s Sys=0.00s Real=0.01s
[2023-08-13T15:04:58.084+0800][gc,start    ] GC(9) Pause Young (Concurrent Start) (Metadata GC Threshold)
[2023-08-13T15:04:58.084+0800][gc,task     ] GC(9) Using 8 workers of 8 for evacuation
[2023-08-13T15:04:58.089+0800][gc,phases   ] GC(9)   Pre Evacuate Collection Set: 0.1ms
[2023-08-13T15:04:58.089+0800][gc,phases   ] GC(9)   Merge Heap Roots: 0.0ms
[2023-08-13T15:04:58.090+0800][gc,phases   ] GC(9)   Evacuate Collection Set: 4.3ms
[2023-08-13T15:04:58.090+0800][gc,phases   ] GC(9)   Post Evacuate Collection Set: 0.5ms
[2023-08-13T15:04:58.090+0800][gc,phases   ] GC(9)   Other: 0.1ms
[2023-08-13T15:04:58.090+0800][gc,heap     ] GC(9) Eden regions: 105->0(237)
[2023-08-13T15:04:58.090+0800][gc,heap     ] GC(9) Survivor regions: 17->19(32)
[2023-08-13T15:04:58.090+0800][gc,heap     ] GC(9) Old regions: 0->0
[2023-08-13T15:04:58.090+0800][gc,heap     ] GC(9) Archive regions: 2->2
[2023-08-13T15:04:58.090+0800][gc,heap     ] GC(9) Humongous regions: 0->0
[2023-08-13T15:04:58.090+0800][gc,metaspace] GC(9) Metaspace: 35564K(35968K)->35564K(35968K) NonClass: 31181K(31360K)->31181K(31360K) Class: 4383K(4608K)->4383K(4608K)
[2023-08-13T15:04:58.090+0800][gc          ] GC(9) Pause Young (Concurrent Start) (Metadata GC Threshold) 122M->19M(512M) 5.096ms
[2023-08-13T15:04:58.090+0800][gc,cpu      ] GC(9) User=0.03s Sys=0.00s Real=0.01s
[2023-08-13T15:04:58.090+0800][gc          ] GC(10) Concurrent Mark Cycle
[2023-08-13T15:04:58.090+0800][gc,marking  ] GC(10) Concurrent Clear Claimed Marks
[2023-08-13T15:04:58.090+0800][gc,marking  ] GC(10) Concurrent Clear Claimed Marks 0.022ms
[2023-08-13T15:04:58.090+0800][gc,marking  ] GC(10) Concurrent Scan Root Regions
[2023-08-13T15:04:58.093+0800][gc,marking  ] GC(10) Concurrent Scan Root Regions 3.497ms
[2023-08-13T15:04:58.093+0800][gc,marking  ] GC(10) Concurrent Mark
[2023-08-13T15:04:58.093+0800][gc,marking  ] GC(10) Concurrent Mark From Roots
[2023-08-13T15:04:58.093+0800][gc,task     ] GC(10) Using 2 workers of 2 for marking
[2023-08-13T15:04:58.094+0800][gc,marking  ] GC(10) Concurrent Mark From Roots 1.134ms
[2023-08-13T15:04:58.094+0800][gc,marking  ] GC(10) Concurrent Preclean
[2023-08-13T15:04:58.094+0800][gc,marking  ] GC(10) Concurrent Preclean 0.013ms
[2023-08-13T15:04:58.094+0800][gc,start    ] GC(10) Pause Remark
[2023-08-13T15:04:58.095+0800][gc          ] GC(10) Pause Remark 24M->24M(512M) 1.103ms
[2023-08-13T15:04:58.096+0800][gc,cpu      ] GC(10) User=0.01s Sys=0.00s Real=0.00s
[2023-08-13T15:04:58.096+0800][gc,marking  ] GC(10) Concurrent Mark 2.423ms
[2023-08-13T15:04:58.096+0800][gc,marking  ] GC(10) Concurrent Rebuild Remembered Sets
[2023-08-13T15:04:58.096+0800][gc,marking  ] GC(10) Concurrent Rebuild Remembered Sets 0.004ms
[2023-08-13T15:04:58.096+0800][gc,start    ] GC(10) Pause Cleanup
[2023-08-13T15:04:58.096+0800][gc          ] GC(10) Pause Cleanup 24M->24M(512M) 0.012ms
[2023-08-13T15:04:58.096+0800][gc,cpu      ] GC(10) User=0.00s Sys=0.00s Real=0.00s
[2023-08-13T15:04:58.096+0800][gc,marking  ] GC(10) Concurrent Cleanup for Next Mark
[2023-08-13T15:04:58.097+0800][gc,marking  ] GC(10) Concurrent Cleanup for Next Mark 0.920ms
[2023-08-13T15:04:58.097+0800][gc          ] GC(10) Concurrent Mark Cycle 7.063ms
[2023-08-13T15:04:58.649+0800][gc,start    ] GC(11) Pause Young (Normal) (G1 Evacuation Pause)
[2023-08-13T15:04:58.649+0800][gc,task     ] GC(11) Using 8 workers of 8 for evacuation
[2023-08-13T15:04:58.656+0800][gc,phases   ] GC(11)   Pre Evacuate Collection Set: 0.0ms
[2023-08-13T15:04:58.656+0800][gc,phases   ] GC(11)   Merge Heap Roots: 0.0ms
[2023-08-13T15:04:58.656+0800][gc,phases   ] GC(11)   Evacuate Collection Set: 6.1ms
[2023-08-13T15:04:58.656+0800][gc,phases   ] GC(11)   Post Evacuate Collection Set: 0.6ms
[2023-08-13T15:04:58.656+0800][gc,phases   ] GC(11)   Other: 0.1ms
[2023-08-13T15:04:58.656+0800][gc,heap     ] GC(11) Eden regions: 237->0(236)
[2023-08-13T15:04:58.656+0800][gc,heap     ] GC(11) Survivor regions: 19->20(32)
[2023-08-13T15:04:58.656+0800][gc,heap     ] GC(11) Old regions: 0->4
[2023-08-13T15:04:58.656+0800][gc,heap     ] GC(11) Archive regions: 2->2
[2023-08-13T15:04:58.656+0800][gc,heap     ] GC(11) Humongous regions: 0->0
[2023-08-13T15:04:58.656+0800][gc,metaspace] GC(11) Metaspace: 47134K(47552K)->47134K(47552K) NonClass: 41353K(41536K)->41353K(41536K) Class: 5780K(6016K)->5780K(6016K)
[2023-08-13T15:04:58.656+0800][gc          ] GC(11) Pause Young (Normal) (G1 Evacuation Pause) 256M->24M(512M) 6.986ms
[2023-08-13T15:04:58.656+0800][gc,cpu      ] GC(11) User=0.04s Sys=0.01s Real=0.01s
[2023-08-13T15:04:59.072+0800][gc,start    ] GC(12) Pause Young (Normal) (G1 Evacuation Pause)
[2023-08-13T15:04:59.072+0800][gc,task     ] GC(12) Using 8 workers of 8 for evacuation
[2023-08-13T15:04:59.078+0800][gc,phases   ] GC(12)   Pre Evacuate Collection Set: 0.1ms
[2023-08-13T15:04:59.078+0800][gc,phases   ] GC(12)   Merge Heap Roots: 0.1ms
[2023-08-13T15:04:59.078+0800][gc,phases   ] GC(12)   Evacuate Collection Set: 5.2ms
[2023-08-13T15:04:59.078+0800][gc,phases   ] GC(12)   Post Evacuate Collection Set: 0.6ms
[2023-08-13T15:04:59.078+0800][gc,phases   ] GC(12)   Other: 0.1ms
[2023-08-13T15:04:59.078+0800][gc,heap     ] GC(12) Eden regions: 236->0(234)
[2023-08-13T15:04:59.078+0800][gc,heap     ] GC(12) Survivor regions: 20->22(32)
[2023-08-13T15:04:59.078+0800][gc,heap     ] GC(12) Old regions: 4->8
[2023-08-13T15:04:59.078+0800][gc,heap     ] GC(12) Archive regions: 2->2
[2023-08-13T15:04:59.078+0800][gc,heap     ] GC(12) Humongous regions: 5->5
[2023-08-13T15:04:59.078+0800][gc,metaspace] GC(12) Metaspace: 53083K(53632K)->53083K(53632K) NonClass: 46519K(46784K)->46519K(46784K) Class: 6563K(6848K)->6563K(6848K)
[2023-08-13T15:04:59.078+0800][gc          ] GC(12) Pause Young (Normal) (G1 Evacuation Pause) 265M->35M(512M) 6.149ms
[2023-08-13T15:04:59.078+0800][gc,cpu      ] GC(12) User=0.04s Sys=0.00s Real=0.00s
[2023-08-13T15:05:09.573+0800][gc,start    ] GC(13) Pause Young (Normal) (G1 Evacuation Pause)
[2023-08-13T15:05:09.573+0800][gc,task     ] GC(13) Using 8 workers of 8 for evacuation
[2023-08-13T15:05:09.586+0800][gc,phases   ] GC(13)   Pre Evacuate Collection Set: 0.2ms
[2023-08-13T15:05:09.586+0800][gc,phases   ] GC(13)   Merge Heap Roots: 0.1ms
[2023-08-13T15:05:09.586+0800][gc,phases   ] GC(13)   Evacuate Collection Set: 9.3ms
[2023-08-13T15:05:09.586+0800][gc,phases   ] GC(13)   Post Evacuate Collection Set: 3.3ms
[2023-08-13T15:05:09.586+0800][gc,phases   ] GC(13)   Other: 0.2ms
[2023-08-13T15:05:09.586+0800][gc,heap     ] GC(13) Eden regions: 234->0(236)
[2023-08-13T15:05:09.586+0800][gc,heap     ] GC(13) Survivor regions: 22->20(32)
[2023-08-13T15:05:09.586+0800][gc,heap     ] GC(13) Old regions: 8->13
[2023-08-13T15:05:09.586+0800][gc,heap     ] GC(13) Archive regions: 2->2
[2023-08-13T15:05:09.586+0800][gc,heap     ] GC(13) Humongous regions: 6->6
[2023-08-13T15:05:09.586+0800][gc,metaspace] GC(13) Metaspace: 58198K(58752K)->58198K(58752K) NonClass: 50924K(51200K)->50924K(51200K) Class: 7273K(7552K)->7273K(7552K)
[2023-08-13T15:05:09.586+0800][gc          ] GC(13) Pause Young (Normal) (G1 Evacuation Pause) 270M->38M(512M) 13.235ms
[2023-08-13T15:05:09.586+0800][gc,cpu      ] GC(13) User=0.04s Sys=0.00s Real=0.01s
[2023-08-13T15:05:09.773+0800][gc,start    ] GC(14) Pause Young (Concurrent Start) (Metadata GC Threshold)
[2023-08-13T15:05:09.773+0800][gc,task     ] GC(14) Using 8 workers of 8 for evacuation
[2023-08-13T15:05:09.782+0800][gc,phases   ] GC(14)   Pre Evacuate Collection Set: 0.2ms
[2023-08-13T15:05:09.782+0800][gc,phases   ] GC(14)   Merge Heap Roots: 0.1ms
[2023-08-13T15:05:09.782+0800][gc,phases   ] GC(14)   Evacuate Collection Set: 6.9ms
[2023-08-13T15:05:09.782+0800][gc,phases   ] GC(14)   Post Evacuate Collection Set: 1.6ms
[2023-08-13T15:05:09.782+0800][gc,phases   ] GC(14)   Other: 0.4ms
[2023-08-13T15:05:09.783+0800][gc,heap     ] GC(14) Eden regions: 51->0(239)
[2023-08-13T15:05:09.783+0800][gc,heap     ] GC(14) Survivor regions: 20->17(32)
[2023-08-13T15:05:09.783+0800][gc,heap     ] GC(14) Old regions: 13->16
[2023-08-13T15:05:09.783+0800][gc,heap     ] GC(14) Archive regions: 2->2
[2023-08-13T15:05:09.783+0800][gc,heap     ] GC(14) Humongous regions: 7->7
[2023-08-13T15:05:09.783+0800][gc,metaspace] GC(14) Metaspace: 59932K(60416K)->59932K(60416K) NonClass: 52444K(52672K)->52444K(52672K) Class: 7487K(7744K)->7487K(7744K)
[2023-08-13T15:05:09.783+0800][gc          ] GC(14) Pause Young (Concurrent Start) (Metadata GC Threshold) 90M->39M(512M) 9.824ms
[2023-08-13T15:05:09.783+0800][gc,cpu      ] GC(14) User=0.03s Sys=0.00s Real=0.01s
[2023-08-13T15:05:09.784+0800][gc          ] GC(15) Concurrent Mark Cycle
[2023-08-13T15:05:09.784+0800][gc,marking  ] GC(15) Concurrent Clear Claimed Marks
[2023-08-13T15:05:09.784+0800][gc,marking  ] GC(15) Concurrent Clear Claimed Marks 0.050ms
[2023-08-13T15:05:09.784+0800][gc,marking  ] GC(15) Concurrent Scan Root Regions
[2023-08-13T15:05:09.795+0800][gc,marking  ] GC(15) Concurrent Scan Root Regions 10.999ms
[2023-08-13T15:05:09.795+0800][gc,marking  ] GC(15) Concurrent Mark
[2023-08-13T15:05:09.795+0800][gc,marking  ] GC(15) Concurrent Mark From Roots
[2023-08-13T15:05:09.795+0800][gc,task     ] GC(15) Using 2 workers of 2 for marking
[2023-08-13T15:05:09.809+0800][gc,marking  ] GC(15) Concurrent Mark From Roots 13.879ms
[2023-08-13T15:05:09.809+0800][gc,marking  ] GC(15) Concurrent Preclean
[2023-08-13T15:05:09.809+0800][gc,marking  ] GC(15) Concurrent Preclean 0.060ms
[2023-08-13T15:05:09.809+0800][gc,start    ] GC(15) Pause Remark
[2023-08-13T15:05:09.819+0800][gc          ] GC(15) Pause Remark 50M->50M(512M) 10.147ms
[2023-08-13T15:05:09.820+0800][gc,cpu      ] GC(15) User=0.01s Sys=0.00s Real=0.02s
[2023-08-13T15:05:09.825+0800][gc,marking  ] GC(15) Concurrent Mark 30.435ms
[2023-08-13T15:05:09.826+0800][gc,marking  ] GC(15) Concurrent Rebuild Remembered Sets
[2023-08-13T15:05:09.831+0800][gc,marking  ] GC(15) Concurrent Rebuild Remembered Sets 5.834ms
[2023-08-13T15:05:09.832+0800][gc,start    ] GC(15) Pause Cleanup
[2023-08-13T15:05:09.832+0800][gc          ] GC(15) Pause Cleanup 52M->52M(512M) 0.244ms
[2023-08-13T15:05:09.832+0800][gc,cpu      ] GC(15) User=0.00s Sys=0.00s Real=0.00s
[2023-08-13T15:05:09.832+0800][gc,marking  ] GC(15) Concurrent Cleanup for Next Mark
[2023-08-13T15:05:09.837+0800][gc,marking  ] GC(15) Concurrent Cleanup for Next Mark 5.472ms
[2023-08-13T15:05:09.838+0800][gc          ] GC(15) Concurrent Mark Cycle 53.933ms
[2023-08-13T17:43:33.112+0800][gc,start    ] GC(16) Pause Young (Normal) (G1 Evacuation Pause)
[2023-08-13T17:43:33.113+0800][gc,task     ] GC(16) Using 8 workers of 8 for evacuation
[2023-08-13T17:43:33.174+0800][gc,phases   ] GC(16)   Pre Evacuate Collection Set: 6.3ms
[2023-08-13T17:43:33.174+0800][gc,phases   ] GC(16)   Merge Heap Roots: 0.8ms
[2023-08-13T17:43:33.174+0800][gc,phases   ] GC(16)   Evacuate Collection Set: 50.0ms
[2023-08-13T17:43:33.174+0800][gc,phases   ] GC(16)   Post Evacuate Collection Set: 3.1ms
[2023-08-13T17:43:33.174+0800][gc,phases   ] GC(16)   Other: 3.8ms
[2023-08-13T17:43:33.174+0800][gc,heap     ] GC(16) Eden regions: 239->0(237)
[2023-08-13T17:43:33.174+0800][gc,heap     ] GC(16) Survivor regions: 17->19(32)
[2023-08-13T17:43:33.174+0800][gc,heap     ] GC(16) Old regions: 16->16
[2023-08-13T17:43:33.174+0800][gc,heap     ] GC(16) Archive regions: 2->2
[2023-08-13T17:43:33.174+0800][gc,heap     ] GC(16) Humongous regions: 9->9
[2023-08-13T17:43:33.174+0800][gc,metaspace] GC(16) Metaspace: 64524K(65152K)->64524K(65152K) NonClass: 56720K(57024K)->56720K(57024K) Class: 7803K(8128K)->7803K(8128K)
[2023-08-13T17:43:33.175+0800][gc          ] GC(16) Pause Young (Normal) (G1 Evacuation Pause) 280M->44M(512M) 62.984ms
[2023-08-13T17:43:33.175+0800][gc,cpu      ] GC(16) User=0.04s Sys=0.09s Real=0.06s
[2023-08-14T10:03:14.682+0800][gc,start    ] GC(17) Pause Young (Normal) (G1 Evacuation Pause)
[2023-08-14T10:03:14.683+0800][gc,task     ] GC(17) Using 8 workers of 8 for evacuation
[2023-08-14T10:03:14.723+0800][gc,phases   ] GC(17)   Pre Evacuate Collection Set: 0.9ms
[2023-08-14T10:03:14.723+0800][gc,phases   ] GC(17)   Merge Heap Roots: 1.6ms
[2023-08-14T10:03:14.723+0800][gc,phases   ] GC(17)   Evacuate Collection Set: 34.0ms
[2023-08-14T10:03:14.723+0800][gc,phases   ] GC(17)   Post Evacuate Collection Set: 2.0ms
[2023-08-14T10:03:14.723+0800][gc,phases   ] GC(17)   Other: 5.1ms
[2023-08-14T10:03:14.723+0800][gc,heap     ] GC(17) Eden regions: 237->0(238)
[2023-08-14T10:03:14.723+0800][gc,heap     ] GC(17) Survivor regions: 19->18(32)
[2023-08-14T10:03:14.723+0800][gc,heap     ] GC(17) Old regions: 16->17
[2023-08-14T10:03:14.723+0800][gc,heap     ] GC(17) Archive regions: 2->2
[2023-08-14T10:03:14.723+0800][gc,heap     ] GC(17) Humongous regions: 9->9
[2023-08-14T10:03:14.723+0800][gc,metaspace] GC(17) Metaspace: 64580K(65152K)->64580K(65152K) NonClass: 56774K(57024K)->56774K(57024K) Class: 7806K(8128K)->7806K(8128K)
[2023-08-14T10:03:14.723+0800][gc          ] GC(17) Pause Young (Normal) (G1 Evacuation Pause) 281M->43M(512M) 42.723ms
[2023-08-14T10:03:14.723+0800][gc,cpu      ] GC(17) User=0.06s Sys=0.09s Real=0.04s
[2023-08-14T16:11:57.362+0800][gc,start    ] GC(18) Pause Young (Normal) (G1 Evacuation Pause)
[2023-08-14T16:11:57.364+0800][gc,task     ] GC(18) Using 8 workers of 8 for evacuation
[2023-08-14T16:11:57.425+0800][gc,phases   ] GC(18)   Pre Evacuate Collection Set: 0.9ms
[2023-08-14T16:11:57.425+0800][gc,phases   ] GC(18)   Merge Heap Roots: 0.8ms
[2023-08-14T16:11:57.425+0800][gc,phases   ] GC(18)   Evacuate Collection Set: 52.3ms
[2023-08-14T16:11:57.425+0800][gc,phases   ] GC(18)   Post Evacuate Collection Set: 5.8ms
[2023-08-14T16:11:57.425+0800][gc,phases   ] GC(18)   Other: 4.4ms
[2023-08-14T16:11:57.425+0800][gc,heap     ] GC(18) Eden regions: 238->0(239)
[2023-08-14T16:11:57.425+0800][gc,heap     ] GC(18) Survivor regions: 18->17(32)
[2023-08-14T16:11:57.425+0800][gc,heap     ] GC(18) Old regions: 17->17
[2023-08-14T16:11:57.425+0800][gc,heap     ] GC(18) Archive regions: 2->2
[2023-08-14T16:11:57.425+0800][gc,heap     ] GC(18) Humongous regions: 9->9
[2023-08-14T16:11:57.425+0800][gc,metaspace] GC(18) Metaspace: 64633K(65280K)->64633K(65280K) NonClass: 56826K(57152K)->56826K(57152K) Class: 7807K(8128K)->7807K(8128K)
[2023-08-14T16:11:57.426+0800][gc          ] GC(18) Pause Young (Normal) (G1 Evacuation Pause) 281M->43M(512M) 63.578ms
[2023-08-14T16:11:57.426+0800][gc,cpu      ] GC(18) User=0.07s Sys=0.17s Real=0.06s
[2023-08-15T11:22:30.614+0800][gc,start    ] GC(19) Pause Young (Normal) (G1 Evacuation Pause)
[2023-08-15T11:22:30.617+0800][gc,task     ] GC(19) Using 8 workers of 8 for evacuation
[2023-08-15T11:22:30.662+0800][gc,phases   ] GC(19)   Pre Evacuate Collection Set: 0.8ms
[2023-08-15T11:22:30.662+0800][gc,phases   ] GC(19)   Merge Heap Roots: 0.5ms
[2023-08-15T11:22:30.662+0800][gc,phases   ] GC(19)   Evacuate Collection Set: 41.4ms
[2023-08-15T11:22:30.662+0800][gc,phases   ] GC(19)   Post Evacuate Collection Set: 2.2ms
[2023-08-15T11:22:30.663+0800][gc,phases   ] GC(19)   Other: 5.0ms
[2023-08-15T11:22:30.663+0800][gc,heap     ] GC(19) Eden regions: 239->0(239)
[2023-08-15T11:22:30.663+0800][gc,heap     ] GC(19) Survivor regions: 17->17(32)
[2023-08-15T11:22:30.663+0800][gc,heap     ] GC(19) Old regions: 17->17
[2023-08-15T11:22:30.663+0800][gc,heap     ] GC(19) Archive regions: 2->2
[2023-08-15T11:22:30.663+0800][gc,heap     ] GC(19) Humongous regions: 9->9
[2023-08-15T11:22:30.663+0800][gc,metaspace] GC(19) Metaspace: 64683K(65280K)->64683K(65280K) NonClass: 56875K(57152K)->56875K(57152K) Class: 7808K(8128K)->7808K(8128K)
[2023-08-15T11:22:30.663+0800][gc          ] GC(19) Pause Young (Normal) (G1 Evacuation Pause) 282M->43M(512M) 49.241ms
[2023-08-15T11:22:30.663+0800][gc,cpu      ] GC(19) User=0.06s Sys=0.13s Real=0.05s
[2023-08-15T16:59:47.424+0800][gc,start    ] GC(20) Pause Young (Normal) (G1 Evacuation Pause)
[2023-08-15T16:59:47.425+0800][gc,task     ] GC(20) Using 8 workers of 8 for evacuation
[2023-08-15T16:59:47.462+0800][gc,phases   ] GC(20)   Pre Evacuate Collection Set: 0.7ms
[2023-08-15T16:59:47.462+0800][gc,phases   ] GC(20)   Merge Heap Roots: 0.9ms
[2023-08-15T16:59:47.462+0800][gc,phases   ] GC(20)   Evacuate Collection Set: 32.2ms
[2023-08-15T16:59:47.462+0800][gc,phases   ] GC(20)   Post Evacuate Collection Set: 2.2ms
[2023-08-15T16:59:47.462+0800][gc,phases   ] GC(20)   Other: 4.5ms
[2023-08-15T16:59:47.462+0800][gc,heap     ] GC(20) Eden regions: 239->0(239)
[2023-08-15T16:59:47.462+0800][gc,heap     ] GC(20) Survivor regions: 17->17(32)
[2023-08-15T16:59:47.462+0800][gc,heap     ] GC(20) Old regions: 17->17
[2023-08-15T16:59:47.462+0800][gc,heap     ] GC(20) Archive regions: 2->2
[2023-08-15T16:59:47.462+0800][gc,heap     ] GC(20) Humongous regions: 9->9
[2023-08-15T16:59:47.462+0800][gc,metaspace] GC(20) Metaspace: 64703K(65344K)->64703K(65344K) NonClass: 56895K(57216K)->56895K(57216K) Class: 7808K(8128K)->7808K(8128K)
[2023-08-15T16:59:47.462+0800][gc          ] GC(20) Pause Young (Normal) (G1 Evacuation Pause) 282M->43M(512M) 39.333ms
[2023-08-15T16:59:47.462+0800][gc,cpu      ] GC(20) User=0.05s Sys=0.08s Real=0.04s
[2023-08-16T10:58:25.403+0800][gc,start    ] GC(21) Pause Young (Normal) (G1 Evacuation Pause)
[2023-08-16T10:58:25.404+0800][gc,task     ] GC(21) Using 8 workers of 8 for evacuation
[2023-08-16T10:58:25.444+0800][gc,phases   ] GC(21)   Pre Evacuate Collection Set: 0.7ms
[2023-08-16T10:58:25.444+0800][gc,phases   ] GC(21)   Merge Heap Roots: 0.8ms
[2023-08-16T10:58:25.444+0800][gc,phases   ] GC(21)   Evacuate Collection Set: 35.4ms
[2023-08-16T10:58:25.444+0800][gc,phases   ] GC(21)   Post Evacuate Collection Set: 2.8ms
[2023-08-16T10:58:25.445+0800][gc,phases   ] GC(21)   Other: 3.9ms
[2023-08-16T10:58:25.445+0800][gc,heap     ] GC(21) Eden regions: 239->0(239)
[2023-08-16T10:58:25.445+0800][gc,heap     ] GC(21) Survivor regions: 17->17(32)
[2023-08-16T10:58:25.445+0800][gc,heap     ] GC(21) Old regions: 17->17
[2023-08-16T10:58:25.445+0800][gc,heap     ] GC(21) Archive regions: 2->2
[2023-08-16T10:58:25.445+0800][gc,heap     ] GC(21) Humongous regions: 9->9
[2023-08-16T10:58:25.445+0800][gc,metaspace] GC(21) Metaspace: 64722K(65344K)->64722K(65344K) NonClass: 56914K(57216K)->56914K(57216K) Class: 7808K(8128K)->7808K(8128K)
[2023-08-16T10:58:25.445+0800][gc          ] GC(21) Pause Young (Normal) (G1 Evacuation Pause) 282M->43M(512M) 42.944ms
[2023-08-16T10:58:25.445+0800][gc,cpu      ] GC(21) User=0.05s Sys=0.10s Real=0.04s
[2023-08-16T16:34:16.563+0800][gc,start    ] GC(22) Pause Young (Normal) (G1 Evacuation Pause)
[2023-08-16T16:34:16.564+0800][gc,task     ] GC(22) Using 8 workers of 8 for evacuation
[2023-08-16T16:34:16.610+0800][gc,phases   ] GC(22)   Pre Evacuate Collection Set: 3.0ms
[2023-08-16T16:34:16.610+0800][gc,phases   ] GC(22)   Merge Heap Roots: 1.3ms
[2023-08-16T16:34:16.610+0800][gc,phases   ] GC(22)   Evacuate Collection Set: 37.5ms
[2023-08-16T16:34:16.610+0800][gc,phases   ] GC(22)   Post Evacuate Collection Set: 3.4ms
[2023-08-16T16:34:16.610+0800][gc,phases   ] GC(22)   Other: 3.2ms
[2023-08-16T16:34:16.610+0800][gc,heap     ] GC(22) Eden regions: 239->0(239)
[2023-08-16T16:34:16.610+0800][gc,heap     ] GC(22) Survivor regions: 17->17(32)
[2023-08-16T16:34:16.610+0800][gc,heap     ] GC(22) Old regions: 17->17
[2023-08-16T16:34:16.610+0800][gc,heap     ] GC(22) Archive regions: 2->2
[2023-08-16T16:34:16.610+0800][gc,heap     ] GC(22) Humongous regions: 9->9
[2023-08-16T16:34:16.610+0800][gc,metaspace] GC(22) Metaspace: 64741K(65344K)->64741K(65344K) NonClass: 56933K(57216K)->56933K(57216K) Class: 7808K(8128K)->7808K(8128K)
[2023-08-16T16:34:16.610+0800][gc          ] GC(22) Pause Young (Normal) (G1 Evacuation Pause) 282M->43M(512M) 47.682ms
[2023-08-16T16:34:16.610+0800][gc,cpu      ] GC(22) User=0.04s Sys=0.10s Real=0.05s
