[2023-06-25T09:56:33.514+0800][gc] Using G1
[2023-06-25T09:56:33.515+0800][gc,init] Version: 17.0.7+8-LTS-224 (release)
[2023-06-25T09:56:33.515+0800][gc,init] CPUs: 8 total, 8 available
[2023-06-25T09:56:33.515+0800][gc,init] Memory: 16384M
[2023-06-25T09:56:33.515+0800][gc,init] Large Page Support: Disabled
[2023-06-25T09:56:33.515+0800][gc,init] NUMA Support: Disabled
[2023-06-25T09:56:33.515+0800][gc,init] Compressed Oops: Enabled (Zero based)
[2023-06-25T09:56:33.515+0800][gc,init] Heap Region Size: 1M
[2023-06-25T09:56:33.515+0800][gc,init] Heap Min Capacity: 512M
[2023-06-25T09:56:33.515+0800][gc,init] Heap Initial Capacity: 512M
[2023-06-25T09:56:33.515+0800][gc,init] Heap Max Capacity: 512M
[2023-06-25T09:56:33.515+0800][gc,init] Pre-touch: Disabled
[2023-06-25T09:56:33.515+0800][gc,init] Parallel Workers: 8
[2023-06-25T09:56:33.515+0800][gc,init] Concurrent Workers: 2
[2023-06-25T09:56:33.515+0800][gc,init] Concurrent Refinement Workers: 8
[2023-06-25T09:56:33.515+0800][gc,init] Periodic GC: Disabled
[2023-06-25T09:56:33.515+0800][gc,metaspace] CDS archive(s) mapped at: [0x0000000800000000-0x0000000800bd8000-0x0000000800bd8000), size 12419072, SharedBaseAddress: 0x0000000800000000, ArchiveRelocationMode: 0.
[2023-06-25T09:56:33.515+0800][gc,metaspace] Compressed class space mapped at: 0x0000000800c00000-0x0000000840c00000, reserved size: 1073741824
[2023-06-25T09:56:33.515+0800][gc,metaspace] Narrow klass base: 0x0000000800000000, Narrow klass shift: 0, Narrow klass range: 0x100000000
[2023-06-25T09:56:34.001+0800][gc,start    ] GC(0) Pause Young (Normal) (G1 Evacuation Pause)
[2023-06-25T09:56:34.001+0800][gc,task     ] GC(0) Using 8 workers of 8 for evacuation
[2023-06-25T09:56:34.003+0800][gc,phases   ] GC(0)   Pre Evacuate Collection Set: 0.1ms
[2023-06-25T09:56:34.003+0800][gc,phases   ] GC(0)   Merge Heap Roots: 0.1ms
[2023-06-25T09:56:34.003+0800][gc,phases   ] GC(0)   Evacuate Collection Set: 1.4ms
[2023-06-25T09:56:34.003+0800][gc,phases   ] GC(0)   Post Evacuate Collection Set: 0.3ms
[2023-06-25T09:56:34.003+0800][gc,phases   ] GC(0)   Other: 0.3ms
[2023-06-25T09:56:34.003+0800][gc,heap     ] GC(0) Eden regions: 256->0(251)
[2023-06-25T09:56:34.003+0800][gc,heap     ] GC(0) Survivor regions: 0->5(32)
[2023-06-25T09:56:34.003+0800][gc,heap     ] GC(0) Old regions: 0->0
[2023-06-25T09:56:34.003+0800][gc,heap     ] GC(0) Archive regions: 2->2
[2023-06-25T09:56:34.003+0800][gc,heap     ] GC(0) Humongous regions: 0->0
[2023-06-25T09:56:34.003+0800][gc,metaspace] GC(0) Metaspace: 7679K(7872K)->7679K(7872K) NonClass: 6769K(6848K)->6769K(6848K) Class: 909K(1024K)->909K(1024K)
[2023-06-25T09:56:34.003+0800][gc          ] GC(0) Pause Young (Normal) (G1 Evacuation Pause) 256M->5M(512M) 2.290ms
[2023-06-25T09:56:34.003+0800][gc,cpu      ] GC(0) User=0.01s Sys=0.00s Real=0.00s
[2023-06-25T09:56:34.368+0800][gc,start    ] GC(1) Pause Young (Normal) (G1 Evacuation Pause)
[2023-06-25T09:56:34.368+0800][gc,task     ] GC(1) Using 8 workers of 8 for evacuation
[2023-06-25T09:56:34.370+0800][gc,phases   ] GC(1)   Pre Evacuate Collection Set: 0.1ms
[2023-06-25T09:56:34.370+0800][gc,phases   ] GC(1)   Merge Heap Roots: 0.1ms
[2023-06-25T09:56:34.370+0800][gc,phases   ] GC(1)   Evacuate Collection Set: 2.0ms
[2023-06-25T09:56:34.370+0800][gc,phases   ] GC(1)   Post Evacuate Collection Set: 0.3ms
[2023-06-25T09:56:34.370+0800][gc,phases   ] GC(1)   Other: 0.1ms
[2023-06-25T09:56:34.370+0800][gc,heap     ] GC(1) Eden regions: 251->0(249)
[2023-06-25T09:56:34.370+0800][gc,heap     ] GC(1) Survivor regions: 5->7(32)
[2023-06-25T09:56:34.370+0800][gc,heap     ] GC(1) Old regions: 0->0
[2023-06-25T09:56:34.370+0800][gc,heap     ] GC(1) Archive regions: 2->2
[2023-06-25T09:56:34.370+0800][gc,heap     ] GC(1) Humongous regions: 0->0
[2023-06-25T09:56:34.370+0800][gc,metaspace] GC(1) Metaspace: 12112K(12352K)->12112K(12352K) NonClass: 10663K(10816K)->10663K(10816K) Class: 1448K(1536K)->1448K(1536K)
[2023-06-25T09:56:34.370+0800][gc          ] GC(1) Pause Young (Normal) (G1 Evacuation Pause) 256M->7M(512M) 2.617ms
[2023-06-25T09:56:34.370+0800][gc,cpu      ] GC(1) User=0.01s Sys=0.00s Real=0.01s
[2023-06-25T09:56:34.524+0800][gc,start    ] GC(2) Pause Young (Normal) (G1 Evacuation Pause)
[2023-06-25T09:56:34.524+0800][gc,task     ] GC(2) Using 8 workers of 8 for evacuation
[2023-06-25T09:56:34.527+0800][gc,phases   ] GC(2)   Pre Evacuate Collection Set: 0.1ms
[2023-06-25T09:56:34.527+0800][gc,phases   ] GC(2)   Merge Heap Roots: 0.0ms
[2023-06-25T09:56:34.527+0800][gc,phases   ] GC(2)   Evacuate Collection Set: 1.7ms
[2023-06-25T09:56:34.527+0800][gc,phases   ] GC(2)   Post Evacuate Collection Set: 0.3ms
[2023-06-25T09:56:34.527+0800][gc,phases   ] GC(2)   Other: 0.1ms
[2023-06-25T09:56:34.527+0800][gc,heap     ] GC(2) Eden regions: 249->0(249)
[2023-06-25T09:56:34.527+0800][gc,heap     ] GC(2) Survivor regions: 7->7(32)
[2023-06-25T09:56:34.527+0800][gc,heap     ] GC(2) Old regions: 0->0
[2023-06-25T09:56:34.527+0800][gc,heap     ] GC(2) Archive regions: 2->2
[2023-06-25T09:56:34.527+0800][gc,heap     ] GC(2) Humongous regions: 0->0
[2023-06-25T09:56:34.527+0800][gc,metaspace] GC(2) Metaspace: 16090K(16320K)->16090K(16320K) NonClass: 14183K(14272K)->14183K(14272K) Class: 1907K(2048K)->1907K(2048K)
[2023-06-25T09:56:34.527+0800][gc          ] GC(2) Pause Young (Normal) (G1 Evacuation Pause) 256M->7M(512M) 2.306ms
[2023-06-25T09:56:34.527+0800][gc,cpu      ] GC(2) User=0.02s Sys=0.00s Real=0.00s
[2023-06-25T09:56:34.823+0800][gc,start    ] GC(3) Pause Young (Normal) (G1 Evacuation Pause)
[2023-06-25T09:56:34.823+0800][gc,task     ] GC(3) Using 8 workers of 8 for evacuation
[2023-06-25T09:56:34.826+0800][gc,phases   ] GC(3)   Pre Evacuate Collection Set: 0.1ms
[2023-06-25T09:56:34.826+0800][gc,phases   ] GC(3)   Merge Heap Roots: 0.0ms
[2023-06-25T09:56:34.826+0800][gc,phases   ] GC(3)   Evacuate Collection Set: 3.1ms
[2023-06-25T09:56:34.826+0800][gc,phases   ] GC(3)   Post Evacuate Collection Set: 0.4ms
[2023-06-25T09:56:34.826+0800][gc,phases   ] GC(3)   Other: 0.1ms
[2023-06-25T09:56:34.826+0800][gc,heap     ] GC(3) Eden regions: 249->0(246)
[2023-06-25T09:56:34.826+0800][gc,heap     ] GC(3) Survivor regions: 7->10(32)
[2023-06-25T09:56:34.826+0800][gc,heap     ] GC(3) Old regions: 0->0
[2023-06-25T09:56:34.826+0800][gc,heap     ] GC(3) Archive regions: 2->2
[2023-06-25T09:56:34.826+0800][gc,heap     ] GC(3) Humongous regions: 0->0
[2023-06-25T09:56:34.826+0800][gc,metaspace] GC(3) Metaspace: 19738K(19968K)->19738K(19968K) NonClass: 17404K(17536K)->17404K(17536K) Class: 2334K(2432K)->2334K(2432K)
[2023-06-25T09:56:34.826+0800][gc          ] GC(3) Pause Young (Normal) (G1 Evacuation Pause) 256M->10M(512M) 3.730ms
[2023-06-25T09:56:34.826+0800][gc,cpu      ] GC(3) User=0.02s Sys=0.00s Real=0.00s
[2023-06-25T09:56:34.939+0800][gc,start    ] GC(4) Pause Young (Normal) (G1 Evacuation Pause)
[2023-06-25T09:56:34.939+0800][gc,task     ] GC(4) Using 8 workers of 8 for evacuation
[2023-06-25T09:56:34.942+0800][gc,phases   ] GC(4)   Pre Evacuate Collection Set: 0.1ms
[2023-06-25T09:56:34.942+0800][gc,phases   ] GC(4)   Merge Heap Roots: 0.1ms
[2023-06-25T09:56:34.942+0800][gc,phases   ] GC(4)   Evacuate Collection Set: 2.6ms
[2023-06-25T09:56:34.942+0800][gc,phases   ] GC(4)   Post Evacuate Collection Set: 0.5ms
[2023-06-25T09:56:34.942+0800][gc,phases   ] GC(4)   Other: 0.1ms
[2023-06-25T09:56:34.942+0800][gc,heap     ] GC(4) Eden regions: 246->0(244)
[2023-06-25T09:56:34.942+0800][gc,heap     ] GC(4) Survivor regions: 10->12(32)
[2023-06-25T09:56:34.942+0800][gc,heap     ] GC(4) Old regions: 0->0
[2023-06-25T09:56:34.942+0800][gc,heap     ] GC(4) Archive regions: 2->2
[2023-06-25T09:56:34.942+0800][gc,heap     ] GC(4) Humongous regions: 0->0
[2023-06-25T09:56:34.942+0800][gc,metaspace] GC(4) Metaspace: 20199K(20480K)->20199K(20480K) NonClass: 17814K(17984K)->17814K(17984K) Class: 2384K(2496K)->2384K(2496K)
[2023-06-25T09:56:34.942+0800][gc          ] GC(4) Pause Young (Normal) (G1 Evacuation Pause) 256M->12M(512M) 3.456ms
[2023-06-25T09:56:34.942+0800][gc,cpu      ] GC(4) User=0.02s Sys=0.00s Real=0.01s
[2023-06-25T09:56:35.152+0800][gc,start    ] GC(5) Pause Young (Concurrent Start) (Metadata GC Threshold)
[2023-06-25T09:56:35.152+0800][gc,task     ] GC(5) Using 8 workers of 8 for evacuation
[2023-06-25T09:56:35.156+0800][gc,phases   ] GC(5)   Pre Evacuate Collection Set: 0.1ms
[2023-06-25T09:56:35.156+0800][gc,phases   ] GC(5)   Merge Heap Roots: 0.1ms
[2023-06-25T09:56:35.156+0800][gc,phases   ] GC(5)   Evacuate Collection Set: 2.8ms
[2023-06-25T09:56:35.156+0800][gc,phases   ] GC(5)   Post Evacuate Collection Set: 0.5ms
[2023-06-25T09:56:35.156+0800][gc,phases   ] GC(5)   Other: 0.1ms
[2023-06-25T09:56:35.156+0800][gc,heap     ] GC(5) Eden regions: 216->0(244)
[2023-06-25T09:56:35.156+0800][gc,heap     ] GC(5) Survivor regions: 12->12(32)
[2023-06-25T09:56:35.156+0800][gc,heap     ] GC(5) Old regions: 0->0
[2023-06-25T09:56:35.156+0800][gc,heap     ] GC(5) Archive regions: 2->2
[2023-06-25T09:56:35.156+0800][gc,heap     ] GC(5) Humongous regions: 0->0
[2023-06-25T09:56:35.156+0800][gc,metaspace] GC(5) Metaspace: 21283K(21504K)->21283K(21504K) NonClass: 18756K(18880K)->18756K(18880K) Class: 2527K(2624K)->2527K(2624K)
[2023-06-25T09:56:35.156+0800][gc          ] GC(5) Pause Young (Concurrent Start) (Metadata GC Threshold) 228M->12M(512M) 3.561ms
[2023-06-25T09:56:35.156+0800][gc,cpu      ] GC(5) User=0.02s Sys=0.00s Real=0.00s
[2023-06-25T09:56:35.156+0800][gc          ] GC(6) Concurrent Mark Cycle
[2023-06-25T09:56:35.156+0800][gc,marking  ] GC(6) Concurrent Clear Claimed Marks
[2023-06-25T09:56:35.156+0800][gc,marking  ] GC(6) Concurrent Clear Claimed Marks 0.015ms
[2023-06-25T09:56:35.156+0800][gc,marking  ] GC(6) Concurrent Scan Root Regions
[2023-06-25T09:56:35.158+0800][gc,marking  ] GC(6) Concurrent Scan Root Regions 2.013ms
[2023-06-25T09:56:35.158+0800][gc,marking  ] GC(6) Concurrent Mark
[2023-06-25T09:56:35.158+0800][gc,marking  ] GC(6) Concurrent Mark From Roots
[2023-06-25T09:56:35.158+0800][gc,task     ] GC(6) Using 2 workers of 2 for marking
[2023-06-25T09:56:35.159+0800][gc,marking  ] GC(6) Concurrent Mark From Roots 0.641ms
[2023-06-25T09:56:35.159+0800][gc,marking  ] GC(6) Concurrent Preclean
[2023-06-25T09:56:35.159+0800][gc,marking  ] GC(6) Concurrent Preclean 0.013ms
[2023-06-25T09:56:35.159+0800][gc,start    ] GC(6) Pause Remark
[2023-06-25T09:56:35.160+0800][gc          ] GC(6) Pause Remark 14M->14M(512M) 0.961ms
[2023-06-25T09:56:35.160+0800][gc,cpu      ] GC(6) User=0.01s Sys=0.00s Real=0.01s
[2023-06-25T09:56:35.160+0800][gc,marking  ] GC(6) Concurrent Mark 1.746ms
[2023-06-25T09:56:35.160+0800][gc,marking  ] GC(6) Concurrent Rebuild Remembered Sets
[2023-06-25T09:56:35.160+0800][gc,marking  ] GC(6) Concurrent Rebuild Remembered Sets 0.005ms
[2023-06-25T09:56:35.160+0800][gc,start    ] GC(6) Pause Cleanup
[2023-06-25T09:56:35.160+0800][gc          ] GC(6) Pause Cleanup 14M->14M(512M) 0.016ms
[2023-06-25T09:56:35.160+0800][gc,cpu      ] GC(6) User=0.00s Sys=0.00s Real=0.00s
[2023-06-25T09:56:35.160+0800][gc,marking  ] GC(6) Concurrent Cleanup for Next Mark
[2023-06-25T09:56:35.161+0800][gc,marking  ] GC(6) Concurrent Cleanup for Next Mark 0.749ms
[2023-06-25T09:56:35.161+0800][gc          ] GC(6) Concurrent Mark Cycle 4.701ms
[2023-06-25T09:56:35.538+0800][gc,start    ] GC(7) Pause Young (Normal) (G1 Evacuation Pause)
[2023-06-25T09:56:35.538+0800][gc,task     ] GC(7) Using 8 workers of 8 for evacuation
[2023-06-25T09:56:35.543+0800][gc,phases   ] GC(7)   Pre Evacuate Collection Set: 0.1ms
[2023-06-25T09:56:35.543+0800][gc,phases   ] GC(7)   Merge Heap Roots: 0.0ms
[2023-06-25T09:56:35.543+0800][gc,phases   ] GC(7)   Evacuate Collection Set: 3.8ms
[2023-06-25T09:56:35.543+0800][gc,phases   ] GC(7)   Post Evacuate Collection Set: 0.6ms
[2023-06-25T09:56:35.543+0800][gc,phases   ] GC(7)   Other: 0.1ms
[2023-06-25T09:56:35.543+0800][gc,heap     ] GC(7) Eden regions: 244->0(241)
[2023-06-25T09:56:35.543+0800][gc,heap     ] GC(7) Survivor regions: 12->15(32)
[2023-06-25T09:56:35.543+0800][gc,heap     ] GC(7) Old regions: 0->0
[2023-06-25T09:56:35.543+0800][gc,heap     ] GC(7) Archive regions: 2->2
[2023-06-25T09:56:35.543+0800][gc,heap     ] GC(7) Humongous regions: 0->0
[2023-06-25T09:56:35.543+0800][gc,metaspace] GC(7) Metaspace: 26441K(26816K)->26441K(26816K) NonClass: 23205K(23424K)->23205K(23424K) Class: 3235K(3392K)->3235K(3392K)
[2023-06-25T09:56:35.543+0800][gc          ] GC(7) Pause Young (Normal) (G1 Evacuation Pause) 256M->15M(512M) 4.730ms
[2023-06-25T09:56:35.543+0800][gc,cpu      ] GC(7) User=0.03s Sys=0.00s Real=0.01s
[2023-06-25T09:56:36.030+0800][gc,start    ] GC(8) Pause Young (Normal) (G1 Evacuation Pause)
[2023-06-25T09:56:36.030+0800][gc,task     ] GC(8) Using 8 workers of 8 for evacuation
[2023-06-25T09:56:36.035+0800][gc,phases   ] GC(8)   Pre Evacuate Collection Set: 0.1ms
[2023-06-25T09:56:36.036+0800][gc,phases   ] GC(8)   Merge Heap Roots: 0.1ms
[2023-06-25T09:56:36.036+0800][gc,phases   ] GC(8)   Evacuate Collection Set: 4.2ms
[2023-06-25T09:56:36.036+0800][gc,phases   ] GC(8)   Post Evacuate Collection Set: 0.8ms
[2023-06-25T09:56:36.036+0800][gc,phases   ] GC(8)   Other: 0.1ms
[2023-06-25T09:56:36.036+0800][gc,heap     ] GC(8) Eden regions: 241->0(239)
[2023-06-25T09:56:36.036+0800][gc,heap     ] GC(8) Survivor regions: 15->17(32)
[2023-06-25T09:56:36.036+0800][gc,heap     ] GC(8) Old regions: 0->0
[2023-06-25T09:56:36.036+0800][gc,heap     ] GC(8) Archive regions: 2->2
[2023-06-25T09:56:36.036+0800][gc,heap     ] GC(8) Humongous regions: 0->0
[2023-06-25T09:56:36.036+0800][gc,metaspace] GC(8) Metaspace: 32530K(32896K)->32530K(32896K) NonClass: 28531K(28736K)->28531K(28736K) Class: 3998K(4160K)->3998K(4160K)
[2023-06-25T09:56:36.036+0800][gc          ] GC(8) Pause Young (Normal) (G1 Evacuation Pause) 256M->17M(512M) 5.280ms
[2023-06-25T09:56:36.036+0800][gc,cpu      ] GC(8) User=0.04s Sys=0.01s Real=0.00s
[2023-06-25T09:56:36.201+0800][gc,start    ] GC(9) Pause Young (Concurrent Start) (Metadata GC Threshold)
[2023-06-25T09:56:36.201+0800][gc,task     ] GC(9) Using 8 workers of 8 for evacuation
[2023-06-25T09:56:36.207+0800][gc,phases   ] GC(9)   Pre Evacuate Collection Set: 0.1ms
[2023-06-25T09:56:36.207+0800][gc,phases   ] GC(9)   Merge Heap Roots: 0.1ms
[2023-06-25T09:56:36.207+0800][gc,phases   ] GC(9)   Evacuate Collection Set: 5.3ms
[2023-06-25T09:56:36.207+0800][gc,phases   ] GC(9)   Post Evacuate Collection Set: 0.7ms
[2023-06-25T09:56:36.207+0800][gc,phases   ] GC(9)   Other: 0.1ms
[2023-06-25T09:56:36.207+0800][gc,heap     ] GC(9) Eden regions: 84->0(241)
[2023-06-25T09:56:36.207+0800][gc,heap     ] GC(9) Survivor regions: 17->15(32)
[2023-06-25T09:56:36.207+0800][gc,heap     ] GC(9) Old regions: 0->4
[2023-06-25T09:56:36.207+0800][gc,heap     ] GC(9) Archive regions: 2->2
[2023-06-25T09:56:36.207+0800][gc,heap     ] GC(9) Humongous regions: 0->0
[2023-06-25T09:56:36.207+0800][gc,metaspace] GC(9) Metaspace: 35720K(36096K)->35720K(36096K) NonClass: 31311K(31488K)->31311K(31488K) Class: 4409K(4608K)->4409K(4608K)
[2023-06-25T09:56:36.207+0800][gc          ] GC(9) Pause Young (Concurrent Start) (Metadata GC Threshold) 101M->19M(512M) 6.349ms
[2023-06-25T09:56:36.207+0800][gc,cpu      ] GC(9) User=0.03s Sys=0.01s Real=0.00s
[2023-06-25T09:56:36.207+0800][gc          ] GC(10) Concurrent Mark Cycle
[2023-06-25T09:56:36.207+0800][gc,marking  ] GC(10) Concurrent Clear Claimed Marks
[2023-06-25T09:56:36.207+0800][gc,marking  ] GC(10) Concurrent Clear Claimed Marks 0.026ms
[2023-06-25T09:56:36.207+0800][gc,marking  ] GC(10) Concurrent Scan Root Regions
[2023-06-25T09:56:36.211+0800][gc,marking  ] GC(10) Concurrent Scan Root Regions 3.626ms
[2023-06-25T09:56:36.211+0800][gc,marking  ] GC(10) Concurrent Mark
[2023-06-25T09:56:36.211+0800][gc,marking  ] GC(10) Concurrent Mark From Roots
[2023-06-25T09:56:36.211+0800][gc,task     ] GC(10) Using 2 workers of 2 for marking
[2023-06-25T09:56:36.212+0800][gc,marking  ] GC(10) Concurrent Mark From Roots 0.804ms
[2023-06-25T09:56:36.212+0800][gc,marking  ] GC(10) Concurrent Preclean
[2023-06-25T09:56:36.212+0800][gc,marking  ] GC(10) Concurrent Preclean 0.016ms
[2023-06-25T09:56:36.212+0800][gc,start    ] GC(10) Pause Remark
[2023-06-25T09:56:36.213+0800][gc          ] GC(10) Pause Remark 22M->22M(512M) 1.102ms
[2023-06-25T09:56:36.213+0800][gc,cpu      ] GC(10) User=0.01s Sys=0.00s Real=0.00s
[2023-06-25T09:56:36.213+0800][gc,marking  ] GC(10) Concurrent Mark 2.131ms
[2023-06-25T09:56:36.213+0800][gc,marking  ] GC(10) Concurrent Rebuild Remembered Sets
[2023-06-25T09:56:36.214+0800][gc,marking  ] GC(10) Concurrent Rebuild Remembered Sets 1.162ms
[2023-06-25T09:56:36.215+0800][gc,start    ] GC(10) Pause Cleanup
[2023-06-25T09:56:36.215+0800][gc          ] GC(10) Pause Cleanup 22M->22M(512M) 0.073ms
[2023-06-25T09:56:36.215+0800][gc,cpu      ] GC(10) User=0.00s Sys=0.00s Real=0.00s
[2023-06-25T09:56:36.215+0800][gc,marking  ] GC(10) Concurrent Cleanup for Next Mark
[2023-06-25T09:56:36.216+0800][gc,marking  ] GC(10) Concurrent Cleanup for Next Mark 0.859ms
[2023-06-25T09:56:36.216+0800][gc          ] GC(10) Concurrent Mark Cycle 8.502ms
[2023-06-25T09:56:36.776+0800][gc,start    ] GC(11) Pause Young (Concurrent Start) (G1 Evacuation Pause)
[2023-06-25T09:56:36.776+0800][gc,task     ] GC(11) Using 8 workers of 8 for evacuation
[2023-06-25T09:56:36.781+0800][gc,phases   ] GC(11)   Pre Evacuate Collection Set: 0.1ms
[2023-06-25T09:56:36.781+0800][gc,phases   ] GC(11)   Merge Heap Roots: 0.1ms
[2023-06-25T09:56:36.781+0800][gc,phases   ] GC(11)   Evacuate Collection Set: 4.4ms
[2023-06-25T09:56:36.781+0800][gc,phases   ] GC(11)   Post Evacuate Collection Set: 0.6ms
[2023-06-25T09:56:36.781+0800][gc,phases   ] GC(11)   Other: 0.1ms
[2023-06-25T09:56:36.781+0800][gc,heap     ] GC(11) Eden regions: 241->0(236)
[2023-06-25T09:56:36.781+0800][gc,heap     ] GC(11) Survivor regions: 15->20(32)
[2023-06-25T09:56:36.781+0800][gc,heap     ] GC(11) Old regions: 4->4
[2023-06-25T09:56:36.781+0800][gc,heap     ] GC(11) Archive regions: 2->2
[2023-06-25T09:56:36.781+0800][gc,heap     ] GC(11) Humongous regions: 0->0
[2023-06-25T09:56:36.781+0800][gc,metaspace] GC(11) Metaspace: 47661K(48192K)->47661K(48192K) NonClass: 41809K(42048K)->41809K(42048K) Class: 5852K(6144K)->5852K(6144K)
[2023-06-25T09:56:36.781+0800][gc          ] GC(11) Pause Young (Concurrent Start) (G1 Evacuation Pause) 260M->24M(512M) 5.376ms
[2023-06-25T09:56:36.781+0800][gc,cpu      ] GC(11) User=0.03s Sys=0.00s Real=0.01s
[2023-06-25T09:56:36.781+0800][gc          ] GC(12) Concurrent Mark Cycle
[2023-06-25T09:56:36.781+0800][gc,marking  ] GC(12) Concurrent Clear Claimed Marks
[2023-06-25T09:56:36.781+0800][gc,marking  ] GC(12) Concurrent Clear Claimed Marks 0.046ms
[2023-06-25T09:56:36.781+0800][gc,marking  ] GC(12) Concurrent Scan Root Regions
[2023-06-25T09:56:36.785+0800][gc,marking  ] GC(12) Concurrent Scan Root Regions 4.182ms
[2023-06-25T09:56:36.785+0800][gc,marking  ] GC(12) Concurrent Mark
[2023-06-25T09:56:36.785+0800][gc,marking  ] GC(12) Concurrent Mark From Roots
[2023-06-25T09:56:36.785+0800][gc,task     ] GC(12) Using 2 workers of 2 for marking
[2023-06-25T09:56:36.787+0800][gc,marking  ] GC(12) Concurrent Mark From Roots 2.026ms
[2023-06-25T09:56:36.787+0800][gc,marking  ] GC(12) Concurrent Preclean
[2023-06-25T09:56:36.787+0800][gc,marking  ] GC(12) Concurrent Preclean 0.019ms
[2023-06-25T09:56:36.788+0800][gc,start    ] GC(12) Pause Remark
[2023-06-25T09:56:36.789+0800][gc          ] GC(12) Pause Remark 27M->27M(512M) 1.447ms
[2023-06-25T09:56:36.789+0800][gc,cpu      ] GC(12) User=0.01s Sys=0.00s Real=0.00s
[2023-06-25T09:56:36.789+0800][gc,marking  ] GC(12) Concurrent Mark 3.699ms
[2023-06-25T09:56:36.789+0800][gc,marking  ] GC(12) Concurrent Rebuild Remembered Sets
[2023-06-25T09:56:36.790+0800][gc,marking  ] GC(12) Concurrent Rebuild Remembered Sets 1.239ms
[2023-06-25T09:56:36.790+0800][gc,start    ] GC(12) Pause Cleanup
[2023-06-25T09:56:36.791+0800][gc          ] GC(12) Pause Cleanup 28M->28M(512M) 0.080ms
[2023-06-25T09:56:36.791+0800][gc,cpu      ] GC(12) User=0.00s Sys=0.00s Real=0.00s
[2023-06-25T09:56:36.791+0800][gc,marking  ] GC(12) Concurrent Cleanup for Next Mark
[2023-06-25T09:56:36.791+0800][gc,marking  ] GC(12) Concurrent Cleanup for Next Mark 0.472ms
[2023-06-25T09:56:36.791+0800][gc          ] GC(12) Concurrent Mark Cycle 9.948ms
[2023-06-25T09:56:37.283+0800][gc,start    ] GC(13) Pause Young (Normal) (G1 Evacuation Pause)
[2023-06-25T09:56:37.283+0800][gc,task     ] GC(13) Using 8 workers of 8 for evacuation
[2023-06-25T09:56:37.290+0800][gc,phases   ] GC(13)   Pre Evacuate Collection Set: 0.1ms
[2023-06-25T09:56:37.290+0800][gc,phases   ] GC(13)   Merge Heap Roots: 0.1ms
[2023-06-25T09:56:37.290+0800][gc,phases   ] GC(13)   Evacuate Collection Set: 5.6ms
[2023-06-25T09:56:37.290+0800][gc,phases   ] GC(13)   Post Evacuate Collection Set: 0.9ms
[2023-06-25T09:56:37.290+0800][gc,phases   ] GC(13)   Other: 0.1ms
[2023-06-25T09:56:37.290+0800][gc,heap     ] GC(13) Eden regions: 236->0(232)
[2023-06-25T09:56:37.290+0800][gc,heap     ] GC(13) Survivor regions: 20->24(32)
[2023-06-25T09:56:37.290+0800][gc,heap     ] GC(13) Old regions: 4->7
[2023-06-25T09:56:37.290+0800][gc,heap     ] GC(13) Archive regions: 2->2
[2023-06-25T09:56:37.290+0800][gc,heap     ] GC(13) Humongous regions: 5->5
[2023-06-25T09:56:37.290+0800][gc,metaspace] GC(13) Metaspace: 54298K(54784K)->54298K(54784K) NonClass: 47569K(47808K)->47569K(47808K) Class: 6728K(6976K)->6728K(6976K)
[2023-06-25T09:56:37.290+0800][gc          ] GC(13) Pause Young (Normal) (G1 Evacuation Pause) 265M->35M(512M) 6.806ms
[2023-06-25T09:56:37.290+0800][gc,cpu      ] GC(13) User=0.05s Sys=0.01s Real=0.01s
[2023-06-25T09:57:07.280+0800][gc,start    ] GC(14) Pause Young (Normal) (G1 Evacuation Pause)
[2023-06-25T09:57:07.280+0800][gc,task     ] GC(14) Using 8 workers of 8 for evacuation
[2023-06-25T09:57:07.287+0800][gc,phases   ] GC(14)   Pre Evacuate Collection Set: 0.1ms
[2023-06-25T09:57:07.287+0800][gc,phases   ] GC(14)   Merge Heap Roots: 0.1ms
[2023-06-25T09:57:07.287+0800][gc,phases   ] GC(14)   Evacuate Collection Set: 5.2ms
[2023-06-25T09:57:07.287+0800][gc,phases   ] GC(14)   Post Evacuate Collection Set: 0.8ms
[2023-06-25T09:57:07.287+0800][gc,phases   ] GC(14)   Other: 0.3ms
[2023-06-25T09:57:07.287+0800][gc,heap     ] GC(14) Eden regions: 232->0(236)
[2023-06-25T09:57:07.287+0800][gc,heap     ] GC(14) Survivor regions: 24->20(32)
[2023-06-25T09:57:07.287+0800][gc,heap     ] GC(14) Old regions: 7->12
[2023-06-25T09:57:07.287+0800][gc,heap     ] GC(14) Archive regions: 2->2
[2023-06-25T09:57:07.287+0800][gc,heap     ] GC(14) Humongous regions: 7->7
[2023-06-25T09:57:07.287+0800][gc,metaspace] GC(14) Metaspace: 59164K(59776K)->59164K(59776K) NonClass: 51775K(52096K)->51775K(52096K) Class: 7389K(7680K)->7389K(7680K)
[2023-06-25T09:57:07.287+0800][gc          ] GC(14) Pause Young (Normal) (G1 Evacuation Pause) 269M->39M(512M) 6.561ms
[2023-06-25T09:57:07.287+0800][gc,cpu      ] GC(14) User=0.03s Sys=0.00s Real=0.00s
[2023-06-25T10:09:53.905+0800][gc,start    ] GC(15) Pause Young (Normal) (G1 Evacuation Pause)
[2023-06-25T10:09:53.906+0800][gc,task     ] GC(15) Using 8 workers of 8 for evacuation
[2023-06-25T10:09:53.937+0800][gc,phases   ] GC(15)   Pre Evacuate Collection Set: 0.8ms
[2023-06-25T10:09:53.938+0800][gc,phases   ] GC(15)   Merge Heap Roots: 0.4ms
[2023-06-25T10:09:53.938+0800][gc,phases   ] GC(15)   Evacuate Collection Set: 28.4ms
[2023-06-25T10:09:53.938+0800][gc,phases   ] GC(15)   Post Evacuate Collection Set: 1.8ms
[2023-06-25T10:09:53.938+0800][gc,phases   ] GC(15)   Other: 1.7ms
[2023-06-25T10:09:53.938+0800][gc,heap     ] GC(15) Eden regions: 236->0(238)
[2023-06-25T10:09:53.938+0800][gc,heap     ] GC(15) Survivor regions: 20->18(32)
[2023-06-25T10:09:53.938+0800][gc,heap     ] GC(15) Old regions: 12->16
[2023-06-25T10:09:53.938+0800][gc,heap     ] GC(15) Archive regions: 2->2
[2023-06-25T10:09:53.938+0800][gc,heap     ] GC(15) Humongous regions: 9->9
[2023-06-25T10:09:53.938+0800][gc,metaspace] GC(15) Metaspace: 65156K(65728K)->65156K(65728K) NonClass: 57320K(57600K)->57320K(57600K) Class: 7835K(8128K)->7835K(8128K)
[2023-06-25T10:09:53.938+0800][gc          ] GC(15) Pause Young (Normal) (G1 Evacuation Pause) 277M->43M(512M) 33.158ms
[2023-06-25T10:09:53.938+0800][gc,cpu      ] GC(15) User=0.07s Sys=0.08s Real=0.03s
[2023-06-25T10:33:29.241+0800][gc,start    ] GC(16) Pause Young (Normal) (G1 Evacuation Pause)
[2023-06-25T10:33:29.242+0800][gc,task     ] GC(16) Using 8 workers of 8 for evacuation
[2023-06-25T10:33:29.267+0800][gc,phases   ] GC(16)   Pre Evacuate Collection Set: 0.6ms
[2023-06-25T10:33:29.267+0800][gc,phases   ] GC(16)   Merge Heap Roots: 0.4ms
[2023-06-25T10:33:29.267+0800][gc,phases   ] GC(16)   Evacuate Collection Set: 22.4ms
[2023-06-25T10:33:29.267+0800][gc,phases   ] GC(16)   Post Evacuate Collection Set: 1.5ms
[2023-06-25T10:33:29.267+0800][gc,phases   ] GC(16)   Other: 1.3ms
[2023-06-25T10:33:29.267+0800][gc,heap     ] GC(16) Eden regions: 238->0(240)
[2023-06-25T10:33:29.267+0800][gc,heap     ] GC(16) Survivor regions: 18->16(32)
[2023-06-25T10:33:29.267+0800][gc,heap     ] GC(16) Old regions: 16->17
[2023-06-25T10:33:29.267+0800][gc,heap     ] GC(16) Archive regions: 2->2
[2023-06-25T10:33:29.267+0800][gc,heap     ] GC(16) Humongous regions: 9->9
[2023-06-25T10:33:29.267+0800][gc,metaspace] GC(16) Metaspace: 65554K(66112K)->65554K(66112K) NonClass: 57703K(57984K)->57703K(57984K) Class: 7850K(8128K)->7850K(8128K)
[2023-06-25T10:33:29.267+0800][gc          ] GC(16) Pause Young (Normal) (G1 Evacuation Pause) 281M->42M(512M) 26.197ms
[2023-06-25T10:33:29.267+0800][gc,cpu      ] GC(16) User=0.04s Sys=0.04s Real=0.02s
[2023-06-25T10:57:35.345+0800][gc,start    ] GC(17) Pause Young (Normal) (G1 Evacuation Pause)
[2023-06-25T10:57:35.348+0800][gc,task     ] GC(17) Using 8 workers of 8 for evacuation
[2023-06-25T10:57:35.391+0800][gc,phases   ] GC(17)   Pre Evacuate Collection Set: 5.2ms
[2023-06-25T10:57:35.391+0800][gc,phases   ] GC(17)   Merge Heap Roots: 0.7ms
[2023-06-25T10:57:35.391+0800][gc,phases   ] GC(17)   Evacuate Collection Set: 34.7ms
[2023-06-25T10:57:35.391+0800][gc,phases   ] GC(17)   Post Evacuate Collection Set: 2.3ms
[2023-06-25T10:57:35.391+0800][gc,phases   ] GC(17)   Other: 3.7ms
[2023-06-25T10:57:35.391+0800][gc,heap     ] GC(17) Eden regions: 240->0(240)
[2023-06-25T10:57:35.391+0800][gc,heap     ] GC(17) Survivor regions: 16->16(32)
[2023-06-25T10:57:35.391+0800][gc,heap     ] GC(17) Old regions: 17->17
[2023-06-25T10:57:35.391+0800][gc,heap     ] GC(17) Archive regions: 2->2
[2023-06-25T10:57:35.391+0800][gc,heap     ] GC(17) Humongous regions: 9->9
[2023-06-25T10:57:35.391+0800][gc,metaspace] GC(17) Metaspace: 65709K(66304K)->65709K(66304K) NonClass: 57856K(58176K)->57856K(58176K) Class: 7853K(8128K)->7853K(8128K)
[2023-06-25T10:57:35.391+0800][gc          ] GC(17) Pause Young (Normal) (G1 Evacuation Pause) 282M->42M(512M) 46.519ms
[2023-06-25T10:57:35.391+0800][gc,cpu      ] GC(17) User=0.07s Sys=0.10s Real=0.05s
[2023-06-25T11:47:54.207+0800][gc,heap,exit] Heap
[2023-06-25T11:47:54.208+0800][gc,heap,exit]  garbage-first heap   total 524288K, used 266114K [0x00000007e0000000, 0x0000000800000000)
[2023-06-25T11:47:54.208+0800][gc,heap,exit]   region size 1024K, 234 young (239616K), 16 survivors (16384K)
[2023-06-25T11:47:54.208+0800][gc,heap,exit]  Metaspace       used 66283K, committed 66880K, reserved 1114112K
[2023-06-25T11:47:54.208+0800][gc,heap,exit]   class space    used 7908K, committed 8192K, reserved 1048576K
