[2023-06-23T23:00:36.470+0800][gc,heap] Heap region size: 1M
[2023-06-23T23:00:36.471+0800][gc     ] Using G1
[2023-06-23T23:00:36.471+0800][gc,heap,coops] Heap address: 0x00000007a0000000, size: 512 MB, Compressed Oops mode: Zero based, Oop shift amount: 3
[2023-06-23T23:00:37.077+0800][gc,start     ] GC(0) Pause Young (Normal) (G1 Evacuation Pause)
[2023-06-23T23:00:37.078+0800][gc,task      ] GC(0) Using 8 workers of 8 for evacuation
[2023-06-23T23:00:37.084+0800][gc,phases    ] GC(0)   Pre Evacuate Collection Set: 0.0ms
[2023-06-23T23:00:37.084+0800][gc,phases    ] GC(0)   Evacuate Collection Set: 4.7ms
[2023-06-23T23:00:37.084+0800][gc,phases    ] GC(0)   Post Evacuate Collection Set: 0.6ms
[2023-06-23T23:00:37.084+0800][gc,phases    ] GC(0)   Other: 1.4ms
[2023-06-23T23:00:37.084+0800][gc,heap      ] GC(0) Eden regions: 256->0(250)
[2023-06-23T23:00:37.084+0800][gc,heap      ] GC(0) Survivor regions: 0->6(32)
[2023-06-23T23:00:37.084+0800][gc,heap      ] GC(0) Old regions: 0->0
[2023-06-23T23:00:37.084+0800][gc,heap      ] GC(0) Humongous regions: 0->0
[2023-06-23T23:00:37.084+0800][gc,metaspace ] GC(0) Metaspace: 17123K(17920K)->17123K(17920K) NonClass: 15310K(15872K)->15310K(15872K) Class: 1813K(2048K)->1813K(2048K)
[2023-06-23T23:00:37.084+0800][gc           ] GC(0) Pause Young (Normal) (G1 Evacuation Pause) 256M->5M(512M) 6.809ms
[2023-06-23T23:00:37.084+0800][gc,cpu       ] GC(0) User=0.02s Sys=0.00s Real=0.01s
[2023-06-23T23:00:37.378+0800][gc,start     ] GC(1) Pause Young (Concurrent Start) (Metadata GC Threshold)
[2023-06-23T23:00:37.379+0800][gc,task      ] GC(1) Using 8 workers of 8 for evacuation
[2023-06-23T23:00:37.382+0800][gc,phases    ] GC(1)   Pre Evacuate Collection Set: 0.1ms
[2023-06-23T23:00:37.382+0800][gc,phases    ] GC(1)   Evacuate Collection Set: 2.9ms
[2023-06-23T23:00:37.382+0800][gc,phases    ] GC(1)   Post Evacuate Collection Set: 0.3ms
[2023-06-23T23:00:37.382+0800][gc,phases    ] GC(1)   Other: 0.1ms
[2023-06-23T23:00:37.382+0800][gc,heap      ] GC(1) Eden regions: 192->0(248)
[2023-06-23T23:00:37.382+0800][gc,heap      ] GC(1) Survivor regions: 6->8(32)
[2023-06-23T23:00:37.382+0800][gc,heap      ] GC(1) Old regions: 0->0
[2023-06-23T23:00:37.382+0800][gc,heap      ] GC(1) Humongous regions: 0->0
[2023-06-23T23:00:37.382+0800][gc,metaspace ] GC(1) Metaspace: 20456K(21248K)->20456K(21248K) NonClass: 18223K(18688K)->18223K(18688K) Class: 2232K(2560K)->2232K(2560K)
[2023-06-23T23:00:37.382+0800][gc           ] GC(1) Pause Young (Concurrent Start) (Metadata GC Threshold) 196M->7M(512M) 3.461ms
[2023-06-23T23:00:37.382+0800][gc,cpu       ] GC(1) User=0.02s Sys=0.00s Real=0.01s
[2023-06-23T23:00:37.382+0800][gc           ] GC(2) Concurrent Cycle
[2023-06-23T23:00:37.382+0800][gc,marking   ] GC(2) Concurrent Clear Claimed Marks
[2023-06-23T23:00:37.382+0800][gc,marking   ] GC(2) Concurrent Clear Claimed Marks 0.021ms
[2023-06-23T23:00:37.382+0800][gc,marking   ] GC(2) Concurrent Scan Root Regions
[2023-06-23T23:00:37.384+0800][gc,marking   ] GC(2) Concurrent Scan Root Regions 2.304ms
[2023-06-23T23:00:37.384+0800][gc,marking   ] GC(2) Concurrent Mark (0.920s)
[2023-06-23T23:00:37.384+0800][gc,marking   ] GC(2) Concurrent Mark From Roots
[2023-06-23T23:00:37.384+0800][gc,task      ] GC(2) Using 2 workers of 2 for marking
[2023-06-23T23:00:37.385+0800][gc,marking   ] GC(2) Concurrent Mark From Roots 0.408ms
[2023-06-23T23:00:37.385+0800][gc,marking   ] GC(2) Concurrent Preclean
[2023-06-23T23:00:37.385+0800][gc,marking   ] GC(2) Concurrent Preclean 0.016ms
[2023-06-23T23:00:37.385+0800][gc,marking   ] GC(2) Concurrent Mark (0.920s, 0.920s) 0.496ms
[2023-06-23T23:00:37.385+0800][gc,start     ] GC(2) Pause Remark
[2023-06-23T23:00:37.386+0800][gc,stringtable] GC(2) Cleaned string and symbol table, strings: 8946 processed, 0 removed, symbols: 66545 processed, 65 removed
[2023-06-23T23:00:37.386+0800][gc            ] GC(2) Pause Remark 15M->15M(512M) 1.431ms
[2023-06-23T23:00:37.386+0800][gc,cpu        ] GC(2) User=0.01s Sys=0.00s Real=0.00s
[2023-06-23T23:00:37.386+0800][gc,marking    ] GC(2) Concurrent Rebuild Remembered Sets
[2023-06-23T23:00:37.387+0800][gc,marking    ] GC(2) Concurrent Rebuild Remembered Sets 0.155ms
[2023-06-23T23:00:37.387+0800][gc,start      ] GC(2) Pause Cleanup
[2023-06-23T23:00:37.387+0800][gc            ] GC(2) Pause Cleanup 16M->16M(512M) 0.061ms
[2023-06-23T23:00:37.387+0800][gc,cpu        ] GC(2) User=0.00s Sys=0.00s Real=0.00s
[2023-06-23T23:00:37.387+0800][gc,marking    ] GC(2) Concurrent Cleanup for Next Mark
[2023-06-23T23:00:37.388+0800][gc,marking    ] GC(2) Concurrent Cleanup for Next Mark 0.833ms
[2023-06-23T23:00:37.388+0800][gc            ] GC(2) Concurrent Cycle 6.082ms
[2023-06-23T23:00:37.586+0800][gc,start      ] GC(3) Pause Young (Normal) (G1 Evacuation Pause)
[2023-06-23T23:00:37.586+0800][gc,task       ] GC(3) Using 8 workers of 8 for evacuation
[2023-06-23T23:00:37.590+0800][gc,phases     ] GC(3)   Pre Evacuate Collection Set: 0.0ms
[2023-06-23T23:00:37.590+0800][gc,phases     ] GC(3)   Evacuate Collection Set: 3.6ms
[2023-06-23T23:00:37.590+0800][gc,phases     ] GC(3)   Post Evacuate Collection Set: 0.4ms
[2023-06-23T23:00:37.590+0800][gc,phases     ] GC(3)   Other: 0.1ms
[2023-06-23T23:00:37.590+0800][gc,heap       ] GC(3) Eden regions: 248->0(247)
[2023-06-23T23:00:37.590+0800][gc,heap       ] GC(3) Survivor regions: 8->9(32)
[2023-06-23T23:00:37.590+0800][gc,heap       ] GC(3) Old regions: 0->0
[2023-06-23T23:00:37.590+0800][gc,heap       ] GC(3) Humongous regions: 0->0
[2023-06-23T23:00:37.590+0800][gc,metaspace  ] GC(3) Metaspace: 26958K(27904K)->26958K(27904K) NonClass: 23934K(24576K)->23934K(24576K) Class: 3024K(3328K)->3024K(3328K)
[2023-06-23T23:00:37.590+0800][gc            ] GC(3) Pause Young (Normal) (G1 Evacuation Pause) 255M->9M(512M) 4.188ms
[2023-06-23T23:00:37.590+0800][gc,cpu        ] GC(3) User=0.03s Sys=0.00s Real=0.01s
[2023-06-23T23:00:37.840+0800][gc,start      ] GC(4) Pause Young (Normal) (G1 Evacuation Pause)
[2023-06-23T23:00:37.840+0800][gc,task       ] GC(4) Using 8 workers of 8 for evacuation
[2023-06-23T23:00:37.845+0800][gc,phases     ] GC(4)   Pre Evacuate Collection Set: 0.0ms
[2023-06-23T23:00:37.845+0800][gc,phases     ] GC(4)   Evacuate Collection Set: 4.4ms
[2023-06-23T23:00:37.845+0800][gc,phases     ] GC(4)   Post Evacuate Collection Set: 0.5ms
[2023-06-23T23:00:37.845+0800][gc,phases     ] GC(4)   Other: 0.1ms
[2023-06-23T23:00:37.845+0800][gc,heap       ] GC(4) Eden regions: 247->0(244)
[2023-06-23T23:00:37.845+0800][gc,heap       ] GC(4) Survivor regions: 9->12(32)
[2023-06-23T23:00:37.845+0800][gc,heap       ] GC(4) Old regions: 0->0
[2023-06-23T23:00:37.845+0800][gc,heap       ] GC(4) Humongous regions: 0->0
[2023-06-23T23:00:37.845+0800][gc,metaspace  ] GC(4) Metaspace: 29119K(29952K)->29119K(29952K) NonClass: 25887K(26368K)->25887K(26368K) Class: 3231K(3584K)->3231K(3584K)
[2023-06-23T23:00:37.845+0800][gc            ] GC(4) Pause Young (Normal) (G1 Evacuation Pause) 256M->11M(512M) 5.041ms
[2023-06-23T23:00:37.845+0800][gc,cpu        ] GC(4) User=0.03s Sys=0.00s Real=0.00s
[2023-06-23T23:00:37.990+0800][gc,start      ] GC(5) Pause Young (Normal) (G1 Evacuation Pause)
[2023-06-23T23:00:37.990+0800][gc,task       ] GC(5) Using 8 workers of 8 for evacuation
[2023-06-23T23:00:37.999+0800][gc,phases     ] GC(5)   Pre Evacuate Collection Set: 0.0ms
[2023-06-23T23:00:37.999+0800][gc,phases     ] GC(5)   Evacuate Collection Set: 7.9ms
[2023-06-23T23:00:37.999+0800][gc,phases     ] GC(5)   Post Evacuate Collection Set: 1.1ms
[2023-06-23T23:00:37.999+0800][gc,phases     ] GC(5)   Other: 0.1ms
[2023-06-23T23:00:37.999+0800][gc,heap       ] GC(5) Eden regions: 244->0(242)
[2023-06-23T23:00:37.999+0800][gc,heap       ] GC(5) Survivor regions: 12->14(32)
[2023-06-23T23:00:37.999+0800][gc,heap       ] GC(5) Old regions: 0->0
[2023-06-23T23:00:37.999+0800][gc,heap       ] GC(5) Humongous regions: 0->0
[2023-06-23T23:00:37.999+0800][gc,metaspace  ] GC(5) Metaspace: 29534K(30592K)->29534K(30592K) NonClass: 26254K(26880K)->26254K(26880K) Class: 3279K(3712K)->3279K(3712K)
[2023-06-23T23:00:37.999+0800][gc            ] GC(5) Pause Young (Normal) (G1 Evacuation Pause) 255M->13M(512M) 9.390ms
[2023-06-23T23:00:37.999+0800][gc,cpu        ] GC(5) User=0.02s Sys=0.01s Real=0.00s
[2023-06-23T23:00:38.388+0800][gc,start      ] GC(6) Pause Young (Normal) (G1 Evacuation Pause)
[2023-06-23T23:00:38.388+0800][gc,task       ] GC(6) Using 8 workers of 8 for evacuation
[2023-06-23T23:00:38.393+0800][gc,phases     ] GC(6)   Pre Evacuate Collection Set: 0.0ms
[2023-06-23T23:00:38.393+0800][gc,phases     ] GC(6)   Evacuate Collection Set: 4.9ms
[2023-06-23T23:00:38.393+0800][gc,phases     ] GC(6)   Post Evacuate Collection Set: 0.5ms
[2023-06-23T23:00:38.393+0800][gc,phases     ] GC(6)   Other: 0.2ms
[2023-06-23T23:00:38.393+0800][gc,heap       ] GC(6) Eden regions: 242->0(242)
[2023-06-23T23:00:38.393+0800][gc,heap       ] GC(6) Survivor regions: 14->14(32)
[2023-06-23T23:00:38.393+0800][gc,heap       ] GC(6) Old regions: 0->0
[2023-06-23T23:00:38.393+0800][gc,heap       ] GC(6) Humongous regions: 0->0
[2023-06-23T23:00:38.393+0800][gc,metaspace  ] GC(6) Metaspace: 32819K(33792K)->32819K(33792K) NonClass: 29080K(29696K)->29080K(29696K) Class: 3739K(4096K)->3739K(4096K)
[2023-06-23T23:00:38.393+0800][gc            ] GC(6) Pause Young (Normal) (G1 Evacuation Pause) 255M->13M(512M) 5.618ms
[2023-06-23T23:00:38.393+0800][gc,cpu        ] GC(6) User=0.03s Sys=0.00s Real=0.01s
[2023-06-23T23:00:38.564+0800][gc,start      ] GC(7) Pause Young (Concurrent Start) (Metadata GC Threshold)
[2023-06-23T23:00:38.564+0800][gc,task       ] GC(7) Using 8 workers of 8 for evacuation
[2023-06-23T23:00:38.570+0800][gc,phases     ] GC(7)   Pre Evacuate Collection Set: 0.1ms
[2023-06-23T23:00:38.570+0800][gc,phases     ] GC(7)   Evacuate Collection Set: 5.7ms
[2023-06-23T23:00:38.570+0800][gc,phases     ] GC(7)   Post Evacuate Collection Set: 0.6ms
[2023-06-23T23:00:38.570+0800][gc,phases     ] GC(7)   Other: 0.1ms
[2023-06-23T23:00:38.570+0800][gc,heap       ] GC(7) Eden regions: 82->0(241)
[2023-06-23T23:00:38.570+0800][gc,heap       ] GC(7) Survivor regions: 14->15(32)
[2023-06-23T23:00:38.570+0800][gc,heap       ] GC(7) Old regions: 0->0
[2023-06-23T23:00:38.570+0800][gc,heap       ] GC(7) Humongous regions: 0->0
[2023-06-23T23:00:38.570+0800][gc,metaspace  ] GC(7) Metaspace: 34846K(35840K)->34846K(35840K) NonClass: 30848K(31488K)->30848K(31488K) Class: 3998K(4352K)->3998K(4352K)
[2023-06-23T23:00:38.570+0800][gc            ] GC(7) Pause Young (Concurrent Start) (Metadata GC Threshold) 95M->14M(512M) 6.562ms
[2023-06-23T23:00:38.570+0800][gc,cpu        ] GC(7) User=0.04s Sys=0.00s Real=0.01s
[2023-06-23T23:00:38.570+0800][gc            ] GC(8) Concurrent Cycle
[2023-06-23T23:00:38.570+0800][gc,marking    ] GC(8) Concurrent Clear Claimed Marks
[2023-06-23T23:00:38.570+0800][gc,marking    ] GC(8) Concurrent Clear Claimed Marks 0.088ms
[2023-06-23T23:00:38.570+0800][gc,marking    ] GC(8) Concurrent Scan Root Regions
[2023-06-23T23:00:38.573+0800][gc,marking    ] GC(8) Concurrent Scan Root Regions 2.442ms
[2023-06-23T23:00:38.573+0800][gc,marking    ] GC(8) Concurrent Mark (2.108s)
[2023-06-23T23:00:38.573+0800][gc,marking    ] GC(8) Concurrent Mark From Roots
[2023-06-23T23:00:38.573+0800][gc,task       ] GC(8) Using 2 workers of 2 for marking
[2023-06-23T23:00:38.573+0800][gc,marking    ] GC(8) Concurrent Mark From Roots 0.100ms
[2023-06-23T23:00:38.573+0800][gc,marking    ] GC(8) Concurrent Preclean
[2023-06-23T23:00:38.573+0800][gc,marking    ] GC(8) Concurrent Preclean 0.013ms
[2023-06-23T23:00:38.573+0800][gc,marking    ] GC(8) Concurrent Mark (2.108s, 2.108s) 0.146ms
[2023-06-23T23:00:38.573+0800][gc,start      ] GC(8) Pause Remark
[2023-06-23T23:00:38.575+0800][gc,stringtable] GC(8) Cleaned string and symbol table, strings: 14932 processed, 0 removed, symbols: 115739 processed, 375 removed
[2023-06-23T23:00:38.575+0800][gc            ] GC(8) Pause Remark 15M->15M(512M) 1.793ms
[2023-06-23T23:00:38.575+0800][gc,cpu        ] GC(8) User=0.01s Sys=0.00s Real=0.00s
[2023-06-23T23:00:38.575+0800][gc,marking    ] GC(8) Concurrent Rebuild Remembered Sets
[2023-06-23T23:00:38.575+0800][gc,marking    ] GC(8) Concurrent Rebuild Remembered Sets 0.027ms
[2023-06-23T23:00:38.576+0800][gc,start      ] GC(8) Pause Cleanup
[2023-06-23T23:00:38.576+0800][gc            ] GC(8) Pause Cleanup 15M->15M(512M) 0.050ms
[2023-06-23T23:00:38.576+0800][gc,cpu        ] GC(8) User=0.00s Sys=0.00s Real=0.00s
[2023-06-23T23:00:38.576+0800][gc,marking    ] GC(8) Concurrent Cleanup for Next Mark
[2023-06-23T23:00:38.577+0800][gc,marking    ] GC(8) Concurrent Cleanup for Next Mark 0.741ms
[2023-06-23T23:00:38.577+0800][gc            ] GC(8) Concurrent Cycle 6.874ms
[2023-06-23T23:00:39.021+0800][gc,start      ] GC(9) Pause Young (Normal) (G1 Evacuation Pause)
[2023-06-23T23:00:39.021+0800][gc,task       ] GC(9) Using 8 workers of 8 for evacuation
[2023-06-23T23:00:39.027+0800][gc,phases     ] GC(9)   Pre Evacuate Collection Set: 0.0ms
[2023-06-23T23:00:39.027+0800][gc,phases     ] GC(9)   Evacuate Collection Set: 5.0ms
[2023-06-23T23:00:39.027+0800][gc,phases     ] GC(9)   Post Evacuate Collection Set: 0.8ms
[2023-06-23T23:00:39.027+0800][gc,phases     ] GC(9)   Other: 0.1ms
[2023-06-23T23:00:39.027+0800][gc,heap       ] GC(9) Eden regions: 241->0(238)
[2023-06-23T23:00:39.027+0800][gc,heap       ] GC(9) Survivor regions: 15->18(32)
[2023-06-23T23:00:39.027+0800][gc,heap       ] GC(9) Old regions: 0->0
[2023-06-23T23:00:39.027+0800][gc,heap       ] GC(9) Humongous regions: 0->0
[2023-06-23T23:00:39.027+0800][gc,metaspace  ] GC(9) Metaspace: 41045K(42368K)->41045K(42368K) NonClass: 36283K(37120K)->36283K(37120K) Class: 4762K(5248K)->4762K(5248K)
[2023-06-23T23:00:39.027+0800][gc            ] GC(9) Pause Young (Normal) (G1 Evacuation Pause) 255M->17M(512M) 5.955ms
[2023-06-23T23:00:39.027+0800][gc,cpu        ] GC(9) User=0.04s Sys=0.00s Real=0.00s
[2023-06-23T23:00:39.562+0800][gc,start      ] GC(10) Pause Young (Normal) (G1 Evacuation Pause)
[2023-06-23T23:00:39.562+0800][gc,task       ] GC(10) Using 8 workers of 8 for evacuation
[2023-06-23T23:00:39.570+0800][gc,phases     ] GC(10)   Pre Evacuate Collection Set: 0.0ms
[2023-06-23T23:00:39.570+0800][gc,phases     ] GC(10)   Evacuate Collection Set: 7.2ms
[2023-06-23T23:00:39.570+0800][gc,phases     ] GC(10)   Post Evacuate Collection Set: 0.8ms
[2023-06-23T23:00:39.570+0800][gc,phases     ] GC(10)   Other: 0.1ms
[2023-06-23T23:00:39.570+0800][gc,heap       ] GC(10) Eden regions: 238->0(240)
[2023-06-23T23:00:39.570+0800][gc,heap       ] GC(10) Survivor regions: 18->16(32)
[2023-06-23T23:00:39.570+0800][gc,heap       ] GC(10) Old regions: 0->5
[2023-06-23T23:00:39.570+0800][gc,heap       ] GC(10) Humongous regions: 0->0
[2023-06-23T23:00:39.570+0800][gc,metaspace  ] GC(10) Metaspace: 51311K(52992K)->51311K(52992K) NonClass: 45274K(46336K)->45274K(46336K) Class: 6037K(6656K)->6037K(6656K)
[2023-06-23T23:00:39.570+0800][gc            ] GC(10) Pause Young (Normal) (G1 Evacuation Pause) 255M->20M(512M) 8.146ms
[2023-06-23T23:00:39.570+0800][gc,cpu        ] GC(10) User=0.04s Sys=0.00s Real=0.01s
[2023-06-23T23:00:39.975+0800][gc,start      ] GC(11) Pause Young (Concurrent Start) (Metadata GC Threshold)
[2023-06-23T23:00:39.975+0800][gc,task       ] GC(11) Using 8 workers of 8 for evacuation
[2023-06-23T23:00:39.982+0800][gc,phases     ] GC(11)   Pre Evacuate Collection Set: 0.2ms
[2023-06-23T23:00:39.982+0800][gc,phases     ] GC(11)   Evacuate Collection Set: 6.5ms
[2023-06-23T23:00:39.982+0800][gc,phases     ] GC(11)   Post Evacuate Collection Set: 0.5ms
[2023-06-23T23:00:39.982+0800][gc,phases     ] GC(11)   Other: 0.1ms
[2023-06-23T23:00:39.982+0800][gc,heap       ] GC(11) Eden regions: 145->0(235)
[2023-06-23T23:00:39.982+0800][gc,heap       ] GC(11) Survivor regions: 16->21(32)
[2023-06-23T23:00:39.982+0800][gc,heap       ] GC(11) Old regions: 5->5
[2023-06-23T23:00:39.982+0800][gc,heap       ] GC(11) Humongous regions: 5->5
[2023-06-23T23:00:39.982+0800][gc,metaspace  ] GC(11) Metaspace: 58154K(59904K)->58154K(59904K) NonClass: 51281K(52224K)->51281K(52224K) Class: 6873K(7680K)->6873K(7680K)
[2023-06-23T23:00:39.982+0800][gc            ] GC(11) Pause Young (Concurrent Start) (Metadata GC Threshold) 170M->30M(512M) 7.244ms
[2023-06-23T23:00:39.982+0800][gc,cpu        ] GC(11) User=0.04s Sys=0.00s Real=0.01s
[2023-06-23T23:00:39.982+0800][gc            ] GC(12) Concurrent Cycle
[2023-06-23T23:00:39.982+0800][gc,marking    ] GC(12) Concurrent Clear Claimed Marks
[2023-06-23T23:00:39.982+0800][gc,marking    ] GC(12) Concurrent Clear Claimed Marks 0.150ms
[2023-06-23T23:00:39.982+0800][gc,marking    ] GC(12) Concurrent Scan Root Regions
[2023-06-23T23:00:39.986+0800][gc,marking    ] GC(12) Concurrent Scan Root Regions 4.136ms
[2023-06-23T23:00:39.986+0800][gc,marking    ] GC(12) Concurrent Mark (3.522s)
[2023-06-23T23:00:39.986+0800][gc,marking    ] GC(12) Concurrent Mark From Roots
[2023-06-23T23:00:39.986+0800][gc,task       ] GC(12) Using 2 workers of 2 for marking
[2023-06-23T23:00:39.990+0800][gc,marking    ] GC(12) Concurrent Mark From Roots 3.333ms
[2023-06-23T23:00:39.990+0800][gc,marking    ] GC(12) Concurrent Preclean
[2023-06-23T23:00:39.990+0800][gc,marking    ] GC(12) Concurrent Preclean 0.021ms
[2023-06-23T23:00:39.990+0800][gc,marking    ] GC(12) Concurrent Mark (3.522s, 3.525s) 3.381ms
[2023-06-23T23:00:39.990+0800][gc,start      ] GC(12) Pause Remark
[2023-06-23T23:00:39.993+0800][gc,stringtable] GC(12) Cleaned string and symbol table, strings: 27588 processed, 15 removed, symbols: 176240 processed, 326 removed
[2023-06-23T23:00:39.993+0800][gc            ] GC(12) Pause Remark 33M->33M(512M) 2.968ms
[2023-06-23T23:00:39.993+0800][gc,cpu        ] GC(12) User=0.02s Sys=0.00s Real=0.00s
[2023-06-23T23:00:39.993+0800][gc,marking    ] GC(12) Concurrent Rebuild Remembered Sets
[2023-06-23T23:00:39.995+0800][gc,marking    ] GC(12) Concurrent Rebuild Remembered Sets 2.619ms
[2023-06-23T23:00:39.995+0800][gc,start      ] GC(12) Pause Cleanup
[2023-06-23T23:00:39.995+0800][gc            ] GC(12) Pause Cleanup 35M->35M(512M) 0.049ms
[2023-06-23T23:00:39.995+0800][gc,cpu        ] GC(12) User=0.00s Sys=0.00s Real=0.00s
[2023-06-23T23:00:39.995+0800][gc,marking    ] GC(12) Concurrent Cleanup for Next Mark
[2023-06-23T23:00:39.996+0800][gc,marking    ] GC(12) Concurrent Cleanup for Next Mark 0.424ms
[2023-06-23T23:00:39.996+0800][gc            ] GC(12) Concurrent Cycle 13.970ms
[2023-06-23T23:00:40.502+0800][gc,start      ] GC(13) Pause Young (Normal) (G1 Evacuation Pause)
[2023-06-23T23:00:40.502+0800][gc,task       ] GC(13) Using 8 workers of 8 for evacuation
[2023-06-23T23:00:40.511+0800][gc,phases     ] GC(13)   Pre Evacuate Collection Set: 0.0ms
[2023-06-23T23:00:40.511+0800][gc,phases     ] GC(13)   Evacuate Collection Set: 7.6ms
[2023-06-23T23:00:40.511+0800][gc,phases     ] GC(13)   Post Evacuate Collection Set: 0.8ms
[2023-06-23T23:00:40.511+0800][gc,phases     ] GC(13)   Other: 0.1ms
[2023-06-23T23:00:40.511+0800][gc,heap       ] GC(13) Eden regions: 235->0(234)
[2023-06-23T23:00:40.511+0800][gc,heap       ] GC(13) Survivor regions: 21->22(32)
[2023-06-23T23:00:40.511+0800][gc,heap       ] GC(13) Old regions: 5->10
[2023-06-23T23:00:40.511+0800][gc,heap       ] GC(13) Humongous regions: 5->5
[2023-06-23T23:00:40.511+0800][gc,metaspace  ] GC(13) Metaspace: 64577K(66944K)->64577K(66944K) NonClass: 56812K(58112K)->56812K(58112K) Class: 7764K(8832K)->7764K(8832K)
[2023-06-23T23:00:40.511+0800][gc            ] GC(13) Pause Young (Normal) (G1 Evacuation Pause) 265M->36M(512M) 8.584ms
[2023-06-23T23:00:40.511+0800][gc,cpu        ] GC(13) User=0.05s Sys=0.00s Real=0.01s
[2023-06-23T23:00:48.072+0800][gc,start      ] GC(14) Pause Young (Normal) (G1 Evacuation Pause)
[2023-06-23T23:00:48.072+0800][gc,task       ] GC(14) Using 8 workers of 8 for evacuation
[2023-06-23T23:00:48.080+0800][gc,phases     ] GC(14)   Pre Evacuate Collection Set: 0.0ms
[2023-06-23T23:00:48.080+0800][gc,phases     ] GC(14)   Evacuate Collection Set: 7.1ms
[2023-06-23T23:00:48.080+0800][gc,phases     ] GC(14)   Post Evacuate Collection Set: 0.8ms
[2023-06-23T23:00:48.080+0800][gc,phases     ] GC(14)   Other: 0.3ms
[2023-06-23T23:00:48.080+0800][gc,heap       ] GC(14) Eden regions: 234->0(239)
[2023-06-23T23:00:48.080+0800][gc,heap       ] GC(14) Survivor regions: 22->17(32)
[2023-06-23T23:00:48.080+0800][gc,heap       ] GC(14) Old regions: 10->16
[2023-06-23T23:00:48.080+0800][gc,heap       ] GC(14) Humongous regions: 9->9
[2023-06-23T23:00:48.080+0800][gc,metaspace  ] GC(14) Metaspace: 71529K(74112K)->71529K(74112K) NonClass: 62934K(64256K)->62934K(64256K) Class: 8595K(9856K)->8595K(9856K)
[2023-06-23T23:00:48.080+0800][gc            ] GC(14) Pause Young (Normal) (G1 Evacuation Pause) 274M->41M(512M) 8.348ms
[2023-06-23T23:00:48.080+0800][gc,cpu        ] GC(14) User=0.04s Sys=0.00s Real=0.01s
[2023-06-23T23:47:00.558+0800][gc,heap,exit  ] Heap
[2023-06-23T23:47:00.559+0800][gc,heap,exit  ]  garbage-first heap   total 524288K, used 235048K [0x00000007a0000000, 0x00000007c0000000)
[2023-06-23T23:47:00.559+0800][gc,heap,exit  ]   region size 1024K, 207 young (211968K), 17 survivors (17408K)
[2023-06-23T23:47:00.559+0800][gc,heap,exit  ]  Metaspace       used 75366K, capacity 77996K, committed 78336K, reserved 1118208K
[2023-06-23T23:47:00.559+0800][gc,heap,exit  ]   class space    used 8766K, capacity 10124K, committed 10240K, reserved 1048576K
