[2023-07-23T14:39:14.737+0800][gc] Using G1
[2023-07-23T14:39:14.737+0800][gc,init] Version: 17.0.7+8-LTS-224 (release)
[2023-07-23T14:39:14.737+0800][gc,init] CPUs: 8 total, 8 available
[2023-07-23T14:39:14.737+0800][gc,init] Memory: 16384M
[2023-07-23T14:39:14.737+0800][gc,init] Large Page Support: Disabled
[2023-07-23T14:39:14.737+0800][gc,init] NUMA Support: Disabled
[2023-07-23T14:39:14.737+0800][gc,init] Compressed Oops: Enabled (Zero based)
[2023-07-23T14:39:14.737+0800][gc,init] Heap Region Size: 1M
[2023-07-23T14:39:14.737+0800][gc,init] Heap Min Capacity: 512M
[2023-07-23T14:39:14.737+0800][gc,init] Heap Initial Capacity: 512M
[2023-07-23T14:39:14.737+0800][gc,init] Heap Max Capacity: 512M
[2023-07-23T14:39:14.737+0800][gc,init] Pre-touch: Disabled
[2023-07-23T14:39:14.737+0800][gc,init] Parallel Workers: 8
[2023-07-23T14:39:14.737+0800][gc,init] Concurrent Workers: 2
[2023-07-23T14:39:14.737+0800][gc,init] Concurrent Refinement Workers: 8
[2023-07-23T14:39:14.737+0800][gc,init] Periodic GC: Disabled
[2023-07-23T14:39:14.737+0800][gc,metaspace] CDS archive(s) mapped at: [0x0000000800000000-0x0000000800bd8000-0x0000000800bd8000), size 12419072, SharedBaseAddress: 0x0000000800000000, ArchiveRelocationMode: 0.
[2023-07-23T14:39:14.738+0800][gc,metaspace] Compressed class space mapped at: 0x0000000800c00000-0x0000000840c00000, reserved size: 1073741824
[2023-07-23T14:39:14.738+0800][gc,metaspace] Narrow klass base: 0x0000000800000000, Narrow klass shift: 0, Narrow klass range: 0x100000000
[2023-07-23T14:39:15.239+0800][gc,start    ] GC(0) Pause Young (Normal) (G1 Evacuation Pause)
[2023-07-23T14:39:15.239+0800][gc,task     ] GC(0) Using 8 workers of 8 for evacuation
[2023-07-23T14:39:15.242+0800][gc,phases   ] GC(0)   Pre Evacuate Collection Set: 0.1ms
[2023-07-23T14:39:15.242+0800][gc,phases   ] GC(0)   Merge Heap Roots: 0.1ms
[2023-07-23T14:39:15.242+0800][gc,phases   ] GC(0)   Evacuate Collection Set: 1.7ms
[2023-07-23T14:39:15.242+0800][gc,phases   ] GC(0)   Post Evacuate Collection Set: 0.3ms
[2023-07-23T14:39:15.242+0800][gc,phases   ] GC(0)   Other: 0.5ms
[2023-07-23T14:39:15.242+0800][gc,heap     ] GC(0) Eden regions: 256->0(251)
[2023-07-23T14:39:15.242+0800][gc,heap     ] GC(0) Survivor regions: 0->5(32)
[2023-07-23T14:39:15.242+0800][gc,heap     ] GC(0) Old regions: 0->0
[2023-07-23T14:39:15.242+0800][gc,heap     ] GC(0) Archive regions: 2->2
[2023-07-23T14:39:15.242+0800][gc,heap     ] GC(0) Humongous regions: 0->0
[2023-07-23T14:39:15.242+0800][gc,metaspace] GC(0) Metaspace: 7812K(8000K)->7812K(8000K) NonClass: 6881K(6976K)->6881K(6976K) Class: 930K(1024K)->930K(1024K)
[2023-07-23T14:39:15.242+0800][gc          ] GC(0) Pause Young (Normal) (G1 Evacuation Pause) 256M->5M(512M) 2.697ms
[2023-07-23T14:39:15.242+0800][gc,cpu      ] GC(0) User=0.01s Sys=0.00s Real=0.01s
[2023-07-23T14:39:15.655+0800][gc,start    ] GC(1) Pause Young (Normal) (G1 Evacuation Pause)
[2023-07-23T14:39:15.655+0800][gc,task     ] GC(1) Using 8 workers of 8 for evacuation
[2023-07-23T14:39:15.657+0800][gc,phases   ] GC(1)   Pre Evacuate Collection Set: 0.1ms
[2023-07-23T14:39:15.657+0800][gc,phases   ] GC(1)   Merge Heap Roots: 0.1ms
[2023-07-23T14:39:15.657+0800][gc,phases   ] GC(1)   Evacuate Collection Set: 1.8ms
[2023-07-23T14:39:15.657+0800][gc,phases   ] GC(1)   Post Evacuate Collection Set: 0.3ms
[2023-07-23T14:39:15.657+0800][gc,phases   ] GC(1)   Other: 0.1ms
[2023-07-23T14:39:15.657+0800][gc,heap     ] GC(1) Eden regions: 251->0(249)
[2023-07-23T14:39:15.657+0800][gc,heap     ] GC(1) Survivor regions: 5->7(32)
[2023-07-23T14:39:15.657+0800][gc,heap     ] GC(1) Old regions: 0->0
[2023-07-23T14:39:15.657+0800][gc,heap     ] GC(1) Archive regions: 2->2
[2023-07-23T14:39:15.657+0800][gc,heap     ] GC(1) Humongous regions: 0->0
[2023-07-23T14:39:15.657+0800][gc,metaspace] GC(1) Metaspace: 12781K(13056K)->12781K(13056K) NonClass: 11265K(11392K)->11265K(11392K) Class: 1516K(1664K)->1516K(1664K)
[2023-07-23T14:39:15.657+0800][gc          ] GC(1) Pause Young (Normal) (G1 Evacuation Pause) 256M->7M(512M) 2.346ms
[2023-07-23T14:39:15.657+0800][gc,cpu      ] GC(1) User=0.02s Sys=0.00s Real=0.00s
[2023-07-23T14:39:15.956+0800][gc,start    ] GC(2) Pause Young (Normal) (G1 Evacuation Pause)
[2023-07-23T14:39:15.956+0800][gc,task     ] GC(2) Using 8 workers of 8 for evacuation
[2023-07-23T14:39:15.959+0800][gc,phases   ] GC(2)   Pre Evacuate Collection Set: 0.1ms
[2023-07-23T14:39:15.959+0800][gc,phases   ] GC(2)   Merge Heap Roots: 0.0ms
[2023-07-23T14:39:15.959+0800][gc,phases   ] GC(2)   Evacuate Collection Set: 3.0ms
[2023-07-23T14:39:15.959+0800][gc,phases   ] GC(2)   Post Evacuate Collection Set: 0.4ms
[2023-07-23T14:39:15.959+0800][gc,phases   ] GC(2)   Other: 0.1ms
[2023-07-23T14:39:15.959+0800][gc,heap     ] GC(2) Eden regions: 249->0(246)
[2023-07-23T14:39:15.959+0800][gc,heap     ] GC(2) Survivor regions: 7->10(32)
[2023-07-23T14:39:15.959+0800][gc,heap     ] GC(2) Old regions: 0->0
[2023-07-23T14:39:15.959+0800][gc,heap     ] GC(2) Archive regions: 2->2
[2023-07-23T14:39:15.959+0800][gc,heap     ] GC(2) Humongous regions: 0->0
[2023-07-23T14:39:15.959+0800][gc,metaspace] GC(2) Metaspace: 19237K(19520K)->19237K(19520K) NonClass: 16950K(17088K)->16950K(17088K) Class: 2287K(2432K)->2287K(2432K)
[2023-07-23T14:39:15.959+0800][gc          ] GC(2) Pause Young (Normal) (G1 Evacuation Pause) 256M->10M(512M) 3.643ms
[2023-07-23T14:39:15.959+0800][gc,cpu      ] GC(2) User=0.02s Sys=0.00s Real=0.00s
[2023-07-23T14:39:16.098+0800][gc,start    ] GC(3) Pause Young (Normal) (G1 Evacuation Pause)
[2023-07-23T14:39:16.098+0800][gc,task     ] GC(3) Using 8 workers of 8 for evacuation
[2023-07-23T14:39:16.101+0800][gc,phases   ] GC(3)   Pre Evacuate Collection Set: 0.1ms
[2023-07-23T14:39:16.101+0800][gc,phases   ] GC(3)   Merge Heap Roots: 0.0ms
[2023-07-23T14:39:16.101+0800][gc,phases   ] GC(3)   Evacuate Collection Set: 2.6ms
[2023-07-23T14:39:16.101+0800][gc,phases   ] GC(3)   Post Evacuate Collection Set: 0.3ms
[2023-07-23T14:39:16.101+0800][gc,phases   ] GC(3)   Other: 0.1ms
[2023-07-23T14:39:16.101+0800][gc,heap     ] GC(3) Eden regions: 246->0(245)
[2023-07-23T14:39:16.101+0800][gc,heap     ] GC(3) Survivor regions: 10->11(32)
[2023-07-23T14:39:16.101+0800][gc,heap     ] GC(3) Old regions: 0->0
[2023-07-23T14:39:16.101+0800][gc,heap     ] GC(3) Archive regions: 2->2
[2023-07-23T14:39:16.101+0800][gc,heap     ] GC(3) Humongous regions: 0->0
[2023-07-23T14:39:16.101+0800][gc,metaspace] GC(3) Metaspace: 20201K(20480K)->20201K(20480K) NonClass: 17816K(17920K)->17816K(17920K) Class: 2385K(2560K)->2385K(2560K)
[2023-07-23T14:39:16.101+0800][gc          ] GC(3) Pause Young (Normal) (G1 Evacuation Pause) 256M->11M(512M) 3.218ms
[2023-07-23T14:39:16.101+0800][gc,cpu      ] GC(3) User=0.01s Sys=0.00s Real=0.01s
[2023-07-23T14:39:16.284+0800][gc,start    ] GC(4) Pause Young (Normal) (G1 Evacuation Pause)
[2023-07-23T14:39:16.284+0800][gc,task     ] GC(4) Using 8 workers of 8 for evacuation
[2023-07-23T14:39:16.287+0800][gc,phases   ] GC(4)   Pre Evacuate Collection Set: 0.1ms
[2023-07-23T14:39:16.288+0800][gc,phases   ] GC(4)   Merge Heap Roots: 0.0ms
[2023-07-23T14:39:16.288+0800][gc,phases   ] GC(4)   Evacuate Collection Set: 2.9ms
[2023-07-23T14:39:16.288+0800][gc,phases   ] GC(4)   Post Evacuate Collection Set: 0.4ms
[2023-07-23T14:39:16.288+0800][gc,phases   ] GC(4)   Other: 0.1ms
[2023-07-23T14:39:16.288+0800][gc,heap     ] GC(4) Eden regions: 245->0(242)
[2023-07-23T14:39:16.288+0800][gc,heap     ] GC(4) Survivor regions: 11->14(32)
[2023-07-23T14:39:16.288+0800][gc,heap     ] GC(4) Old regions: 0->0
[2023-07-23T14:39:16.288+0800][gc,heap     ] GC(4) Archive regions: 2->2
[2023-07-23T14:39:16.288+0800][gc,heap     ] GC(4) Humongous regions: 0->0
[2023-07-23T14:39:16.288+0800][gc,metaspace] GC(4) Metaspace: 20881K(21184K)->20881K(21184K) NonClass: 18412K(18560K)->18412K(18560K) Class: 2469K(2624K)->2469K(2624K)
[2023-07-23T14:39:16.288+0800][gc          ] GC(4) Pause Young (Normal) (G1 Evacuation Pause) 256M->14M(512M) 3.527ms
[2023-07-23T14:39:16.288+0800][gc,cpu      ] GC(4) User=0.03s Sys=0.01s Real=0.00s
[2023-07-23T14:39:16.356+0800][gc,start    ] GC(5) Pause Young (Concurrent Start) (Metadata GC Threshold)
[2023-07-23T14:39:16.356+0800][gc,task     ] GC(5) Using 8 workers of 8 for evacuation
[2023-07-23T14:39:16.360+0800][gc,phases   ] GC(5)   Pre Evacuate Collection Set: 0.1ms
[2023-07-23T14:39:16.360+0800][gc,phases   ] GC(5)   Merge Heap Roots: 0.0ms
[2023-07-23T14:39:16.360+0800][gc,phases   ] GC(5)   Evacuate Collection Set: 3.1ms
[2023-07-23T14:39:16.360+0800][gc,phases   ] GC(5)   Post Evacuate Collection Set: 0.3ms
[2023-07-23T14:39:16.360+0800][gc,phases   ] GC(5)   Other: 0.1ms
[2023-07-23T14:39:16.360+0800][gc,heap     ] GC(5) Eden regions: 66->0(244)
[2023-07-23T14:39:16.360+0800][gc,heap     ] GC(5) Survivor regions: 14->12(32)
[2023-07-23T14:39:16.360+0800][gc,heap     ] GC(5) Old regions: 0->0
[2023-07-23T14:39:16.360+0800][gc,heap     ] GC(5) Archive regions: 2->2
[2023-07-23T14:39:16.360+0800][gc,heap     ] GC(5) Humongous regions: 0->0
[2023-07-23T14:39:16.360+0800][gc,metaspace] GC(5) Metaspace: 21225K(21504K)->21225K(21504K) NonClass: 18710K(18816K)->18710K(18816K) Class: 2515K(2688K)->2515K(2688K)
[2023-07-23T14:39:16.360+0800][gc          ] GC(5) Pause Young (Concurrent Start) (Metadata GC Threshold) 79M->12M(512M) 3.655ms
[2023-07-23T14:39:16.360+0800][gc,cpu      ] GC(5) User=0.02s Sys=0.00s Real=0.01s
[2023-07-23T14:39:16.360+0800][gc          ] GC(6) Concurrent Mark Cycle
[2023-07-23T14:39:16.360+0800][gc,marking  ] GC(6) Concurrent Clear Claimed Marks
[2023-07-23T14:39:16.360+0800][gc,marking  ] GC(6) Concurrent Clear Claimed Marks 0.012ms
[2023-07-23T14:39:16.360+0800][gc,marking  ] GC(6) Concurrent Scan Root Regions
[2023-07-23T14:39:16.362+0800][gc,marking  ] GC(6) Concurrent Scan Root Regions 2.048ms
[2023-07-23T14:39:16.362+0800][gc,marking  ] GC(6) Concurrent Mark
[2023-07-23T14:39:16.362+0800][gc,marking  ] GC(6) Concurrent Mark From Roots
[2023-07-23T14:39:16.362+0800][gc,task     ] GC(6) Using 2 workers of 2 for marking
[2023-07-23T14:39:16.362+0800][gc,marking  ] GC(6) Concurrent Mark From Roots 0.647ms
[2023-07-23T14:39:16.362+0800][gc,marking  ] GC(6) Concurrent Preclean
[2023-07-23T14:39:16.362+0800][gc,marking  ] GC(6) Concurrent Preclean 0.018ms
[2023-07-23T14:39:16.363+0800][gc,start    ] GC(6) Pause Remark
[2023-07-23T14:39:16.363+0800][gc          ] GC(6) Pause Remark 15M->15M(512M) 0.968ms
[2023-07-23T14:39:16.364+0800][gc,cpu      ] GC(6) User=0.00s Sys=0.00s Real=0.00s
[2023-07-23T14:39:16.364+0800][gc,marking  ] GC(6) Concurrent Mark 1.760ms
[2023-07-23T14:39:16.364+0800][gc,marking  ] GC(6) Concurrent Rebuild Remembered Sets
[2023-07-23T14:39:16.364+0800][gc,marking  ] GC(6) Concurrent Rebuild Remembered Sets 0.005ms
[2023-07-23T14:39:16.364+0800][gc,start    ] GC(6) Pause Cleanup
[2023-07-23T14:39:16.364+0800][gc          ] GC(6) Pause Cleanup 15M->15M(512M) 0.010ms
[2023-07-23T14:39:16.364+0800][gc,cpu      ] GC(6) User=0.00s Sys=0.00s Real=0.00s
[2023-07-23T14:39:16.364+0800][gc,marking  ] GC(6) Concurrent Cleanup for Next Mark
[2023-07-23T14:39:16.364+0800][gc,marking  ] GC(6) Concurrent Cleanup for Next Mark 0.760ms
[2023-07-23T14:39:16.364+0800][gc          ] GC(6) Concurrent Mark Cycle 4.791ms
[2023-07-23T14:39:16.720+0800][gc,start    ] GC(7) Pause Young (Normal) (G1 Evacuation Pause)
[2023-07-23T14:39:16.720+0800][gc,task     ] GC(7) Using 8 workers of 8 for evacuation
[2023-07-23T14:39:16.725+0800][gc,phases   ] GC(7)   Pre Evacuate Collection Set: 0.1ms
[2023-07-23T14:39:16.725+0800][gc,phases   ] GC(7)   Merge Heap Roots: 0.0ms
[2023-07-23T14:39:16.725+0800][gc,phases   ] GC(7)   Evacuate Collection Set: 4.3ms
[2023-07-23T14:39:16.725+0800][gc,phases   ] GC(7)   Post Evacuate Collection Set: 0.4ms
[2023-07-23T14:39:16.725+0800][gc,phases   ] GC(7)   Other: 0.1ms
[2023-07-23T14:39:16.725+0800][gc,heap     ] GC(7) Eden regions: 244->0(242)
[2023-07-23T14:39:16.725+0800][gc,heap     ] GC(7) Survivor regions: 12->14(32)
[2023-07-23T14:39:16.725+0800][gc,heap     ] GC(7) Old regions: 0->0
[2023-07-23T14:39:16.725+0800][gc,heap     ] GC(7) Archive regions: 2->2
[2023-07-23T14:39:16.725+0800][gc,heap     ] GC(7) Humongous regions: 0->0
[2023-07-23T14:39:16.725+0800][gc,metaspace] GC(7) Metaspace: 25850K(26176K)->25850K(26176K) NonClass: 22685K(22848K)->22685K(22848K) Class: 3165K(3328K)->3165K(3328K)
[2023-07-23T14:39:16.725+0800][gc          ] GC(7) Pause Young (Normal) (G1 Evacuation Pause) 256M->14M(512M) 4.942ms
[2023-07-23T14:39:16.725+0800][gc,cpu      ] GC(7) User=0.03s Sys=0.00s Real=0.00s
[2023-07-23T14:39:17.122+0800][gc,start    ] GC(8) Pause Young (Normal) (G1 Evacuation Pause)
[2023-07-23T14:39:17.122+0800][gc,task     ] GC(8) Using 8 workers of 8 for evacuation
[2023-07-23T14:39:17.127+0800][gc,phases   ] GC(8)   Pre Evacuate Collection Set: 0.1ms
[2023-07-23T14:39:17.127+0800][gc,phases   ] GC(8)   Merge Heap Roots: 0.1ms
[2023-07-23T14:39:17.127+0800][gc,phases   ] GC(8)   Evacuate Collection Set: 4.2ms
[2023-07-23T14:39:17.127+0800][gc,phases   ] GC(8)   Post Evacuate Collection Set: 0.5ms
[2023-07-23T14:39:17.127+0800][gc,phases   ] GC(8)   Other: 0.1ms
[2023-07-23T14:39:17.127+0800][gc,heap     ] GC(8) Eden regions: 242->0(239)
[2023-07-23T14:39:17.127+0800][gc,heap     ] GC(8) Survivor regions: 14->17(32)
[2023-07-23T14:39:17.127+0800][gc,heap     ] GC(8) Old regions: 0->0
[2023-07-23T14:39:17.127+0800][gc,heap     ] GC(8) Archive regions: 2->2
[2023-07-23T14:39:17.127+0800][gc,heap     ] GC(8) Humongous regions: 0->0
[2023-07-23T14:39:17.127+0800][gc,metaspace] GC(8) Metaspace: 32173K(32576K)->32173K(32576K) NonClass: 28229K(28416K)->28229K(28416K) Class: 3944K(4160K)->3944K(4160K)
[2023-07-23T14:39:17.127+0800][gc          ] GC(8) Pause Young (Normal) (G1 Evacuation Pause) 256M->17M(512M) 4.956ms
[2023-07-23T14:39:17.127+0800][gc,cpu      ] GC(8) User=0.02s Sys=0.01s Real=0.00s
[2023-07-23T14:39:17.376+0800][gc,start    ] GC(9) Pause Young (Concurrent Start) (Metadata GC Threshold)
[2023-07-23T14:39:17.376+0800][gc,task     ] GC(9) Using 8 workers of 8 for evacuation
[2023-07-23T14:39:17.382+0800][gc,phases   ] GC(9)   Pre Evacuate Collection Set: 0.1ms
[2023-07-23T14:39:17.382+0800][gc,phases   ] GC(9)   Merge Heap Roots: 0.0ms
[2023-07-23T14:39:17.382+0800][gc,phases   ] GC(9)   Evacuate Collection Set: 5.5ms
[2023-07-23T14:39:17.382+0800][gc,phases   ] GC(9)   Post Evacuate Collection Set: 0.6ms
[2023-07-23T14:39:17.383+0800][gc,phases   ] GC(9)   Other: 0.1ms
[2023-07-23T14:39:17.383+0800][gc,heap     ] GC(9) Eden regions: 113->0(237)
[2023-07-23T14:39:17.383+0800][gc,heap     ] GC(9) Survivor regions: 17->19(32)
[2023-07-23T14:39:17.383+0800][gc,heap     ] GC(9) Old regions: 0->0
[2023-07-23T14:39:17.383+0800][gc,heap     ] GC(9) Archive regions: 2->2
[2023-07-23T14:39:17.383+0800][gc,heap     ] GC(9) Humongous regions: 0->0
[2023-07-23T14:39:17.383+0800][gc,metaspace] GC(9) Metaspace: 35570K(35968K)->35570K(35968K) NonClass: 31189K(31360K)->31189K(31360K) Class: 4381K(4608K)->4381K(4608K)
[2023-07-23T14:39:17.383+0800][gc          ] GC(9) Pause Young (Concurrent Start) (Metadata GC Threshold) 130M->19M(512M) 6.419ms
[2023-07-23T14:39:17.383+0800][gc,cpu      ] GC(9) User=0.04s Sys=0.00s Real=0.01s
[2023-07-23T14:39:17.383+0800][gc          ] GC(10) Concurrent Mark Cycle
[2023-07-23T14:39:17.383+0800][gc,marking  ] GC(10) Concurrent Clear Claimed Marks
[2023-07-23T14:39:17.383+0800][gc,marking  ] GC(10) Concurrent Clear Claimed Marks 0.026ms
[2023-07-23T14:39:17.383+0800][gc,marking  ] GC(10) Concurrent Scan Root Regions
[2023-07-23T14:39:17.386+0800][gc,marking  ] GC(10) Concurrent Scan Root Regions 3.669ms
[2023-07-23T14:39:17.386+0800][gc,marking  ] GC(10) Concurrent Mark
[2023-07-23T14:39:17.386+0800][gc,marking  ] GC(10) Concurrent Mark From Roots
[2023-07-23T14:39:17.386+0800][gc,task     ] GC(10) Using 2 workers of 2 for marking
[2023-07-23T14:39:17.387+0800][gc,marking  ] GC(10) Concurrent Mark From Roots 1.129ms
[2023-07-23T14:39:17.387+0800][gc,marking  ] GC(10) Concurrent Preclean
[2023-07-23T14:39:17.387+0800][gc,marking  ] GC(10) Concurrent Preclean 0.014ms
[2023-07-23T14:39:17.388+0800][gc,start    ] GC(10) Pause Remark
[2023-07-23T14:39:17.389+0800][gc          ] GC(10) Pause Remark 23M->23M(512M) 1.377ms
[2023-07-23T14:39:17.389+0800][gc,cpu      ] GC(10) User=0.01s Sys=0.00s Real=0.00s
[2023-07-23T14:39:17.389+0800][gc,marking  ] GC(10) Concurrent Mark 2.680ms
[2023-07-23T14:39:17.389+0800][gc,marking  ] GC(10) Concurrent Rebuild Remembered Sets
[2023-07-23T14:39:17.389+0800][gc,marking  ] GC(10) Concurrent Rebuild Remembered Sets 0.006ms
[2023-07-23T14:39:17.389+0800][gc,start    ] GC(10) Pause Cleanup
[2023-07-23T14:39:17.389+0800][gc          ] GC(10) Pause Cleanup 23M->23M(512M) 0.012ms
[2023-07-23T14:39:17.389+0800][gc,cpu      ] GC(10) User=0.00s Sys=0.00s Real=0.00s
[2023-07-23T14:39:17.389+0800][gc,marking  ] GC(10) Concurrent Cleanup for Next Mark
[2023-07-23T14:39:17.390+0800][gc,marking  ] GC(10) Concurrent Cleanup for Next Mark 0.844ms
[2023-07-23T14:39:17.390+0800][gc          ] GC(10) Concurrent Mark Cycle 7.448ms
[2023-07-23T14:39:17.923+0800][gc,start    ] GC(11) Pause Young (Normal) (G1 Evacuation Pause)
[2023-07-23T14:39:17.923+0800][gc,task     ] GC(11) Using 8 workers of 8 for evacuation
[2023-07-23T14:39:17.933+0800][gc,phases   ] GC(11)   Pre Evacuate Collection Set: 0.1ms
[2023-07-23T14:39:17.933+0800][gc,phases   ] GC(11)   Merge Heap Roots: 0.1ms
[2023-07-23T14:39:17.933+0800][gc,phases   ] GC(11)   Evacuate Collection Set: 8.7ms
[2023-07-23T14:39:17.933+0800][gc,phases   ] GC(11)   Post Evacuate Collection Set: 0.7ms
[2023-07-23T14:39:17.933+0800][gc,phases   ] GC(11)   Other: 0.1ms
[2023-07-23T14:39:17.933+0800][gc,heap     ] GC(11) Eden regions: 237->0(236)
[2023-07-23T14:39:17.933+0800][gc,heap     ] GC(11) Survivor regions: 19->20(32)
[2023-07-23T14:39:17.933+0800][gc,heap     ] GC(11) Old regions: 0->4
[2023-07-23T14:39:17.933+0800][gc,heap     ] GC(11) Archive regions: 2->2
[2023-07-23T14:39:17.933+0800][gc,heap     ] GC(11) Humongous regions: 0->0
[2023-07-23T14:39:17.933+0800][gc,metaspace] GC(11) Metaspace: 47128K(47552K)->47128K(47552K) NonClass: 41355K(41536K)->41355K(41536K) Class: 5772K(6016K)->5772K(6016K)
[2023-07-23T14:39:17.933+0800][gc          ] GC(11) Pause Young (Normal) (G1 Evacuation Pause) 256M->24M(512M) 9.675ms
[2023-07-23T14:39:17.933+0800][gc,cpu      ] GC(11) User=0.05s Sys=0.01s Real=0.01s
[2023-07-23T14:39:18.358+0800][gc,start    ] GC(12) Pause Young (Normal) (G1 Evacuation Pause)
[2023-07-23T14:39:18.358+0800][gc,task     ] GC(12) Using 8 workers of 8 for evacuation
[2023-07-23T14:39:18.366+0800][gc,phases   ] GC(12)   Pre Evacuate Collection Set: 0.1ms
[2023-07-23T14:39:18.366+0800][gc,phases   ] GC(12)   Merge Heap Roots: 0.1ms
[2023-07-23T14:39:18.366+0800][gc,phases   ] GC(12)   Evacuate Collection Set: 6.6ms
[2023-07-23T14:39:18.366+0800][gc,phases   ] GC(12)   Post Evacuate Collection Set: 0.6ms
[2023-07-23T14:39:18.366+0800][gc,phases   ] GC(12)   Other: 0.1ms
[2023-07-23T14:39:18.366+0800][gc,heap     ] GC(12) Eden regions: 236->0(236)
[2023-07-23T14:39:18.366+0800][gc,heap     ] GC(12) Survivor regions: 20->20(32)
[2023-07-23T14:39:18.366+0800][gc,heap     ] GC(12) Old regions: 4->9
[2023-07-23T14:39:18.366+0800][gc,heap     ] GC(12) Archive regions: 2->2
[2023-07-23T14:39:18.366+0800][gc,heap     ] GC(12) Humongous regions: 5->5
[2023-07-23T14:39:18.366+0800][gc,metaspace] GC(12) Metaspace: 53130K(53696K)->53130K(53696K) NonClass: 46566K(46848K)->46566K(46848K) Class: 6563K(6848K)->6563K(6848K)
[2023-07-23T14:39:18.366+0800][gc          ] GC(12) Pause Young (Normal) (G1 Evacuation Pause) 265M->34M(512M) 7.616ms
[2023-07-23T14:39:18.366+0800][gc,cpu      ] GC(12) User=0.05s Sys=0.00s Real=0.01s
[2023-07-23T14:39:31.270+0800][gc,start    ] GC(13) Pause Young (Normal) (G1 Evacuation Pause)
[2023-07-23T14:39:31.272+0800][gc,task     ] GC(13) Using 8 workers of 8 for evacuation
[2023-07-23T14:39:31.291+0800][gc,phases   ] GC(13)   Pre Evacuate Collection Set: 0.5ms
[2023-07-23T14:39:31.292+0800][gc,phases   ] GC(13)   Merge Heap Roots: 0.1ms
[2023-07-23T14:39:31.292+0800][gc,phases   ] GC(13)   Evacuate Collection Set: 17.9ms
[2023-07-23T14:39:31.292+0800][gc,phases   ] GC(13)   Post Evacuate Collection Set: 0.8ms
[2023-07-23T14:39:31.292+0800][gc,phases   ] GC(13)   Other: 2.0ms
[2023-07-23T14:39:31.292+0800][gc,heap     ] GC(13) Eden regions: 236->0(237)
[2023-07-23T14:39:31.292+0800][gc,heap     ] GC(13) Survivor regions: 20->19(32)
[2023-07-23T14:39:31.292+0800][gc,heap     ] GC(13) Old regions: 9->13
[2023-07-23T14:39:31.292+0800][gc,heap     ] GC(13) Archive regions: 2->2
[2023-07-23T14:39:31.292+0800][gc,heap     ] GC(13) Humongous regions: 5->5
[2023-07-23T14:39:31.292+0800][gc,metaspace] GC(13) Metaspace: 58301K(58816K)->58301K(58816K) NonClass: 51014K(51264K)->51014K(51264K) Class: 7287K(7552K)->7287K(7552K)
[2023-07-23T14:39:31.292+0800][gc          ] GC(13) Pause Young (Normal) (G1 Evacuation Pause) 270M->36M(512M) 22.058ms
[2023-07-23T14:39:31.292+0800][gc,cpu      ] GC(13) User=0.05s Sys=0.01s Real=0.02s
[2023-07-23T14:39:50.664+0800][gc,start    ] GC(14) Pause Young (Concurrent Start) (Metadata GC Threshold)
[2023-07-23T14:39:50.664+0800][gc,task     ] GC(14) Using 8 workers of 8 for evacuation
[2023-07-23T14:39:50.671+0800][gc,phases   ] GC(14)   Pre Evacuate Collection Set: 0.1ms
[2023-07-23T14:39:50.671+0800][gc,phases   ] GC(14)   Merge Heap Roots: 0.0ms
[2023-07-23T14:39:50.671+0800][gc,phases   ] GC(14)   Evacuate Collection Set: 5.9ms
[2023-07-23T14:39:50.671+0800][gc,phases   ] GC(14)   Post Evacuate Collection Set: 0.7ms
[2023-07-23T14:39:50.671+0800][gc,phases   ] GC(14)   Other: 0.3ms
[2023-07-23T14:39:50.671+0800][gc,heap     ] GC(14) Eden regions: 71->0(239)
[2023-07-23T14:39:50.671+0800][gc,heap     ] GC(14) Survivor regions: 19->17(32)
[2023-07-23T14:39:50.671+0800][gc,heap     ] GC(14) Old regions: 13->16
[2023-07-23T14:39:50.671+0800][gc,heap     ] GC(14) Archive regions: 2->2
[2023-07-23T14:39:50.671+0800][gc,heap     ] GC(14) Humongous regions: 17->17
[2023-07-23T14:39:50.671+0800][gc,metaspace] GC(14) Metaspace: 59983K(60480K)->59983K(60480K) NonClass: 52517K(52736K)->52517K(52736K) Class: 7465K(7744K)->7465K(7744K)
[2023-07-23T14:39:50.671+0800][gc          ] GC(14) Pause Young (Concurrent Start) (Metadata GC Threshold) 118M->49M(512M) 7.107ms
[2023-07-23T14:39:50.671+0800][gc,cpu      ] GC(14) User=0.03s Sys=0.00s Real=0.01s
[2023-07-23T14:39:50.671+0800][gc          ] GC(15) Concurrent Mark Cycle
[2023-07-23T14:39:50.671+0800][gc,marking  ] GC(15) Concurrent Clear Claimed Marks
[2023-07-23T14:39:50.671+0800][gc,marking  ] GC(15) Concurrent Clear Claimed Marks 0.032ms
[2023-07-23T14:39:50.671+0800][gc,marking  ] GC(15) Concurrent Scan Root Regions
[2023-07-23T14:39:50.677+0800][gc,marking  ] GC(15) Concurrent Scan Root Regions 5.237ms
[2023-07-23T14:39:50.677+0800][gc,marking  ] GC(15) Concurrent Mark
[2023-07-23T14:39:50.677+0800][gc,marking  ] GC(15) Concurrent Mark From Roots
[2023-07-23T14:39:50.677+0800][gc,task     ] GC(15) Using 2 workers of 2 for marking
[2023-07-23T14:39:50.684+0800][gc,marking  ] GC(15) Concurrent Mark From Roots 7.190ms
[2023-07-23T14:39:50.684+0800][gc,marking  ] GC(15) Concurrent Preclean
[2023-07-23T14:39:50.684+0800][gc,marking  ] GC(15) Concurrent Preclean 0.048ms
[2023-07-23T14:39:50.684+0800][gc,start    ] GC(15) Pause Remark
[2023-07-23T14:39:50.686+0800][gc          ] GC(15) Pause Remark 53M->53M(512M) 2.130ms
[2023-07-23T14:39:50.686+0800][gc,cpu      ] GC(15) User=0.01s Sys=0.00s Real=0.00s
[2023-07-23T14:39:50.686+0800][gc,marking  ] GC(15) Concurrent Mark 9.638ms
[2023-07-23T14:39:50.686+0800][gc,marking  ] GC(15) Concurrent Rebuild Remembered Sets
[2023-07-23T14:39:50.692+0800][gc,marking  ] GC(15) Concurrent Rebuild Remembered Sets 5.485ms
[2023-07-23T14:39:50.692+0800][gc,start    ] GC(15) Pause Cleanup
[2023-07-23T14:39:50.692+0800][gc          ] GC(15) Pause Cleanup 54M->54M(512M) 0.185ms
[2023-07-23T14:39:50.692+0800][gc,cpu      ] GC(15) User=0.00s Sys=0.00s Real=0.00s
[2023-07-23T14:39:50.692+0800][gc,marking  ] GC(15) Concurrent Cleanup for Next Mark
[2023-07-23T14:39:50.695+0800][gc,marking  ] GC(15) Concurrent Cleanup for Next Mark 2.821ms
[2023-07-23T14:39:50.695+0800][gc          ] GC(15) Concurrent Mark Cycle 24.003ms
[2023-07-23T14:41:59.310+0800][gc,heap,exit] Heap
[2023-07-23T14:41:59.310+0800][gc,heap,exit]  garbage-first heap   total 524288K, used 183788K [0x00000007e0000000, 0x0000000800000000)
[2023-07-23T14:41:59.310+0800][gc,heap,exit]   region size 1024K, 147 young (150528K), 17 survivors (17408K)
[2023-07-23T14:41:59.310+0800][gc,heap,exit]  Metaspace       used 64367K, committed 65024K, reserved 1105920K
[2023-07-23T14:41:59.310+0800][gc,heap,exit]   class space    used 7863K, committed 8192K, reserved 1048576K
