[2023-08-01T15:52:33.663+0800][gc,heap] Heap region size: 1M
[2023-08-01T15:52:33.664+0800][gc     ] Using G1
[2023-08-01T15:52:33.664+0800][gc,heap,coops] Heap address: 0x00000007a0000000, size: 512 MB, Compressed Oops mode: Zero based, Oop shift amount: 3
[2023-08-01T15:52:34.268+0800][gc,start     ] GC(0) Pause Young (Normal) (G1 Evacuation Pause)
[2023-08-01T15:52:34.268+0800][gc,task      ] GC(0) Using 8 workers of 8 for evacuation
[2023-08-01T15:52:34.273+0800][gc,phases    ] GC(0)   Pre Evacuate Collection Set: 0.0ms
[2023-08-01T15:52:34.273+0800][gc,phases    ] GC(0)   Evacuate Collection Set: 3.1ms
[2023-08-01T15:52:34.273+0800][gc,phases    ] GC(0)   Post Evacuate Collection Set: 1.5ms
[2023-08-01T15:52:34.273+0800][gc,phases    ] GC(0)   Other: 0.3ms
[2023-08-01T15:52:34.273+0800][gc,heap      ] GC(0) Eden regions: 256->0(251)
[2023-08-01T15:52:34.273+0800][gc,heap      ] GC(0) Survivor regions: 0->5(32)
[2023-08-01T15:52:34.273+0800][gc,heap      ] GC(0) Old regions: 0->0
[2023-08-01T15:52:34.273+0800][gc,heap      ] GC(0) Humongous regions: 0->0
[2023-08-01T15:52:34.273+0800][gc,metaspace ] GC(0) Metaspace: 16602K(17280K)->16602K(17280K) NonClass: 14862K(15360K)->14862K(15360K) Class: 1740K(1920K)->1740K(1920K)
[2023-08-01T15:52:34.273+0800][gc           ] GC(0) Pause Young (Normal) (G1 Evacuation Pause) 256M->4M(512M) 4.940ms
[2023-08-01T15:52:34.273+0800][gc,cpu       ] GC(0) User=0.03s Sys=0.00s Real=0.01s
[2023-08-01T15:52:34.553+0800][gc,start     ] GC(1) Pause Young (Concurrent Start) (Metadata GC Threshold)
[2023-08-01T15:52:34.553+0800][gc,task      ] GC(1) Using 8 workers of 8 for evacuation
[2023-08-01T15:52:34.559+0800][gc,phases    ] GC(1)   Pre Evacuate Collection Set: 0.0ms
[2023-08-01T15:52:34.559+0800][gc,phases    ] GC(1)   Evacuate Collection Set: 5.1ms
[2023-08-01T15:52:34.559+0800][gc,phases    ] GC(1)   Post Evacuate Collection Set: 0.3ms
[2023-08-01T15:52:34.559+0800][gc,phases    ] GC(1)   Other: 0.1ms
[2023-08-01T15:52:34.559+0800][gc,heap      ] GC(1) Eden regions: 183->0(249)
[2023-08-01T15:52:34.559+0800][gc,heap      ] GC(1) Survivor regions: 5->7(32)
[2023-08-01T15:52:34.559+0800][gc,heap      ] GC(1) Old regions: 0->0
[2023-08-01T15:52:34.559+0800][gc,heap      ] GC(1) Humongous regions: 0->0
[2023-08-01T15:52:34.559+0800][gc,metaspace ] GC(1) Metaspace: 20574K(21248K)->20574K(21248K) NonClass: 18329K(18688K)->18329K(18688K) Class: 2244K(2560K)->2244K(2560K)
[2023-08-01T15:52:34.559+0800][gc           ] GC(1) Pause Young (Concurrent Start) (Metadata GC Threshold) 187M->6M(512M) 5.686ms
[2023-08-01T15:52:34.559+0800][gc,cpu       ] GC(1) User=0.04s Sys=0.00s Real=0.00s
[2023-08-01T15:52:34.559+0800][gc           ] GC(2) Concurrent Cycle
[2023-08-01T15:52:34.559+0800][gc,marking   ] GC(2) Concurrent Clear Claimed Marks
[2023-08-01T15:52:34.559+0800][gc,marking   ] GC(2) Concurrent Clear Claimed Marks 0.018ms
[2023-08-01T15:52:34.559+0800][gc,marking   ] GC(2) Concurrent Scan Root Regions
[2023-08-01T15:52:34.560+0800][gc,marking   ] GC(2) Concurrent Scan Root Regions 1.455ms
[2023-08-01T15:52:34.560+0800][gc,marking   ] GC(2) Concurrent Mark (0.903s)
[2023-08-01T15:52:34.560+0800][gc,marking   ] GC(2) Concurrent Mark From Roots
[2023-08-01T15:52:34.561+0800][gc,task      ] GC(2) Using 2 workers of 2 for marking
[2023-08-01T15:52:34.561+0800][gc,marking   ] GC(2) Concurrent Mark From Roots 0.051ms
[2023-08-01T15:52:34.561+0800][gc,marking   ] GC(2) Concurrent Preclean
[2023-08-01T15:52:34.561+0800][gc,marking   ] GC(2) Concurrent Preclean 0.015ms
[2023-08-01T15:52:34.561+0800][gc,marking   ] GC(2) Concurrent Mark (0.903s, 0.903s) 0.093ms
[2023-08-01T15:52:34.561+0800][gc,start     ] GC(2) Pause Remark
[2023-08-01T15:52:34.562+0800][gc,stringtable] GC(2) Cleaned string and symbol table, strings: 8947 processed, 0 removed, symbols: 66908 processed, 75 removed
[2023-08-01T15:52:34.562+0800][gc            ] GC(2) Pause Remark 8M->8M(512M) 1.150ms
[2023-08-01T15:52:34.562+0800][gc,cpu        ] GC(2) User=0.01s Sys=0.00s Real=0.00s
[2023-08-01T15:52:34.562+0800][gc,marking    ] GC(2) Concurrent Rebuild Remembered Sets
[2023-08-01T15:52:34.562+0800][gc,marking    ] GC(2) Concurrent Rebuild Remembered Sets 0.038ms
[2023-08-01T15:52:34.562+0800][gc,start      ] GC(2) Pause Cleanup
[2023-08-01T15:52:34.562+0800][gc            ] GC(2) Pause Cleanup 8M->8M(512M) 0.047ms
[2023-08-01T15:52:34.562+0800][gc,cpu        ] GC(2) User=0.00s Sys=0.00s Real=0.00s
[2023-08-01T15:52:34.562+0800][gc,marking    ] GC(2) Concurrent Cleanup for Next Mark
[2023-08-01T15:52:34.563+0800][gc,marking    ] GC(2) Concurrent Cleanup for Next Mark 1.129ms
[2023-08-01T15:52:34.563+0800][gc            ] GC(2) Concurrent Cycle 4.300ms
[2023-08-01T15:52:34.865+0800][gc,start      ] GC(3) Pause Young (Normal) (G1 Evacuation Pause)
[2023-08-01T15:52:34.865+0800][gc,task       ] GC(3) Using 8 workers of 8 for evacuation
[2023-08-01T15:52:34.870+0800][gc,phases     ] GC(3)   Pre Evacuate Collection Set: 0.0ms
[2023-08-01T15:52:34.870+0800][gc,phases     ] GC(3)   Evacuate Collection Set: 4.4ms
[2023-08-01T15:52:34.870+0800][gc,phases     ] GC(3)   Post Evacuate Collection Set: 0.4ms
[2023-08-01T15:52:34.870+0800][gc,phases     ] GC(3)   Other: 0.1ms
[2023-08-01T15:52:34.870+0800][gc,heap       ] GC(3) Eden regions: 249->0(245)
[2023-08-01T15:52:34.870+0800][gc,heap       ] GC(3) Survivor regions: 7->11(32)
[2023-08-01T15:52:34.870+0800][gc,heap       ] GC(3) Old regions: 0->0
[2023-08-01T15:52:34.870+0800][gc,heap       ] GC(3) Humongous regions: 0->0
[2023-08-01T15:52:34.870+0800][gc,metaspace  ] GC(3) Metaspace: 27988K(28800K)->27988K(28800K) NonClass: 24868K(25344K)->24868K(25344K) Class: 3120K(3456K)->3120K(3456K)
[2023-08-01T15:52:34.870+0800][gc            ] GC(3) Pause Young (Normal) (G1 Evacuation Pause) 255M->10M(512M) 4.937ms
[2023-08-01T15:52:34.870+0800][gc,cpu        ] GC(3) User=0.03s Sys=0.00s Real=0.01s
[2023-08-01T15:52:35.033+0800][gc,start      ] GC(4) Pause Young (Normal) (G1 Evacuation Pause)
[2023-08-01T15:52:35.033+0800][gc,task       ] GC(4) Using 8 workers of 8 for evacuation
[2023-08-01T15:52:35.037+0800][gc,phases     ] GC(4)   Pre Evacuate Collection Set: 0.0ms
[2023-08-01T15:52:35.037+0800][gc,phases     ] GC(4)   Evacuate Collection Set: 3.6ms
[2023-08-01T15:52:35.037+0800][gc,phases     ] GC(4)   Post Evacuate Collection Set: 0.4ms
[2023-08-01T15:52:35.037+0800][gc,phases     ] GC(4)   Other: 0.1ms
[2023-08-01T15:52:35.037+0800][gc,heap       ] GC(4) Eden regions: 245->0(244)
[2023-08-01T15:52:35.037+0800][gc,heap       ] GC(4) Survivor regions: 11->12(32)
[2023-08-01T15:52:35.037+0800][gc,heap       ] GC(4) Old regions: 0->0
[2023-08-01T15:52:35.037+0800][gc,heap       ] GC(4) Humongous regions: 0->0
[2023-08-01T15:52:35.037+0800][gc,metaspace  ] GC(4) Metaspace: 29126K(30208K)->29126K(30208K) NonClass: 25895K(26624K)->25895K(26624K) Class: 3231K(3584K)->3231K(3584K)
[2023-08-01T15:52:35.037+0800][gc            ] GC(4) Pause Young (Normal) (G1 Evacuation Pause) 255M->12M(512M) 4.154ms
[2023-08-01T15:52:35.037+0800][gc,cpu        ] GC(4) User=0.02s Sys=0.00s Real=0.00s
[2023-08-01T15:52:35.211+0800][gc,start      ] GC(5) Pause Young (Normal) (G1 Evacuation Pause)
[2023-08-01T15:52:35.211+0800][gc,task       ] GC(5) Using 8 workers of 8 for evacuation
[2023-08-01T15:52:35.215+0800][gc,phases     ] GC(5)   Pre Evacuate Collection Set: 0.0ms
[2023-08-01T15:52:35.215+0800][gc,phases     ] GC(5)   Evacuate Collection Set: 3.6ms
[2023-08-01T15:52:35.215+0800][gc,phases     ] GC(5)   Post Evacuate Collection Set: 0.4ms
[2023-08-01T15:52:35.215+0800][gc,phases     ] GC(5)   Other: 0.1ms
[2023-08-01T15:52:35.215+0800][gc,heap       ] GC(5) Eden regions: 244->0(242)
[2023-08-01T15:52:35.215+0800][gc,heap       ] GC(5) Survivor regions: 12->14(32)
[2023-08-01T15:52:35.215+0800][gc,heap       ] GC(5) Old regions: 0->0
[2023-08-01T15:52:35.215+0800][gc,heap       ] GC(5) Humongous regions: 0->0
[2023-08-01T15:52:35.215+0800][gc,metaspace  ] GC(5) Metaspace: 29772K(30848K)->29772K(30848K) NonClass: 26461K(27136K)->26461K(27136K) Class: 3310K(3712K)->3310K(3712K)
[2023-08-01T15:52:35.215+0800][gc            ] GC(5) Pause Young (Normal) (G1 Evacuation Pause) 256M->13M(512M) 4.194ms
[2023-08-01T15:52:35.215+0800][gc,cpu        ] GC(5) User=0.03s Sys=0.00s Real=0.00s
[2023-08-01T15:52:35.574+0800][gc,start      ] GC(6) Pause Young (Normal) (G1 Evacuation Pause)
[2023-08-01T15:52:35.574+0800][gc,task       ] GC(6) Using 8 workers of 8 for evacuation
[2023-08-01T15:52:35.579+0800][gc,phases     ] GC(6)   Pre Evacuate Collection Set: 0.0ms
[2023-08-01T15:52:35.579+0800][gc,phases     ] GC(6)   Evacuate Collection Set: 4.3ms
[2023-08-01T15:52:35.579+0800][gc,phases     ] GC(6)   Post Evacuate Collection Set: 0.4ms
[2023-08-01T15:52:35.579+0800][gc,phases     ] GC(6)   Other: 0.1ms
[2023-08-01T15:52:35.579+0800][gc,heap       ] GC(6) Eden regions: 242->0(242)
[2023-08-01T15:52:35.579+0800][gc,heap       ] GC(6) Survivor regions: 14->14(32)
[2023-08-01T15:52:35.579+0800][gc,heap       ] GC(6) Old regions: 0->0
[2023-08-01T15:52:35.579+0800][gc,heap       ] GC(6) Humongous regions: 0->0
[2023-08-01T15:52:35.579+0800][gc,metaspace  ] GC(6) Metaspace: 33847K(34944K)->33847K(34944K) NonClass: 29983K(30720K)->29983K(30720K) Class: 3863K(4224K)->3863K(4224K)
[2023-08-01T15:52:35.579+0800][gc            ] GC(6) Pause Young (Normal) (G1 Evacuation Pause) 255M->14M(512M) 4.975ms
[2023-08-01T15:52:35.579+0800][gc,cpu        ] GC(6) User=0.03s Sys=0.00s Real=0.00s
[2023-08-01T15:52:35.670+0800][gc,start      ] GC(7) Pause Young (Concurrent Start) (Metadata GC Threshold)
[2023-08-01T15:52:35.670+0800][gc,task       ] GC(7) Using 8 workers of 8 for evacuation
[2023-08-01T15:52:35.675+0800][gc,phases     ] GC(7)   Pre Evacuate Collection Set: 0.0ms
[2023-08-01T15:52:35.675+0800][gc,phases     ] GC(7)   Evacuate Collection Set: 4.4ms
[2023-08-01T15:52:35.675+0800][gc,phases     ] GC(7)   Post Evacuate Collection Set: 0.3ms
[2023-08-01T15:52:35.675+0800][gc,phases     ] GC(7)   Other: 0.1ms
[2023-08-01T15:52:35.675+0800][gc,heap       ] GC(7) Eden regions: 61->0(241)
[2023-08-01T15:52:35.675+0800][gc,heap       ] GC(7) Survivor regions: 14->15(32)
[2023-08-01T15:52:35.675+0800][gc,heap       ] GC(7) Old regions: 0->0
[2023-08-01T15:52:35.675+0800][gc,heap       ] GC(7) Humongous regions: 0->0
[2023-08-01T15:52:35.675+0800][gc,metaspace  ] GC(7) Metaspace: 34815K(35840K)->34815K(35840K) NonClass: 30816K(31488K)->30816K(31488K) Class: 3998K(4352K)->3998K(4352K)
[2023-08-01T15:52:35.675+0800][gc            ] GC(7) Pause Young (Concurrent Start) (Metadata GC Threshold) 74M->14M(512M) 4.935ms
[2023-08-01T15:52:35.675+0800][gc,cpu        ] GC(7) User=0.03s Sys=0.00s Real=0.00s
[2023-08-01T15:52:35.675+0800][gc            ] GC(8) Concurrent Cycle
[2023-08-01T15:52:35.675+0800][gc,marking    ] GC(8) Concurrent Clear Claimed Marks
[2023-08-01T15:52:35.675+0800][gc,marking    ] GC(8) Concurrent Clear Claimed Marks 0.025ms
[2023-08-01T15:52:35.675+0800][gc,marking    ] GC(8) Concurrent Scan Root Regions
[2023-08-01T15:52:35.678+0800][gc,marking    ] GC(8) Concurrent Scan Root Regions 2.433ms
[2023-08-01T15:52:35.678+0800][gc,marking    ] GC(8) Concurrent Mark (2.020s)
[2023-08-01T15:52:35.678+0800][gc,marking    ] GC(8) Concurrent Mark From Roots
[2023-08-01T15:52:35.678+0800][gc,task       ] GC(8) Using 2 workers of 2 for marking
[2023-08-01T15:52:35.678+0800][gc,marking    ] GC(8) Concurrent Mark From Roots 0.061ms
[2023-08-01T15:52:35.678+0800][gc,marking    ] GC(8) Concurrent Preclean
[2023-08-01T15:52:35.678+0800][gc,marking    ] GC(8) Concurrent Preclean 0.020ms
[2023-08-01T15:52:35.678+0800][gc,marking    ] GC(8) Concurrent Mark (2.020s, 2.020s) 0.153ms
[2023-08-01T15:52:35.678+0800][gc,start      ] GC(8) Pause Remark
[2023-08-01T15:52:35.680+0800][gc,stringtable] GC(8) Cleaned string and symbol table, strings: 14921 processed, 0 removed, symbols: 115664 processed, 364 removed
[2023-08-01T15:52:35.680+0800][gc            ] GC(8) Pause Remark 15M->15M(512M) 1.811ms
[2023-08-01T15:52:35.680+0800][gc,cpu        ] GC(8) User=0.01s Sys=0.01s Real=0.01s
[2023-08-01T15:52:35.680+0800][gc,marking    ] GC(8) Concurrent Rebuild Remembered Sets
[2023-08-01T15:52:35.680+0800][gc,marking    ] GC(8) Concurrent Rebuild Remembered Sets 0.047ms
[2023-08-01T15:52:35.680+0800][gc,start      ] GC(8) Pause Cleanup
[2023-08-01T15:52:35.680+0800][gc            ] GC(8) Pause Cleanup 15M->15M(512M) 0.043ms
[2023-08-01T15:52:35.680+0800][gc,cpu        ] GC(8) User=0.00s Sys=0.00s Real=0.00s
[2023-08-01T15:52:35.680+0800][gc,marking    ] GC(8) Concurrent Cleanup for Next Mark
[2023-08-01T15:52:35.681+0800][gc,marking    ] GC(8) Concurrent Cleanup for Next Mark 0.752ms
[2023-08-01T15:52:35.681+0800][gc            ] GC(8) Concurrent Cycle 5.899ms
[2023-08-01T15:52:36.115+0800][gc,start      ] GC(9) Pause Young (Normal) (G1 Evacuation Pause)
[2023-08-01T15:52:36.115+0800][gc,task       ] GC(9) Using 8 workers of 8 for evacuation
[2023-08-01T15:52:36.123+0800][gc,phases     ] GC(9)   Pre Evacuate Collection Set: 0.0ms
[2023-08-01T15:52:36.123+0800][gc,phases     ] GC(9)   Evacuate Collection Set: 7.2ms
[2023-08-01T15:52:36.123+0800][gc,phases     ] GC(9)   Post Evacuate Collection Set: 0.8ms
[2023-08-01T15:52:36.123+0800][gc,phases     ] GC(9)   Other: 0.1ms
[2023-08-01T15:52:36.123+0800][gc,heap       ] GC(9) Eden regions: 241->0(238)
[2023-08-01T15:52:36.123+0800][gc,heap       ] GC(9) Survivor regions: 15->18(32)
[2023-08-01T15:52:36.123+0800][gc,heap       ] GC(9) Old regions: 0->0
[2023-08-01T15:52:36.123+0800][gc,heap       ] GC(9) Humongous regions: 0->0
[2023-08-01T15:52:36.123+0800][gc,metaspace  ] GC(9) Metaspace: 41005K(42368K)->41005K(42368K) NonClass: 36246K(37120K)->36246K(37120K) Class: 4758K(5248K)->4758K(5248K)
[2023-08-01T15:52:36.123+0800][gc            ] GC(9) Pause Young (Normal) (G1 Evacuation Pause) 255M->17M(512M) 8.113ms
[2023-08-01T15:52:36.123+0800][gc,cpu        ] GC(9) User=0.05s Sys=0.00s Real=0.01s
[2023-08-01T15:52:36.664+0800][gc,start      ] GC(10) Pause Young (Normal) (G1 Evacuation Pause)
[2023-08-01T15:52:36.664+0800][gc,task       ] GC(10) Using 8 workers of 8 for evacuation
[2023-08-01T15:52:36.671+0800][gc,phases     ] GC(10)   Pre Evacuate Collection Set: 0.0ms
[2023-08-01T15:52:36.671+0800][gc,phases     ] GC(10)   Evacuate Collection Set: 6.7ms
[2023-08-01T15:52:36.671+0800][gc,phases     ] GC(10)   Post Evacuate Collection Set: 0.6ms
[2023-08-01T15:52:36.671+0800][gc,phases     ] GC(10)   Other: 0.1ms
[2023-08-01T15:52:36.671+0800][gc,heap       ] GC(10) Eden regions: 238->0(240)
[2023-08-01T15:52:36.671+0800][gc,heap       ] GC(10) Survivor regions: 18->16(32)
[2023-08-01T15:52:36.671+0800][gc,heap       ] GC(10) Old regions: 0->5
[2023-08-01T15:52:36.671+0800][gc,heap       ] GC(10) Humongous regions: 0->0
[2023-08-01T15:52:36.671+0800][gc,metaspace  ] GC(10) Metaspace: 50637K(52224K)->50637K(52224K) NonClass: 44664K(45568K)->44664K(45568K) Class: 5973K(6656K)->5973K(6656K)
[2023-08-01T15:52:36.671+0800][gc            ] GC(10) Pause Young (Normal) (G1 Evacuation Pause) 255M->20M(512M) 7.475ms
[2023-08-01T15:52:36.671+0800][gc,cpu        ] GC(10) User=0.05s Sys=0.00s Real=0.01s
[2023-08-01T15:52:37.132+0800][gc,start      ] GC(11) Pause Young (Concurrent Start) (Metadata GC Threshold)
[2023-08-01T15:52:37.132+0800][gc,task       ] GC(11) Using 8 workers of 8 for evacuation
[2023-08-01T15:52:37.138+0800][gc,phases     ] GC(11)   Pre Evacuate Collection Set: 0.0ms
[2023-08-01T15:52:37.138+0800][gc,phases     ] GC(11)   Evacuate Collection Set: 5.6ms
[2023-08-01T15:52:37.138+0800][gc,phases     ] GC(11)   Post Evacuate Collection Set: 0.4ms
[2023-08-01T15:52:37.138+0800][gc,phases     ] GC(11)   Other: 0.1ms
[2023-08-01T15:52:37.138+0800][gc,heap       ] GC(11) Eden regions: 169->0(234)
[2023-08-01T15:52:37.138+0800][gc,heap       ] GC(11) Survivor regions: 16->22(32)
[2023-08-01T15:52:37.138+0800][gc,heap       ] GC(11) Old regions: 5->5
[2023-08-01T15:52:37.138+0800][gc,heap       ] GC(11) Humongous regions: 5->5
[2023-08-01T15:52:37.138+0800][gc,metaspace  ] GC(11) Metaspace: 58157K(59904K)->58157K(59904K) NonClass: 51285K(52224K)->51285K(52224K) Class: 6871K(7680K)->6871K(7680K)
[2023-08-01T15:52:37.138+0800][gc            ] GC(11) Pause Young (Concurrent Start) (Metadata GC Threshold) 194M->31M(512M) 6.208ms
[2023-08-01T15:52:37.138+0800][gc,cpu        ] GC(11) User=0.04s Sys=0.00s Real=0.00s
[2023-08-01T15:52:37.138+0800][gc            ] GC(12) Concurrent Cycle
[2023-08-01T15:52:37.138+0800][gc,marking    ] GC(12) Concurrent Clear Claimed Marks
[2023-08-01T15:52:37.138+0800][gc,marking    ] GC(12) Concurrent Clear Claimed Marks 0.041ms
[2023-08-01T15:52:37.138+0800][gc,marking    ] GC(12) Concurrent Scan Root Regions
[2023-08-01T15:52:37.143+0800][gc,marking    ] GC(12) Concurrent Scan Root Regions 4.497ms
[2023-08-01T15:52:37.143+0800][gc,marking    ] GC(12) Concurrent Mark (3.485s)
[2023-08-01T15:52:37.143+0800][gc,marking    ] GC(12) Concurrent Mark From Roots
[2023-08-01T15:52:37.143+0800][gc,task       ] GC(12) Using 2 workers of 2 for marking
[2023-08-01T15:52:37.146+0800][gc,marking    ] GC(12) Concurrent Mark From Roots 3.282ms
[2023-08-01T15:52:37.146+0800][gc,marking    ] GC(12) Concurrent Preclean
[2023-08-01T15:52:37.146+0800][gc,marking    ] GC(12) Concurrent Preclean 0.024ms
[2023-08-01T15:52:37.146+0800][gc,marking    ] GC(12) Concurrent Mark (3.485s, 3.488s) 3.351ms
[2023-08-01T15:52:37.146+0800][gc,start      ] GC(12) Pause Remark
[2023-08-01T15:52:37.149+0800][gc,stringtable] GC(12) Cleaned string and symbol table, strings: 27603 processed, 15 removed, symbols: 176234 processed, 327 removed
[2023-08-01T15:52:37.149+0800][gc            ] GC(12) Pause Remark 34M->34M(512M) 2.577ms
[2023-08-01T15:52:37.149+0800][gc,cpu        ] GC(12) User=0.02s Sys=0.00s Real=0.00s
[2023-08-01T15:52:37.149+0800][gc,marking    ] GC(12) Concurrent Rebuild Remembered Sets
[2023-08-01T15:52:37.151+0800][gc,marking    ] GC(12) Concurrent Rebuild Remembered Sets 2.402ms
[2023-08-01T15:52:37.151+0800][gc,start      ] GC(12) Pause Cleanup
[2023-08-01T15:52:37.151+0800][gc            ] GC(12) Pause Cleanup 36M->36M(512M) 0.061ms
[2023-08-01T15:52:37.151+0800][gc,cpu        ] GC(12) User=0.00s Sys=0.00s Real=0.00s
[2023-08-01T15:52:37.151+0800][gc,marking    ] GC(12) Concurrent Cleanup for Next Mark
[2023-08-01T15:52:37.152+0800][gc,marking    ] GC(12) Concurrent Cleanup for Next Mark 0.414ms
[2023-08-01T15:52:37.152+0800][gc            ] GC(12) Concurrent Cycle 13.658ms
[2023-08-01T15:52:37.662+0800][gc,start      ] GC(13) Pause Young (Normal) (G1 Evacuation Pause)
[2023-08-01T15:52:37.662+0800][gc,task       ] GC(13) Using 8 workers of 8 for evacuation
[2023-08-01T15:52:37.674+0800][gc,phases     ] GC(13)   Pre Evacuate Collection Set: 0.0ms
[2023-08-01T15:52:37.674+0800][gc,phases     ] GC(13)   Evacuate Collection Set: 10.5ms
[2023-08-01T15:52:37.674+0800][gc,phases     ] GC(13)   Post Evacuate Collection Set: 0.7ms
[2023-08-01T15:52:37.674+0800][gc,phases     ] GC(13)   Other: 0.1ms
[2023-08-01T15:52:37.674+0800][gc,heap       ] GC(13) Eden regions: 234->0(233)
[2023-08-01T15:52:37.674+0800][gc,heap       ] GC(13) Survivor regions: 22->23(32)
[2023-08-01T15:52:37.674+0800][gc,heap       ] GC(13) Old regions: 5->10
[2023-08-01T15:52:37.674+0800][gc,heap       ] GC(13) Humongous regions: 5->5
[2023-08-01T15:52:37.674+0800][gc,metaspace  ] GC(13) Metaspace: 64374K(66688K)->64374K(66688K) NonClass: 56639K(57856K)->56639K(57856K) Class: 7735K(8832K)->7735K(8832K)
[2023-08-01T15:52:37.674+0800][gc            ] GC(13) Pause Young (Normal) (G1 Evacuation Pause) 265M->36M(512M) 11.364ms
[2023-08-01T15:52:37.674+0800][gc,cpu        ] GC(13) User=0.05s Sys=0.00s Real=0.01s
[2023-08-01T15:53:02.939+0800][gc,start      ] GC(14) Pause Young (Normal) (G1 Evacuation Pause)
[2023-08-01T15:53:02.939+0800][gc,task       ] GC(14) Using 8 workers of 8 for evacuation
[2023-08-01T15:53:02.953+0800][gc,phases     ] GC(14)   Pre Evacuate Collection Set: 0.0ms
[2023-08-01T15:53:02.953+0800][gc,phases     ] GC(14)   Evacuate Collection Set: 11.8ms
[2023-08-01T15:53:02.953+0800][gc,phases     ] GC(14)   Post Evacuate Collection Set: 2.1ms
[2023-08-01T15:53:02.953+0800][gc,phases     ] GC(14)   Other: 0.4ms
[2023-08-01T15:53:02.953+0800][gc,heap       ] GC(14) Eden regions: 233->0(238)
[2023-08-01T15:53:02.953+0800][gc,heap       ] GC(14) Survivor regions: 23->18(32)
[2023-08-01T15:53:02.953+0800][gc,heap       ] GC(14) Old regions: 10->16
[2023-08-01T15:53:02.953+0800][gc,heap       ] GC(14) Humongous regions: 9->9
[2023-08-01T15:53:02.953+0800][gc,metaspace  ] GC(14) Metaspace: 70600K(73344K)->70600K(73344K) NonClass: 62107K(63488K)->62107K(63488K) Class: 8492K(9856K)->8492K(9856K)
[2023-08-01T15:53:02.953+0800][gc            ] GC(14) Pause Young (Normal) (G1 Evacuation Pause) 273M->42M(512M) 14.359ms
[2023-08-01T15:53:02.953+0800][gc,cpu        ] GC(14) User=0.04s Sys=0.00s Real=0.02s
[2023-08-01T20:49:55.304+0800][gc,heap,exit  ] Heap
[2023-08-01T20:49:55.306+0800][gc,heap,exit  ]  garbage-first heap   total 524288K, used 253091K [0x00000007a0000000, 0x00000007c0000000)
[2023-08-01T20:49:55.306+0800][gc,heap,exit  ]   region size 1024K, 223 young (228352K), 18 survivors (18432K)
[2023-08-01T20:49:55.306+0800][gc,heap,exit  ]  Metaspace       used 75044K, capacity 77725K, committed 77824K, reserved 1116160K
[2023-08-01T20:49:55.306+0800][gc,heap,exit  ]   class space    used 8767K, capacity 10153K, committed 10240K, reserved 1048576K
