[2023-06-23T21:23:45.067+0800][gc,heap] Heap region size: 1M
[2023-06-23T21:23:45.068+0800][gc     ] Using G1
[2023-06-23T21:23:45.068+0800][gc,heap,coops] Heap address: 0x00000007a0000000, size: 512 MB, Compressed Oops mode: Zero based, Oop shift amount: 3
[2023-06-23T21:23:45.868+0800][gc,start     ] GC(0) Pause Young (Normal) (G1 Evacuation Pause)
[2023-06-23T21:23:45.868+0800][gc,task      ] GC(0) Using 8 workers of 8 for evacuation
[2023-06-23T21:23:45.874+0800][gc,phases    ] GC(0)   Pre Evacuate Collection Set: 0.0ms
[2023-06-23T21:23:45.874+0800][gc,phases    ] GC(0)   Evacuate Collection Set: 4.8ms
[2023-06-23T21:23:45.874+0800][gc,phases    ] GC(0)   Post Evacuate Collection Set: 0.7ms
[2023-06-23T21:23:45.874+0800][gc,phases    ] GC(0)   Other: 0.4ms
[2023-06-23T21:23:45.874+0800][gc,heap      ] GC(0) Eden regions: 256->0(250)
[2023-06-23T21:23:45.874+0800][gc,heap      ] GC(0) Survivor regions: 0->6(32)
[2023-06-23T21:23:45.874+0800][gc,heap      ] GC(0) Old regions: 0->0
[2023-06-23T21:23:45.874+0800][gc,heap      ] GC(0) Humongous regions: 0->0
[2023-06-23T21:23:45.874+0800][gc,metaspace ] GC(0) Metaspace: 19268K(20096K)->19268K(20096K) NonClass: 17176K(17664K)->17176K(17664K) Class: 2092K(2432K)->2092K(2432K)
[2023-06-23T21:23:45.874+0800][gc           ] GC(0) Pause Young (Normal) (G1 Evacuation Pause) 256M->5M(512M) 5.974ms
[2023-06-23T21:23:45.874+0800][gc,cpu       ] GC(0) User=0.03s Sys=0.00s Real=0.01s
[2023-06-23T21:23:46.046+0800][gc,start     ] GC(1) Pause Young (Concurrent Start) (GCLocker Initiated GC)
[2023-06-23T21:23:46.046+0800][gc,task      ] GC(1) Using 8 workers of 8 for evacuation
[2023-06-23T21:23:46.050+0800][gc,phases    ] GC(1)   Pre Evacuate Collection Set: 0.1ms
[2023-06-23T21:23:46.050+0800][gc,phases    ] GC(1)   Evacuate Collection Set: 3.0ms
[2023-06-23T21:23:46.050+0800][gc,phases    ] GC(1)   Post Evacuate Collection Set: 0.3ms
[2023-06-23T21:23:46.050+0800][gc,phases    ] GC(1)   Other: 0.1ms
[2023-06-23T21:23:46.050+0800][gc,heap      ] GC(1) Eden regions: 205->0(248)
[2023-06-23T21:23:46.050+0800][gc,heap      ] GC(1) Survivor regions: 6->8(32)
[2023-06-23T21:23:46.050+0800][gc,heap      ] GC(1) Old regions: 0->0
[2023-06-23T21:23:46.050+0800][gc,heap      ] GC(1) Humongous regions: 0->0
[2023-06-23T21:23:46.050+0800][gc,metaspace ] GC(1) Metaspace: 20519K(21424K)->20519K(21424K) NonClass: 18300K(18864K)->18300K(18864K) Class: 2218K(2560K)->2218K(2560K)
[2023-06-23T21:23:46.050+0800][gc           ] GC(1) Pause Young (Concurrent Start) (GCLocker Initiated GC) 210M->7M(512M) 3.465ms
[2023-06-23T21:23:46.050+0800][gc,cpu       ] GC(1) User=0.02s Sys=0.00s Real=0.01s
[2023-06-23T21:23:46.050+0800][gc           ] GC(2) Concurrent Cycle
[2023-06-23T21:23:46.050+0800][gc,marking   ] GC(2) Concurrent Clear Claimed Marks
[2023-06-23T21:23:46.050+0800][gc,marking   ] GC(2) Concurrent Clear Claimed Marks 0.025ms
[2023-06-23T21:23:46.050+0800][gc,marking   ] GC(2) Concurrent Scan Root Regions
[2023-06-23T21:23:46.051+0800][gc,marking   ] GC(2) Concurrent Scan Root Regions 1.317ms
[2023-06-23T21:23:46.051+0800][gc,marking   ] GC(2) Concurrent Mark (0.989s)
[2023-06-23T21:23:46.051+0800][gc,marking   ] GC(2) Concurrent Mark From Roots
[2023-06-23T21:23:46.051+0800][gc,task      ] GC(2) Using 2 workers of 2 for marking
[2023-06-23T21:23:46.051+0800][gc,marking   ] GC(2) Concurrent Mark From Roots 0.054ms
[2023-06-23T21:23:46.051+0800][gc,marking   ] GC(2) Concurrent Preclean
[2023-06-23T21:23:46.051+0800][gc,marking   ] GC(2) Concurrent Preclean 0.015ms
[2023-06-23T21:23:46.051+0800][gc,marking   ] GC(2) Concurrent Mark (0.989s, 0.989s) 0.087ms
[2023-06-23T21:23:46.051+0800][gc,start     ] GC(2) Pause Remark
[2023-06-23T21:23:46.052+0800][gc,stringtable] GC(2) Cleaned string and symbol table, strings: 9080 processed, 0 removed, symbols: 66815 processed, 77 removed
[2023-06-23T21:23:46.052+0800][gc            ] GC(2) Pause Remark 7M->7M(512M) 1.079ms
[2023-06-23T21:23:46.052+0800][gc,cpu        ] GC(2) User=0.01s Sys=0.00s Real=0.00s
[2023-06-23T21:23:46.052+0800][gc,marking    ] GC(2) Concurrent Rebuild Remembered Sets
[2023-06-23T21:23:46.052+0800][gc,marking    ] GC(2) Concurrent Rebuild Remembered Sets 0.045ms
[2023-06-23T21:23:46.053+0800][gc,start      ] GC(2) Pause Cleanup
[2023-06-23T21:23:46.053+0800][gc            ] GC(2) Pause Cleanup 8M->8M(512M) 0.051ms
[2023-06-23T21:23:46.053+0800][gc,cpu        ] GC(2) User=0.00s Sys=0.00s Real=0.00s
[2023-06-23T21:23:46.053+0800][gc,marking    ] GC(2) Concurrent Cleanup for Next Mark
[2023-06-23T21:23:46.054+0800][gc,marking    ] GC(2) Concurrent Cleanup for Next Mark 1.077ms
[2023-06-23T21:23:46.054+0800][gc            ] GC(2) Concurrent Cycle 3.908ms
[2023-06-23T21:23:46.356+0800][gc,start      ] GC(3) Pause Young (Normal) (G1 Evacuation Pause)
[2023-06-23T21:23:46.356+0800][gc,task       ] GC(3) Using 8 workers of 8 for evacuation
[2023-06-23T21:23:46.361+0800][gc,phases     ] GC(3)   Pre Evacuate Collection Set: 0.0ms
[2023-06-23T21:23:46.361+0800][gc,phases     ] GC(3)   Evacuate Collection Set: 5.0ms
[2023-06-23T21:23:46.361+0800][gc,phases     ] GC(3)   Post Evacuate Collection Set: 0.5ms
[2023-06-23T21:23:46.361+0800][gc,phases     ] GC(3)   Other: 0.1ms
[2023-06-23T21:23:46.361+0800][gc,heap       ] GC(3) Eden regions: 248->0(245)
[2023-06-23T21:23:46.361+0800][gc,heap       ] GC(3) Survivor regions: 8->11(32)
[2023-06-23T21:23:46.361+0800][gc,heap       ] GC(3) Old regions: 0->0
[2023-06-23T21:23:46.361+0800][gc,heap       ] GC(3) Humongous regions: 0->0
[2023-06-23T21:23:46.361+0800][gc,metaspace  ] GC(3) Metaspace: 28093K(28976K)->28093K(28976K) NonClass: 24961K(25520K)->24961K(25520K) Class: 3131K(3456K)->3131K(3456K)
[2023-06-23T21:23:46.361+0800][gc            ] GC(3) Pause Young (Normal) (G1 Evacuation Pause) 255M->10M(512M) 5.711ms
[2023-06-23T21:23:46.361+0800][gc,cpu        ] GC(3) User=0.04s Sys=0.00s Real=0.01s
[2023-06-23T21:23:46.525+0800][gc,start      ] GC(4) Pause Young (Normal) (G1 Evacuation Pause)
[2023-06-23T21:23:46.525+0800][gc,task       ] GC(4) Using 8 workers of 8 for evacuation
[2023-06-23T21:23:46.529+0800][gc,phases     ] GC(4)   Pre Evacuate Collection Set: 0.0ms
[2023-06-23T21:23:46.529+0800][gc,phases     ] GC(4)   Evacuate Collection Set: 3.2ms
[2023-06-23T21:23:46.529+0800][gc,phases     ] GC(4)   Post Evacuate Collection Set: 0.5ms
[2023-06-23T21:23:46.529+0800][gc,phases     ] GC(4)   Other: 0.1ms
[2023-06-23T21:23:46.529+0800][gc,heap       ] GC(4) Eden regions: 245->0(244)
[2023-06-23T21:23:46.529+0800][gc,heap       ] GC(4) Survivor regions: 11->12(32)
[2023-06-23T21:23:46.529+0800][gc,heap       ] GC(4) Old regions: 0->0
[2023-06-23T21:23:46.529+0800][gc,heap       ] GC(4) Humongous regions: 0->0
[2023-06-23T21:23:46.529+0800][gc,metaspace  ] GC(4) Metaspace: 29113K(30128K)->29113K(30128K) NonClass: 25884K(26544K)->25884K(26544K) Class: 3229K(3584K)->3229K(3584K)
[2023-06-23T21:23:46.529+0800][gc            ] GC(4) Pause Young (Normal) (G1 Evacuation Pause) 255M->12M(512M) 3.878ms
[2023-06-23T21:23:46.529+0800][gc,cpu        ] GC(4) User=0.03s Sys=0.00s Real=0.00s
[2023-06-23T21:23:46.721+0800][gc,start      ] GC(5) Pause Young (Normal) (G1 Evacuation Pause)
[2023-06-23T21:23:46.721+0800][gc,task       ] GC(5) Using 8 workers of 8 for evacuation
[2023-06-23T21:23:46.726+0800][gc,phases     ] GC(5)   Pre Evacuate Collection Set: 0.0ms
[2023-06-23T21:23:46.726+0800][gc,phases     ] GC(5)   Evacuate Collection Set: 4.2ms
[2023-06-23T21:23:46.726+0800][gc,phases     ] GC(5)   Post Evacuate Collection Set: 0.5ms
[2023-06-23T21:23:46.726+0800][gc,phases     ] GC(5)   Other: 0.1ms
[2023-06-23T21:23:46.726+0800][gc,heap       ] GC(5) Eden regions: 244->0(242)
[2023-06-23T21:23:46.726+0800][gc,heap       ] GC(5) Survivor regions: 12->14(32)
[2023-06-23T21:23:46.726+0800][gc,heap       ] GC(5) Old regions: 0->0
[2023-06-23T21:23:46.726+0800][gc,heap       ] GC(5) Humongous regions: 0->0
[2023-06-23T21:23:46.726+0800][gc,metaspace  ] GC(5) Metaspace: 29967K(31024K)->29967K(31024K) NonClass: 26635K(27312K)->26635K(27312K) Class: 3332K(3712K)->3332K(3712K)
[2023-06-23T21:23:46.726+0800][gc            ] GC(5) Pause Young (Normal) (G1 Evacuation Pause) 256M->14M(512M) 4.856ms
[2023-06-23T21:23:46.726+0800][gc,cpu        ] GC(5) User=0.03s Sys=0.00s Real=0.00s
[2023-06-23T21:23:47.140+0800][gc,start      ] GC(6) Pause Young (Normal) (G1 Evacuation Pause)
[2023-06-23T21:23:47.140+0800][gc,task       ] GC(6) Using 8 workers of 8 for evacuation
[2023-06-23T21:23:47.147+0800][gc,phases     ] GC(6)   Pre Evacuate Collection Set: 0.0ms
[2023-06-23T21:23:47.147+0800][gc,phases     ] GC(6)   Evacuate Collection Set: 5.6ms
[2023-06-23T21:23:47.147+0800][gc,phases     ] GC(6)   Post Evacuate Collection Set: 0.6ms
[2023-06-23T21:23:47.147+0800][gc,phases     ] GC(6)   Other: 0.1ms
[2023-06-23T21:23:47.147+0800][gc,heap       ] GC(6) Eden regions: 242->0(241)
[2023-06-23T21:23:47.147+0800][gc,heap       ] GC(6) Survivor regions: 14->15(32)
[2023-06-23T21:23:47.147+0800][gc,heap       ] GC(6) Old regions: 0->0
[2023-06-23T21:23:47.147+0800][gc,heap       ] GC(6) Humongous regions: 0->0
[2023-06-23T21:23:47.147+0800][gc,metaspace  ] GC(6) Metaspace: 34522K(35504K)->34522K(35504K) NonClass: 30561K(31152K)->30561K(31152K) Class: 3960K(4352K)->3960K(4352K)
[2023-06-23T21:23:47.147+0800][gc            ] GC(6) Pause Young (Normal) (G1 Evacuation Pause) 256M->14M(512M) 6.398ms
[2023-06-23T21:23:47.147+0800][gc,cpu        ] GC(6) User=0.05s Sys=0.00s Real=0.00s
[2023-06-23T21:23:47.166+0800][gc,start      ] GC(7) Pause Young (Concurrent Start) (Metadata GC Threshold)
[2023-06-23T21:23:47.166+0800][gc,task       ] GC(7) Using 8 workers of 8 for evacuation
[2023-06-23T21:23:47.171+0800][gc,phases     ] GC(7)   Pre Evacuate Collection Set: 0.1ms
[2023-06-23T21:23:47.171+0800][gc,phases     ] GC(7)   Evacuate Collection Set: 4.0ms
[2023-06-23T21:23:47.171+0800][gc,phases     ] GC(7)   Post Evacuate Collection Set: 0.5ms
[2023-06-23T21:23:47.171+0800][gc,phases     ] GC(7)   Other: 0.1ms
[2023-06-23T21:23:47.171+0800][gc,heap       ] GC(7) Eden regions: 5->0(241)
[2023-06-23T21:23:47.171+0800][gc,heap       ] GC(7) Survivor regions: 15->15(32)
[2023-06-23T21:23:47.171+0800][gc,heap       ] GC(7) Old regions: 0->0
[2023-06-23T21:23:47.171+0800][gc,heap       ] GC(7) Humongous regions: 0->0
[2023-06-23T21:23:47.171+0800][gc,metaspace  ] GC(7) Metaspace: 34746K(35712K)->34746K(35712K) NonClass: 30760K(31360K)->30760K(31360K) Class: 3985K(4352K)->3985K(4352K)
[2023-06-23T21:23:47.171+0800][gc            ] GC(7) Pause Young (Concurrent Start) (Metadata GC Threshold) 19M->14M(512M) 4.660ms
[2023-06-23T21:23:47.171+0800][gc,cpu        ] GC(7) User=0.03s Sys=0.00s Real=0.01s
[2023-06-23T21:23:47.171+0800][gc            ] GC(8) Concurrent Cycle
[2023-06-23T21:23:47.171+0800][gc,marking    ] GC(8) Concurrent Clear Claimed Marks
[2023-06-23T21:23:47.171+0800][gc,marking    ] GC(8) Concurrent Clear Claimed Marks 0.033ms
[2023-06-23T21:23:47.171+0800][gc,marking    ] GC(8) Concurrent Scan Root Regions
[2023-06-23T21:23:47.173+0800][gc,marking    ] GC(8) Concurrent Scan Root Regions 2.391ms
[2023-06-23T21:23:47.173+0800][gc,marking    ] GC(8) Concurrent Mark (2.111s)
[2023-06-23T21:23:47.173+0800][gc,marking    ] GC(8) Concurrent Mark From Roots
[2023-06-23T21:23:47.173+0800][gc,task       ] GC(8) Using 2 workers of 2 for marking
[2023-06-23T21:23:47.174+0800][gc,marking    ] GC(8) Concurrent Mark From Roots 0.126ms
[2023-06-23T21:23:47.174+0800][gc,marking    ] GC(8) Concurrent Preclean
[2023-06-23T21:23:47.174+0800][gc,marking    ] GC(8) Concurrent Preclean 0.013ms
[2023-06-23T21:23:47.174+0800][gc,marking    ] GC(8) Concurrent Mark (2.111s, 2.111s) 0.154ms
[2023-06-23T21:23:47.176+0800][gc,start      ] GC(8) Pause Remark
[2023-06-23T21:23:47.178+0800][gc,stringtable] GC(8) Cleaned string and symbol table, strings: 15201 processed, 0 removed, symbols: 115640 processed, 364 removed
[2023-06-23T21:23:47.178+0800][gc            ] GC(8) Pause Remark 15M->15M(512M) 1.738ms
[2023-06-23T21:23:47.178+0800][gc,cpu        ] GC(8) User=0.01s Sys=0.00s Real=0.00s
[2023-06-23T21:23:47.178+0800][gc,marking    ] GC(8) Concurrent Rebuild Remembered Sets
[2023-06-23T21:23:47.178+0800][gc,marking    ] GC(8) Concurrent Rebuild Remembered Sets 0.034ms
[2023-06-23T21:23:47.178+0800][gc,start      ] GC(8) Pause Cleanup
[2023-06-23T21:23:47.178+0800][gc            ] GC(8) Pause Cleanup 15M->15M(512M) 0.103ms
[2023-06-23T21:23:47.178+0800][gc,cpu        ] GC(8) User=0.00s Sys=0.00s Real=0.00s
[2023-06-23T21:23:47.178+0800][gc,marking    ] GC(8) Concurrent Cleanup for Next Mark
[2023-06-23T21:23:47.179+0800][gc,marking    ] GC(8) Concurrent Cleanup for Next Mark 0.862ms
[2023-06-23T21:23:47.179+0800][gc            ] GC(8) Concurrent Cycle 7.945ms
[2023-06-23T21:23:47.709+0800][gc,start      ] GC(9) Pause Young (Normal) (G1 Evacuation Pause)
[2023-06-23T21:23:47.709+0800][gc,task       ] GC(9) Using 8 workers of 8 for evacuation
[2023-06-23T21:23:47.716+0800][gc,phases     ] GC(9)   Pre Evacuate Collection Set: 0.0ms
[2023-06-23T21:23:47.716+0800][gc,phases     ] GC(9)   Evacuate Collection Set: 5.7ms
[2023-06-23T21:23:47.716+0800][gc,phases     ] GC(9)   Post Evacuate Collection Set: 0.9ms
[2023-06-23T21:23:47.716+0800][gc,phases     ] GC(9)   Other: 0.1ms
[2023-06-23T21:23:47.716+0800][gc,heap       ] GC(9) Eden regions: 241->0(238)
[2023-06-23T21:23:47.716+0800][gc,heap       ] GC(9) Survivor regions: 15->18(32)
[2023-06-23T21:23:47.716+0800][gc,heap       ] GC(9) Old regions: 0->0
[2023-06-23T21:23:47.716+0800][gc,heap       ] GC(9) Humongous regions: 0->0
[2023-06-23T21:23:47.716+0800][gc,metaspace  ] GC(9) Metaspace: 41118K(42496K)->41118K(42496K) NonClass: 36340K(37248K)->36340K(37248K) Class: 4778K(5248K)->4778K(5248K)
[2023-06-23T21:23:47.716+0800][gc            ] GC(9) Pause Young (Normal) (G1 Evacuation Pause) 255M->17M(512M) 6.786ms
[2023-06-23T21:23:47.716+0800][gc,cpu        ] GC(9) User=0.04s Sys=0.01s Real=0.01s
[2023-06-23T21:23:48.258+0800][gc,start      ] GC(10) Pause Young (Normal) (G1 Evacuation Pause)
[2023-06-23T21:23:48.258+0800][gc,task       ] GC(10) Using 8 workers of 8 for evacuation
[2023-06-23T21:23:48.268+0800][gc,phases     ] GC(10)   Pre Evacuate Collection Set: 0.0ms
[2023-06-23T21:23:48.268+0800][gc,phases     ] GC(10)   Evacuate Collection Set: 9.1ms
[2023-06-23T21:23:48.268+0800][gc,phases     ] GC(10)   Post Evacuate Collection Set: 0.9ms
[2023-06-23T21:23:48.268+0800][gc,phases     ] GC(10)   Other: 0.1ms
[2023-06-23T21:23:48.268+0800][gc,heap       ] GC(10) Eden regions: 238->0(239)
[2023-06-23T21:23:48.268+0800][gc,heap       ] GC(10) Survivor regions: 18->17(32)
[2023-06-23T21:23:48.268+0800][gc,heap       ] GC(10) Old regions: 0->6
[2023-06-23T21:23:48.268+0800][gc,heap       ] GC(10) Humongous regions: 0->0
[2023-06-23T21:23:48.268+0800][gc,metaspace  ] GC(10) Metaspace: 51369K(52864K)->51369K(52864K) NonClass: 45319K(46208K)->45319K(46208K) Class: 6050K(6656K)->6050K(6656K)
[2023-06-23T21:23:48.268+0800][gc            ] GC(10) Pause Young (Normal) (G1 Evacuation Pause) 255M->21M(512M) 10.123ms
[2023-06-23T21:23:48.268+0800][gc,cpu        ] GC(10) User=0.06s Sys=0.00s Real=0.01s
[2023-06-23T21:23:49.091+0800][gc,start      ] GC(11) Pause Young (Concurrent Start) (Metadata GC Threshold)
[2023-06-23T21:23:49.091+0800][gc,task       ] GC(11) Using 8 workers of 8 for evacuation
[2023-06-23T21:23:49.131+0800][gc,phases     ] GC(11)   Pre Evacuate Collection Set: 0.3ms
[2023-06-23T21:23:49.131+0800][gc,phases     ] GC(11)   Evacuate Collection Set: 38.5ms
[2023-06-23T21:23:49.131+0800][gc,phases     ] GC(11)   Post Evacuate Collection Set: 0.7ms
[2023-06-23T21:23:49.131+0800][gc,phases     ] GC(11)   Other: 0.5ms
[2023-06-23T21:23:49.131+0800][gc,heap       ] GC(11) Eden regions: 148->0(235)
[2023-06-23T21:23:49.131+0800][gc,heap       ] GC(11) Survivor regions: 17->21(32)
[2023-06-23T21:23:49.131+0800][gc,heap       ] GC(11) Old regions: 6->6
[2023-06-23T21:23:49.131+0800][gc,heap       ] GC(11) Humongous regions: 5->5
[2023-06-23T21:23:49.131+0800][gc,metaspace  ] GC(11) Metaspace: 58142K(59952K)->58142K(59952K) NonClass: 51261K(52272K)->51261K(52272K) Class: 6880K(7680K)->6880K(7680K)
[2023-06-23T21:23:49.131+0800][gc            ] GC(11) Pause Young (Concurrent Start) (Metadata GC Threshold) 174M->31M(512M) 40.067ms
[2023-06-23T21:23:49.131+0800][gc,cpu        ] GC(11) User=0.04s Sys=0.00s Real=0.04s
[2023-06-23T21:23:49.131+0800][gc            ] GC(12) Concurrent Cycle
[2023-06-23T21:23:49.131+0800][gc,marking    ] GC(12) Concurrent Clear Claimed Marks
[2023-06-23T21:23:49.131+0800][gc,marking    ] GC(12) Concurrent Clear Claimed Marks 0.144ms
[2023-06-23T21:23:49.131+0800][gc,marking    ] GC(12) Concurrent Scan Root Regions
[2023-06-23T21:23:49.137+0800][gc,marking    ] GC(12) Concurrent Scan Root Regions 5.868ms
[2023-06-23T21:23:49.137+0800][gc,marking    ] GC(12) Concurrent Mark (4.075s)
[2023-06-23T21:23:49.137+0800][gc,marking    ] GC(12) Concurrent Mark From Roots
[2023-06-23T21:23:49.137+0800][gc,task       ] GC(12) Using 2 workers of 2 for marking
[2023-06-23T21:23:49.144+0800][gc,marking    ] GC(12) Concurrent Mark From Roots 7.313ms
[2023-06-23T21:23:49.144+0800][gc,marking    ] GC(12) Concurrent Preclean
[2023-06-23T21:23:49.144+0800][gc,marking    ] GC(12) Concurrent Preclean 0.106ms
[2023-06-23T21:23:49.144+0800][gc,marking    ] GC(12) Concurrent Mark (4.075s, 4.082s) 7.493ms
[2023-06-23T21:23:49.145+0800][gc,start      ] GC(12) Pause Remark
[2023-06-23T21:23:49.153+0800][gc,stringtable] GC(12) Cleaned string and symbol table, strings: 28019 processed, 15 removed, symbols: 175900 processed, 326 removed
[2023-06-23T21:23:49.154+0800][gc            ] GC(12) Pause Remark 31M->31M(512M) 8.829ms
[2023-06-23T21:23:49.154+0800][gc,cpu        ] GC(12) User=0.02s Sys=0.00s Real=0.01s
[2023-06-23T21:23:49.154+0800][gc,marking    ] GC(12) Concurrent Rebuild Remembered Sets
[2023-06-23T21:23:49.157+0800][gc,marking    ] GC(12) Concurrent Rebuild Remembered Sets 3.229ms
[2023-06-23T21:23:49.157+0800][gc,start      ] GC(12) Pause Cleanup
[2023-06-23T21:23:49.157+0800][gc            ] GC(12) Pause Cleanup 32M->32M(512M) 0.109ms
[2023-06-23T21:23:49.157+0800][gc,cpu        ] GC(12) User=0.00s Sys=0.00s Real=0.00s
[2023-06-23T21:23:49.157+0800][gc,marking    ] GC(12) Concurrent Cleanup for Next Mark
[2023-06-23T21:23:49.158+0800][gc,marking    ] GC(12) Concurrent Cleanup for Next Mark 0.512ms
[2023-06-23T21:23:49.158+0800][gc            ] GC(12) Concurrent Cycle 26.882ms
[2023-06-23T21:23:49.944+0800][gc,start      ] GC(13) Pause Young (Normal) (G1 Evacuation Pause)
[2023-06-23T21:23:49.944+0800][gc,task       ] GC(13) Using 8 workers of 8 for evacuation
[2023-06-23T21:23:49.959+0800][gc,phases     ] GC(13)   Pre Evacuate Collection Set: 0.0ms
[2023-06-23T21:23:49.959+0800][gc,phases     ] GC(13)   Evacuate Collection Set: 13.4ms
[2023-06-23T21:23:49.959+0800][gc,phases     ] GC(13)   Post Evacuate Collection Set: 1.3ms
[2023-06-23T21:23:49.959+0800][gc,phases     ] GC(13)   Other: 0.2ms
[2023-06-23T21:23:49.959+0800][gc,heap       ] GC(13) Eden regions: 235->0(233)
[2023-06-23T21:23:49.959+0800][gc,heap       ] GC(13) Survivor regions: 21->23(32)
[2023-06-23T21:23:49.959+0800][gc,heap       ] GC(13) Old regions: 6->9
[2023-06-23T21:23:49.959+0800][gc,heap       ] GC(13) Humongous regions: 5->5
[2023-06-23T21:23:49.959+0800][gc,metaspace  ] GC(13) Metaspace: 64425K(66736K)->64425K(66736K) NonClass: 56666K(57904K)->56666K(57904K) Class: 7758K(8832K)->7758K(8832K)
[2023-06-23T21:23:49.959+0800][gc            ] GC(13) Pause Young (Normal) (G1 Evacuation Pause) 266M->36M(512M) 14.983ms
[2023-06-23T21:23:49.959+0800][gc,cpu        ] GC(13) User=0.08s Sys=0.01s Real=0.01s
[2023-06-23T22:10:31.997+0800][gc,start      ] GC(14) Pause Young (Normal) (G1 Evacuation Pause)
[2023-06-23T22:10:31.997+0800][gc,task       ] GC(14) Using 8 workers of 8 for evacuation
[2023-06-23T22:10:32.034+0800][gc,phases     ] GC(14)   Pre Evacuate Collection Set: 0.2ms
[2023-06-23T22:10:32.034+0800][gc,phases     ] GC(14)   Evacuate Collection Set: 32.3ms
[2023-06-23T22:10:32.034+0800][gc,phases     ] GC(14)   Post Evacuate Collection Set: 3.5ms
[2023-06-23T22:10:32.034+0800][gc,phases     ] GC(14)   Other: 1.9ms
[2023-06-23T22:10:32.034+0800][gc,heap       ] GC(14) Eden regions: 233->0(238)
[2023-06-23T22:10:32.034+0800][gc,heap       ] GC(14) Survivor regions: 23->18(32)
[2023-06-23T22:10:32.034+0800][gc,heap       ] GC(14) Old regions: 9->16
[2023-06-23T22:10:32.034+0800][gc,heap       ] GC(14) Humongous regions: 9->9
[2023-06-23T22:10:32.034+0800][gc,metaspace  ] GC(14) Metaspace: 70725K(73648K)->70725K(73648K) NonClass: 62279K(63792K)->62279K(63792K) Class: 8446K(9856K)->8446K(9856K)
[2023-06-23T22:10:32.034+0800][gc            ] GC(14) Pause Young (Normal) (G1 Evacuation Pause) 273M->41M(512M) 37.958ms
[2023-06-23T22:10:32.034+0800][gc,cpu        ] GC(14) User=0.05s Sys=0.08s Real=0.04s
[2023-06-23T22:50:02.071+0800][gc,start      ] GC(15) Pause Young (Normal) (G1 Evacuation Pause)
[2023-06-23T22:50:02.071+0800][gc,task       ] GC(15) Using 8 workers of 8 for evacuation
[2023-06-23T22:50:02.105+0800][gc,phases     ] GC(15)   Pre Evacuate Collection Set: 0.2ms
[2023-06-23T22:50:02.105+0800][gc,phases     ] GC(15)   Evacuate Collection Set: 30.9ms
[2023-06-23T22:50:02.105+0800][gc,phases     ] GC(15)   Post Evacuate Collection Set: 1.9ms
[2023-06-23T22:50:02.105+0800][gc,phases     ] GC(15)   Other: 2.8ms
[2023-06-23T22:50:02.105+0800][gc,heap       ] GC(15) Eden regions: 238->0(238)
[2023-06-23T22:50:02.105+0800][gc,heap       ] GC(15) Survivor regions: 18->18(32)
[2023-06-23T22:50:02.105+0800][gc,heap       ] GC(15) Old regions: 16->16
[2023-06-23T22:50:02.105+0800][gc,heap       ] GC(15) Humongous regions: 9->9
[2023-06-23T22:50:02.105+0800][gc,metaspace  ] GC(15) Metaspace: 75296K(78128K)->75296K(78128K) NonClass: 66552K(67888K)->66552K(67888K) Class: 8744K(10240K)->8744K(10240K)
[2023-06-23T22:50:02.105+0800][gc            ] GC(15) Pause Young (Normal) (G1 Evacuation Pause) 279M->41M(512M) 35.890ms
[2023-06-23T22:50:02.105+0800][gc,cpu        ] GC(15) User=0.07s Sys=0.10s Real=0.04s
[2023-06-23T22:58:06.664+0800][gc,heap,exit  ] Heap
[2023-06-23T22:58:06.665+0800][gc,heap,exit  ]  garbage-first heap   total 524288K, used 112320K [0x00000007a0000000, 0x00000007c0000000)
[2023-06-23T22:58:06.665+0800][gc,heap,exit  ]   region size 1024K, 87 young (89088K), 18 survivors (18432K)
[2023-06-23T22:58:06.665+0800][gc,heap,exit  ]  Metaspace       used 75546K, capacity 78221K, committed 78384K, reserved 1118208K
[2023-06-23T22:58:06.665+0800][gc,heap,exit  ]   class space    used 8777K, capacity 10169K, committed 10240K, reserved 1048576K
