[2023-06-25T22:43:11.791+0800][gc] Using G1
[2023-06-25T22:43:11.792+0800][gc,init] Version: 17.0.7+8-LTS-224 (release)
[2023-06-25T22:43:11.792+0800][gc,init] CPUs: 8 total, 8 available
[2023-06-25T22:43:11.792+0800][gc,init] Memory: 16384M
[2023-06-25T22:43:11.792+0800][gc,init] Large Page Support: Disabled
[2023-06-25T22:43:11.792+0800][gc,init] NUMA Support: Disabled
[2023-06-25T22:43:11.792+0800][gc,init] Compressed Oops: Enabled (Zero based)
[2023-06-25T22:43:11.792+0800][gc,init] Heap Region Size: 1M
[2023-06-25T22:43:11.792+0800][gc,init] Heap Min Capacity: 512M
[2023-06-25T22:43:11.792+0800][gc,init] Heap Initial Capacity: 512M
[2023-06-25T22:43:11.792+0800][gc,init] Heap Max Capacity: 512M
[2023-06-25T22:43:11.792+0800][gc,init] Pre-touch: Disabled
[2023-06-25T22:43:11.792+0800][gc,init] Parallel Workers: 8
[2023-06-25T22:43:11.792+0800][gc,init] Concurrent Workers: 2
[2023-06-25T22:43:11.793+0800][gc,init] Concurrent Refinement Workers: 8
[2023-06-25T22:43:11.793+0800][gc,init] Periodic GC: Disabled
[2023-06-25T22:43:11.793+0800][gc,metaspace] CDS archive(s) mapped at: [0x0000000800000000-0x0000000800bd8000-0x0000000800bd8000), size 12419072, SharedBaseAddress: 0x0000000800000000, ArchiveRelocationMode: 0.
[2023-06-25T22:43:11.793+0800][gc,metaspace] Compressed class space mapped at: 0x0000000800c00000-0x0000000840c00000, reserved size: 1073741824
[2023-06-25T22:43:11.793+0800][gc,metaspace] Narrow klass base: 0x0000000800000000, Narrow klass shift: 0, Narrow klass range: 0x100000000
[2023-06-25T22:43:12.374+0800][gc,start    ] GC(0) Pause Young (Normal) (G1 Evacuation Pause)
[2023-06-25T22:43:12.375+0800][gc,task     ] GC(0) Using 8 workers of 8 for evacuation
[2023-06-25T22:43:12.377+0800][gc,phases   ] GC(0)   Pre Evacuate Collection Set: 0.1ms
[2023-06-25T22:43:12.377+0800][gc,phases   ] GC(0)   Merge Heap Roots: 0.3ms
[2023-06-25T22:43:12.377+0800][gc,phases   ] GC(0)   Evacuate Collection Set: 1.7ms
[2023-06-25T22:43:12.377+0800][gc,phases   ] GC(0)   Post Evacuate Collection Set: 0.3ms
[2023-06-25T22:43:12.377+0800][gc,phases   ] GC(0)   Other: 0.3ms
[2023-06-25T22:43:12.377+0800][gc,heap     ] GC(0) Eden regions: 256->0(251)
[2023-06-25T22:43:12.377+0800][gc,heap     ] GC(0) Survivor regions: 0->5(32)
[2023-06-25T22:43:12.377+0800][gc,heap     ] GC(0) Old regions: 0->0
[2023-06-25T22:43:12.377+0800][gc,heap     ] GC(0) Archive regions: 2->2
[2023-06-25T22:43:12.377+0800][gc,heap     ] GC(0) Humongous regions: 0->0
[2023-06-25T22:43:12.377+0800][gc,metaspace] GC(0) Metaspace: 7678K(7872K)->7678K(7872K) NonClass: 6767K(6848K)->6767K(6848K) Class: 910K(1024K)->910K(1024K)
[2023-06-25T22:43:12.377+0800][gc          ] GC(0) Pause Young (Normal) (G1 Evacuation Pause) 256M->5M(512M) 2.754ms
[2023-06-25T22:43:12.377+0800][gc,cpu      ] GC(0) User=0.01s Sys=0.01s Real=0.00s
[2023-06-25T22:43:13.343+0800][gc,start    ] GC(1) Pause Young (Normal) (G1 Evacuation Pause)
[2023-06-25T22:43:13.343+0800][gc,task     ] GC(1) Using 8 workers of 8 for evacuation
[2023-06-25T22:43:13.345+0800][gc,phases   ] GC(1)   Pre Evacuate Collection Set: 0.1ms
[2023-06-25T22:43:13.345+0800][gc,phases   ] GC(1)   Merge Heap Roots: 0.1ms
[2023-06-25T22:43:13.345+0800][gc,phases   ] GC(1)   Evacuate Collection Set: 1.7ms
[2023-06-25T22:43:13.345+0800][gc,phases   ] GC(1)   Post Evacuate Collection Set: 0.3ms
[2023-06-25T22:43:13.345+0800][gc,phases   ] GC(1)   Other: 0.1ms
[2023-06-25T22:43:13.345+0800][gc,heap     ] GC(1) Eden regions: 251->0(249)
[2023-06-25T22:43:13.345+0800][gc,heap     ] GC(1) Survivor regions: 5->7(32)
[2023-06-25T22:43:13.345+0800][gc,heap     ] GC(1) Old regions: 0->0
[2023-06-25T22:43:13.345+0800][gc,heap     ] GC(1) Archive regions: 2->2
[2023-06-25T22:43:13.345+0800][gc,heap     ] GC(1) Humongous regions: 0->0
[2023-06-25T22:43:13.345+0800][gc,metaspace] GC(1) Metaspace: 11648K(11904K)->11648K(11904K) NonClass: 10255K(10368K)->10255K(10368K) Class: 1393K(1536K)->1393K(1536K)
[2023-06-25T22:43:13.345+0800][gc          ] GC(1) Pause Young (Normal) (G1 Evacuation Pause) 256M->7M(512M) 2.284ms
[2023-06-25T22:43:13.345+0800][gc,cpu      ] GC(1) User=0.01s Sys=0.00s Real=0.00s
[2023-06-25T22:43:13.542+0800][gc,start    ] GC(2) Pause Young (Normal) (G1 Evacuation Pause)
[2023-06-25T22:43:13.542+0800][gc,task     ] GC(2) Using 8 workers of 8 for evacuation
[2023-06-25T22:43:13.545+0800][gc,phases   ] GC(2)   Pre Evacuate Collection Set: 0.1ms
[2023-06-25T22:43:13.545+0800][gc,phases   ] GC(2)   Merge Heap Roots: 0.1ms
[2023-06-25T22:43:13.545+0800][gc,phases   ] GC(2)   Evacuate Collection Set: 2.1ms
[2023-06-25T22:43:13.545+0800][gc,phases   ] GC(2)   Post Evacuate Collection Set: 0.4ms
[2023-06-25T22:43:13.545+0800][gc,phases   ] GC(2)   Other: 0.1ms
[2023-06-25T22:43:13.545+0800][gc,heap     ] GC(2) Eden regions: 249->0(247)
[2023-06-25T22:43:13.545+0800][gc,heap     ] GC(2) Survivor regions: 7->9(32)
[2023-06-25T22:43:13.545+0800][gc,heap     ] GC(2) Old regions: 0->0
[2023-06-25T22:43:13.545+0800][gc,heap     ] GC(2) Archive regions: 2->2
[2023-06-25T22:43:13.545+0800][gc,heap     ] GC(2) Humongous regions: 0->0
[2023-06-25T22:43:13.545+0800][gc,metaspace] GC(2) Metaspace: 18140K(18432K)->18140K(18432K) NonClass: 15956K(16064K)->15956K(16064K) Class: 2183K(2368K)->2183K(2368K)
[2023-06-25T22:43:13.545+0800][gc          ] GC(2) Pause Young (Normal) (G1 Evacuation Pause) 256M->9M(512M) 2.758ms
[2023-06-25T22:43:13.545+0800][gc,cpu      ] GC(2) User=0.01s Sys=0.00s Real=0.00s
[2023-06-25T22:43:13.769+0800][gc,start    ] GC(3) Pause Young (Normal) (G1 Evacuation Pause)
[2023-06-25T22:43:13.769+0800][gc,task     ] GC(3) Using 8 workers of 8 for evacuation
[2023-06-25T22:43:13.773+0800][gc,phases   ] GC(3)   Pre Evacuate Collection Set: 0.1ms
[2023-06-25T22:43:13.773+0800][gc,phases   ] GC(3)   Merge Heap Roots: 0.0ms
[2023-06-25T22:43:13.773+0800][gc,phases   ] GC(3)   Evacuate Collection Set: 2.9ms
[2023-06-25T22:43:13.773+0800][gc,phases   ] GC(3)   Post Evacuate Collection Set: 0.5ms
[2023-06-25T22:43:13.773+0800][gc,phases   ] GC(3)   Other: 0.1ms
[2023-06-25T22:43:13.773+0800][gc,heap     ] GC(3) Eden regions: 247->0(245)
[2023-06-25T22:43:13.773+0800][gc,heap     ] GC(3) Survivor regions: 9->11(32)
[2023-06-25T22:43:13.773+0800][gc,heap     ] GC(3) Old regions: 0->0
[2023-06-25T22:43:13.773+0800][gc,heap     ] GC(3) Archive regions: 2->2
[2023-06-25T22:43:13.773+0800][gc,heap     ] GC(3) Humongous regions: 0->0
[2023-06-25T22:43:13.773+0800][gc,metaspace] GC(3) Metaspace: 20157K(20480K)->20157K(20480K) NonClass: 17775K(17920K)->17775K(17920K) Class: 2381K(2560K)->2381K(2560K)
[2023-06-25T22:43:13.773+0800][gc          ] GC(3) Pause Young (Normal) (G1 Evacuation Pause) 256M->11M(512M) 3.766ms
[2023-06-25T22:43:13.773+0800][gc,cpu      ] GC(3) User=0.02s Sys=0.00s Real=0.01s
[2023-06-25T22:43:13.901+0800][gc,start    ] GC(4) Pause Young (Normal) (G1 Evacuation Pause)
[2023-06-25T22:43:13.901+0800][gc,task     ] GC(4) Using 8 workers of 8 for evacuation
[2023-06-25T22:43:13.905+0800][gc,phases   ] GC(4)   Pre Evacuate Collection Set: 0.1ms
[2023-06-25T22:43:13.905+0800][gc,phases   ] GC(4)   Merge Heap Roots: 0.0ms
[2023-06-25T22:43:13.905+0800][gc,phases   ] GC(4)   Evacuate Collection Set: 2.7ms
[2023-06-25T22:43:13.905+0800][gc,phases   ] GC(4)   Post Evacuate Collection Set: 0.4ms
[2023-06-25T22:43:13.905+0800][gc,phases   ] GC(4)   Other: 0.1ms
[2023-06-25T22:43:13.905+0800][gc,heap     ] GC(4) Eden regions: 245->0(243)
[2023-06-25T22:43:13.905+0800][gc,heap     ] GC(4) Survivor regions: 11->13(32)
[2023-06-25T22:43:13.905+0800][gc,heap     ] GC(4) Old regions: 0->0
[2023-06-25T22:43:13.905+0800][gc,heap     ] GC(4) Archive regions: 2->2
[2023-06-25T22:43:13.905+0800][gc,heap     ] GC(4) Humongous regions: 0->0
[2023-06-25T22:43:13.905+0800][gc,metaspace] GC(4) Metaspace: 20516K(20736K)->20516K(20736K) NonClass: 18093K(18176K)->18093K(18176K) Class: 2422K(2560K)->2422K(2560K)
[2023-06-25T22:43:13.905+0800][gc          ] GC(4) Pause Young (Normal) (G1 Evacuation Pause) 256M->13M(512M) 3.452ms
[2023-06-25T22:43:13.905+0800][gc,cpu      ] GC(4) User=0.02s Sys=0.00s Real=0.00s
[2023-06-25T22:43:14.036+0800][gc,start    ] GC(5) Pause Young (Concurrent Start) (Metadata GC Threshold)
[2023-06-25T22:43:14.036+0800][gc,task     ] GC(5) Using 8 workers of 8 for evacuation
[2023-06-25T22:43:14.039+0800][gc,phases   ] GC(5)   Pre Evacuate Collection Set: 0.1ms
[2023-06-25T22:43:14.039+0800][gc,phases   ] GC(5)   Merge Heap Roots: 0.1ms
[2023-06-25T22:43:14.039+0800][gc,phases   ] GC(5)   Evacuate Collection Set: 2.4ms
[2023-06-25T22:43:14.039+0800][gc,phases   ] GC(5)   Post Evacuate Collection Set: 0.4ms
[2023-06-25T22:43:14.039+0800][gc,phases   ] GC(5)   Other: 0.1ms
[2023-06-25T22:43:14.039+0800][gc,heap     ] GC(5) Eden regions: 112->0(244)
[2023-06-25T22:43:14.039+0800][gc,heap     ] GC(5) Survivor regions: 13->12(32)
[2023-06-25T22:43:14.039+0800][gc,heap     ] GC(5) Old regions: 0->0
[2023-06-25T22:43:14.039+0800][gc,heap     ] GC(5) Archive regions: 2->2
[2023-06-25T22:43:14.039+0800][gc,heap     ] GC(5) Humongous regions: 0->0
[2023-06-25T22:43:14.039+0800][gc,metaspace] GC(5) Metaspace: 21217K(21504K)->21217K(21504K) NonClass: 18705K(18816K)->18705K(18816K) Class: 2511K(2688K)->2511K(2688K)
[2023-06-25T22:43:14.039+0800][gc          ] GC(5) Pause Young (Concurrent Start) (Metadata GC Threshold) 125M->12M(512M) 3.053ms
[2023-06-25T22:43:14.039+0800][gc,cpu      ] GC(5) User=0.02s Sys=0.00s Real=0.00s
[2023-06-25T22:43:14.039+0800][gc          ] GC(6) Concurrent Mark Cycle
[2023-06-25T22:43:14.039+0800][gc,marking  ] GC(6) Concurrent Clear Claimed Marks
[2023-06-25T22:43:14.039+0800][gc,marking  ] GC(6) Concurrent Clear Claimed Marks 0.013ms
[2023-06-25T22:43:14.039+0800][gc,marking  ] GC(6) Concurrent Scan Root Regions
[2023-06-25T22:43:14.041+0800][gc,marking  ] GC(6) Concurrent Scan Root Regions 1.958ms
[2023-06-25T22:43:14.041+0800][gc,marking  ] GC(6) Concurrent Mark
[2023-06-25T22:43:14.041+0800][gc,marking  ] GC(6) Concurrent Mark From Roots
[2023-06-25T22:43:14.041+0800][gc,task     ] GC(6) Using 2 workers of 2 for marking
[2023-06-25T22:43:14.041+0800][gc,marking  ] GC(6) Concurrent Mark From Roots 0.635ms
[2023-06-25T22:43:14.041+0800][gc,marking  ] GC(6) Concurrent Preclean
[2023-06-25T22:43:14.041+0800][gc,marking  ] GC(6) Concurrent Preclean 0.013ms
[2023-06-25T22:43:14.042+0800][gc,start    ] GC(6) Pause Remark
[2023-06-25T22:43:14.042+0800][gc          ] GC(6) Pause Remark 14M->14M(512M) 0.959ms
[2023-06-25T22:43:14.043+0800][gc,cpu      ] GC(6) User=0.00s Sys=0.00s Real=0.00s
[2023-06-25T22:43:14.043+0800][gc,marking  ] GC(6) Concurrent Mark 1.774ms
[2023-06-25T22:43:14.043+0800][gc,marking  ] GC(6) Concurrent Rebuild Remembered Sets
[2023-06-25T22:43:14.043+0800][gc,marking  ] GC(6) Concurrent Rebuild Remembered Sets 0.004ms
[2023-06-25T22:43:14.043+0800][gc,start    ] GC(6) Pause Cleanup
[2023-06-25T22:43:14.043+0800][gc          ] GC(6) Pause Cleanup 14M->14M(512M) 0.015ms
[2023-06-25T22:43:14.043+0800][gc,cpu      ] GC(6) User=0.00s Sys=0.00s Real=0.00s
[2023-06-25T22:43:14.043+0800][gc,marking  ] GC(6) Concurrent Cleanup for Next Mark
[2023-06-25T22:43:14.044+0800][gc,marking  ] GC(6) Concurrent Cleanup for Next Mark 0.899ms
[2023-06-25T22:43:14.044+0800][gc          ] GC(6) Concurrent Mark Cycle 4.835ms
[2023-06-25T22:43:14.438+0800][gc,start    ] GC(7) Pause Young (Normal) (G1 Evacuation Pause)
[2023-06-25T22:43:14.438+0800][gc,task     ] GC(7) Using 8 workers of 8 for evacuation
[2023-06-25T22:43:14.442+0800][gc,phases   ] GC(7)   Pre Evacuate Collection Set: 0.1ms
[2023-06-25T22:43:14.442+0800][gc,phases   ] GC(7)   Merge Heap Roots: 0.0ms
[2023-06-25T22:43:14.442+0800][gc,phases   ] GC(7)   Evacuate Collection Set: 3.2ms
[2023-06-25T22:43:14.442+0800][gc,phases   ] GC(7)   Post Evacuate Collection Set: 0.7ms
[2023-06-25T22:43:14.442+0800][gc,phases   ] GC(7)   Other: 0.1ms
[2023-06-25T22:43:14.442+0800][gc,heap     ] GC(7) Eden regions: 244->0(241)
[2023-06-25T22:43:14.442+0800][gc,heap     ] GC(7) Survivor regions: 12->15(32)
[2023-06-25T22:43:14.442+0800][gc,heap     ] GC(7) Old regions: 0->0
[2023-06-25T22:43:14.442+0800][gc,heap     ] GC(7) Archive regions: 2->2
[2023-06-25T22:43:14.442+0800][gc,heap     ] GC(7) Humongous regions: 0->0
[2023-06-25T22:43:14.442+0800][gc,metaspace] GC(7) Metaspace: 26205K(26560K)->26205K(26560K) NonClass: 23003K(23168K)->23003K(23168K) Class: 3202K(3392K)->3202K(3392K)
[2023-06-25T22:43:14.442+0800][gc          ] GC(7) Pause Young (Normal) (G1 Evacuation Pause) 256M->15M(512M) 4.226ms
[2023-06-25T22:43:14.442+0800][gc,cpu      ] GC(7) User=0.03s Sys=0.00s Real=0.01s
[2023-06-25T22:43:14.939+0800][gc,start    ] GC(8) Pause Young (Normal) (G1 Evacuation Pause)
[2023-06-25T22:43:14.939+0800][gc,task     ] GC(8) Using 8 workers of 8 for evacuation
[2023-06-25T22:43:14.945+0800][gc,phases   ] GC(8)   Pre Evacuate Collection Set: 0.1ms
[2023-06-25T22:43:14.945+0800][gc,phases   ] GC(8)   Merge Heap Roots: 0.1ms
[2023-06-25T22:43:14.945+0800][gc,phases   ] GC(8)   Evacuate Collection Set: 4.9ms
[2023-06-25T22:43:14.945+0800][gc,phases   ] GC(8)   Post Evacuate Collection Set: 0.9ms
[2023-06-25T22:43:14.945+0800][gc,phases   ] GC(8)   Other: 0.1ms
[2023-06-25T22:43:14.945+0800][gc,heap     ] GC(8) Eden regions: 241->0(238)
[2023-06-25T22:43:14.945+0800][gc,heap     ] GC(8) Survivor regions: 15->18(32)
[2023-06-25T22:43:14.945+0800][gc,heap     ] GC(8) Old regions: 0->0
[2023-06-25T22:43:14.945+0800][gc,heap     ] GC(8) Archive regions: 2->2
[2023-06-25T22:43:14.945+0800][gc,heap     ] GC(8) Humongous regions: 0->0
[2023-06-25T22:43:14.945+0800][gc,metaspace] GC(8) Metaspace: 32480K(32832K)->32480K(32832K) NonClass: 28492K(28672K)->28492K(28672K) Class: 3988K(4160K)->3988K(4160K)
[2023-06-25T22:43:14.945+0800][gc          ] GC(8) Pause Young (Normal) (G1 Evacuation Pause) 256M->18M(512M) 6.113ms
[2023-06-25T22:43:14.945+0800][gc,cpu      ] GC(8) User=0.03s Sys=0.00s Real=0.01s
[2023-06-25T22:43:15.112+0800][gc,start    ] GC(9) Pause Young (Concurrent Start) (Metadata GC Threshold)
[2023-06-25T22:43:15.112+0800][gc,task     ] GC(9) Using 8 workers of 8 for evacuation
[2023-06-25T22:43:15.118+0800][gc,phases   ] GC(9)   Pre Evacuate Collection Set: 0.1ms
[2023-06-25T22:43:15.118+0800][gc,phases   ] GC(9)   Merge Heap Roots: 0.0ms
[2023-06-25T22:43:15.118+0800][gc,phases   ] GC(9)   Evacuate Collection Set: 4.7ms
[2023-06-25T22:43:15.118+0800][gc,phases   ] GC(9)   Post Evacuate Collection Set: 1.0ms
[2023-06-25T22:43:15.118+0800][gc,phases   ] GC(9)   Other: 0.1ms
[2023-06-25T22:43:15.118+0800][gc,heap     ] GC(9) Eden regions: 89->0(241)
[2023-06-25T22:43:15.118+0800][gc,heap     ] GC(9) Survivor regions: 18->15(32)
[2023-06-25T22:43:15.118+0800][gc,heap     ] GC(9) Old regions: 0->4
[2023-06-25T22:43:15.118+0800][gc,heap     ] GC(9) Archive regions: 2->2
[2023-06-25T22:43:15.118+0800][gc,heap     ] GC(9) Humongous regions: 0->0
[2023-06-25T22:43:15.118+0800][gc,metaspace] GC(9) Metaspace: 35566K(35968K)->35566K(35968K) NonClass: 31184K(31360K)->31184K(31360K) Class: 4381K(4608K)->4381K(4608K)
[2023-06-25T22:43:15.118+0800][gc          ] GC(9) Pause Young (Concurrent Start) (Metadata GC Threshold) 107M->19M(512M) 5.980ms
[2023-06-25T22:43:15.118+0800][gc,cpu      ] GC(9) User=0.04s Sys=0.01s Real=0.00s
[2023-06-25T22:43:15.118+0800][gc          ] GC(10) Concurrent Mark Cycle
[2023-06-25T22:43:15.118+0800][gc,marking  ] GC(10) Concurrent Clear Claimed Marks
[2023-06-25T22:43:15.118+0800][gc,marking  ] GC(10) Concurrent Clear Claimed Marks 0.031ms
[2023-06-25T22:43:15.118+0800][gc,marking  ] GC(10) Concurrent Scan Root Regions
[2023-06-25T22:43:15.122+0800][gc,marking  ] GC(10) Concurrent Scan Root Regions 3.393ms
[2023-06-25T22:43:15.122+0800][gc,marking  ] GC(10) Concurrent Mark
[2023-06-25T22:43:15.122+0800][gc,marking  ] GC(10) Concurrent Mark From Roots
[2023-06-25T22:43:15.122+0800][gc,task     ] GC(10) Using 2 workers of 2 for marking
[2023-06-25T22:43:15.123+0800][gc,marking  ] GC(10) Concurrent Mark From Roots 0.699ms
[2023-06-25T22:43:15.123+0800][gc,marking  ] GC(10) Concurrent Preclean
[2023-06-25T22:43:15.123+0800][gc,marking  ] GC(10) Concurrent Preclean 0.014ms
[2023-06-25T22:43:15.123+0800][gc,start    ] GC(10) Pause Remark
[2023-06-25T22:43:15.124+0800][gc          ] GC(10) Pause Remark 23M->23M(512M) 1.121ms
[2023-06-25T22:43:15.124+0800][gc,cpu      ] GC(10) User=0.00s Sys=0.00s Real=0.00s
[2023-06-25T22:43:15.124+0800][gc,marking  ] GC(10) Concurrent Mark 2.010ms
[2023-06-25T22:43:15.124+0800][gc,marking  ] GC(10) Concurrent Rebuild Remembered Sets
[2023-06-25T22:43:15.125+0800][gc,marking  ] GC(10) Concurrent Rebuild Remembered Sets 1.120ms
[2023-06-25T22:43:15.125+0800][gc,start    ] GC(10) Pause Cleanup
[2023-06-25T22:43:15.125+0800][gc          ] GC(10) Pause Cleanup 24M->24M(512M) 0.078ms
[2023-06-25T22:43:15.125+0800][gc,cpu      ] GC(10) User=0.00s Sys=0.00s Real=0.00s
[2023-06-25T22:43:15.125+0800][gc,marking  ] GC(10) Concurrent Cleanup for Next Mark
[2023-06-25T22:43:15.126+0800][gc,marking  ] GC(10) Concurrent Cleanup for Next Mark 0.886ms
[2023-06-25T22:43:15.126+0800][gc          ] GC(10) Concurrent Mark Cycle 7.713ms
[2023-06-25T22:43:15.796+0800][gc,start    ] GC(11) Pause Young (Normal) (G1 Evacuation Pause)
[2023-06-25T22:43:15.796+0800][gc,task     ] GC(11) Using 8 workers of 8 for evacuation
[2023-06-25T22:43:15.802+0800][gc,phases   ] GC(11)   Pre Evacuate Collection Set: 0.1ms
[2023-06-25T22:43:15.803+0800][gc,phases   ] GC(11)   Merge Heap Roots: 0.1ms
[2023-06-25T22:43:15.803+0800][gc,phases   ] GC(11)   Evacuate Collection Set: 5.4ms
[2023-06-25T22:43:15.803+0800][gc,phases   ] GC(11)   Post Evacuate Collection Set: 0.7ms
[2023-06-25T22:43:15.803+0800][gc,phases   ] GC(11)   Other: 0.1ms
[2023-06-25T22:43:15.803+0800][gc,heap     ] GC(11) Eden regions: 241->0(236)
[2023-06-25T22:43:15.803+0800][gc,heap     ] GC(11) Survivor regions: 15->20(32)
[2023-06-25T22:43:15.803+0800][gc,heap     ] GC(11) Old regions: 4->4
[2023-06-25T22:43:15.803+0800][gc,heap     ] GC(11) Archive regions: 2->2
[2023-06-25T22:43:15.803+0800][gc,heap     ] GC(11) Humongous regions: 0->0
[2023-06-25T22:43:15.803+0800][gc,metaspace] GC(11) Metaspace: 47364K(47872K)->47364K(47872K) NonClass: 41547K(41792K)->41547K(41792K) Class: 5816K(6080K)->5816K(6080K)
[2023-06-25T22:43:15.803+0800][gc          ] GC(11) Pause Young (Normal) (G1 Evacuation Pause) 260M->24M(512M) 6.449ms
[2023-06-25T22:43:15.803+0800][gc,cpu      ] GC(11) User=0.04s Sys=0.01s Real=0.01s
[2023-06-25T22:43:16.331+0800][gc,start    ] GC(12) Pause Young (Normal) (G1 Evacuation Pause)
[2023-06-25T22:43:16.331+0800][gc,task     ] GC(12) Using 8 workers of 8 for evacuation
[2023-06-25T22:43:16.338+0800][gc,phases   ] GC(12)   Pre Evacuate Collection Set: 0.1ms
[2023-06-25T22:43:16.338+0800][gc,phases   ] GC(12)   Merge Heap Roots: 0.1ms
[2023-06-25T22:43:16.338+0800][gc,phases   ] GC(12)   Evacuate Collection Set: 5.7ms
[2023-06-25T22:43:16.338+0800][gc,phases   ] GC(12)   Post Evacuate Collection Set: 0.9ms
[2023-06-25T22:43:16.338+0800][gc,phases   ] GC(12)   Other: 0.1ms
[2023-06-25T22:43:16.338+0800][gc,heap     ] GC(12) Eden regions: 236->0(234)
[2023-06-25T22:43:16.338+0800][gc,heap     ] GC(12) Survivor regions: 20->22(32)
[2023-06-25T22:43:16.338+0800][gc,heap     ] GC(12) Old regions: 4->8
[2023-06-25T22:43:16.338+0800][gc,heap     ] GC(12) Archive regions: 2->2
[2023-06-25T22:43:16.338+0800][gc,heap     ] GC(12) Humongous regions: 5->5
[2023-06-25T22:43:16.338+0800][gc,metaspace] GC(12) Metaspace: 54454K(55040K)->54454K(55040K) NonClass: 47714K(48000K)->47714K(48000K) Class: 6739K(7040K)->6739K(7040K)
[2023-06-25T22:43:16.338+0800][gc          ] GC(12) Pause Young (Normal) (G1 Evacuation Pause) 265M->35M(512M) 6.958ms
[2023-06-25T22:43:16.338+0800][gc,cpu      ] GC(12) User=0.04s Sys=0.00s Real=0.00s
[2023-06-25T22:43:26.454+0800][gc,start    ] GC(13) Pause Young (Normal) (G1 Evacuation Pause)
[2023-06-25T22:43:26.454+0800][gc,task     ] GC(13) Using 8 workers of 8 for evacuation
[2023-06-25T22:43:26.461+0800][gc,phases   ] GC(13)   Pre Evacuate Collection Set: 0.2ms
[2023-06-25T22:43:26.461+0800][gc,phases   ] GC(13)   Merge Heap Roots: 0.1ms
[2023-06-25T22:43:26.461+0800][gc,phases   ] GC(13)   Evacuate Collection Set: 5.2ms
[2023-06-25T22:43:26.461+0800][gc,phases   ] GC(13)   Post Evacuate Collection Set: 1.2ms
[2023-06-25T22:43:26.461+0800][gc,phases   ] GC(13)   Other: 0.3ms
[2023-06-25T22:43:26.461+0800][gc,heap     ] GC(13) Eden regions: 234->0(236)
[2023-06-25T22:43:26.461+0800][gc,heap     ] GC(13) Survivor regions: 22->20(32)
[2023-06-25T22:43:26.461+0800][gc,heap     ] GC(13) Old regions: 8->12
[2023-06-25T22:43:26.461+0800][gc,heap     ] GC(13) Archive regions: 2->2
[2023-06-25T22:43:26.461+0800][gc,heap     ] GC(13) Humongous regions: 7->7
[2023-06-25T22:43:26.461+0800][gc,metaspace] GC(13) Metaspace: 59665K(60160K)->59665K(60160K) NonClass: 52216K(52480K)->52216K(52480K) Class: 7448K(7680K)->7448K(7680K)
[2023-06-25T22:43:26.461+0800][gc          ] GC(13) Pause Young (Normal) (G1 Evacuation Pause) 271M->39M(512M) 7.034ms
[2023-06-25T22:43:26.461+0800][gc,cpu      ] GC(13) User=0.04s Sys=0.01s Real=0.01s
[2023-06-25T22:43:26.466+0800][gc,start    ] GC(14) Pause Young (Concurrent Start) (Metadata GC Threshold)
[2023-06-25T22:43:26.466+0800][gc,task     ] GC(14) Using 8 workers of 8 for evacuation
[2023-06-25T22:43:26.472+0800][gc,phases   ] GC(14)   Pre Evacuate Collection Set: 0.1ms
[2023-06-25T22:43:26.472+0800][gc,phases   ] GC(14)   Merge Heap Roots: 0.1ms
[2023-06-25T22:43:26.472+0800][gc,phases   ] GC(14)   Evacuate Collection Set: 5.5ms
[2023-06-25T22:43:26.472+0800][gc,phases   ] GC(14)   Post Evacuate Collection Set: 0.3ms
[2023-06-25T22:43:26.472+0800][gc,phases   ] GC(14)   Other: 0.1ms
[2023-06-25T22:43:26.472+0800][gc,heap     ] GC(14) Eden regions: 3->0(239)
[2023-06-25T22:43:26.472+0800][gc,heap     ] GC(14) Survivor regions: 20->17(32)
[2023-06-25T22:43:26.472+0800][gc,heap     ] GC(14) Old regions: 12->15
[2023-06-25T22:43:26.472+0800][gc,heap     ] GC(14) Archive regions: 2->2
[2023-06-25T22:43:26.472+0800][gc,heap     ] GC(14) Humongous regions: 7->7
[2023-06-25T22:43:26.472+0800][gc,metaspace] GC(14) Metaspace: 59738K(60288K)->59738K(60288K) NonClass: 52280K(52544K)->52280K(52544K) Class: 7458K(7744K)->7458K(7744K)
[2023-06-25T22:43:26.472+0800][gc          ] GC(14) Pause Young (Concurrent Start) (Metadata GC Threshold) 41M->39M(512M) 6.205ms
[2023-06-25T22:43:26.472+0800][gc,cpu      ] GC(14) User=0.04s Sys=0.00s Real=0.01s
[2023-06-25T22:43:26.472+0800][gc          ] GC(15) Concurrent Mark Cycle
[2023-06-25T22:43:26.472+0800][gc,marking  ] GC(15) Concurrent Clear Claimed Marks
[2023-06-25T22:43:26.472+0800][gc,marking  ] GC(15) Concurrent Clear Claimed Marks 0.052ms
[2023-06-25T22:43:26.472+0800][gc,marking  ] GC(15) Concurrent Scan Root Regions
[2023-06-25T22:43:26.477+0800][gc,marking  ] GC(15) Concurrent Scan Root Regions 4.501ms
[2023-06-25T22:43:26.477+0800][gc,marking  ] GC(15) Concurrent Mark
[2023-06-25T22:43:26.477+0800][gc,marking  ] GC(15) Concurrent Mark From Roots
[2023-06-25T22:43:26.477+0800][gc,task     ] GC(15) Using 2 workers of 2 for marking
[2023-06-25T22:43:26.484+0800][gc,marking  ] GC(15) Concurrent Mark From Roots 7.194ms
[2023-06-25T22:43:26.484+0800][gc,marking  ] GC(15) Concurrent Preclean
[2023-06-25T22:43:26.484+0800][gc,marking  ] GC(15) Concurrent Preclean 0.050ms
[2023-06-25T22:43:26.484+0800][gc,start    ] GC(15) Pause Remark
[2023-06-25T22:43:26.486+0800][gc          ] GC(15) Pause Remark 42M->42M(512M) 1.780ms
[2023-06-25T22:43:26.486+0800][gc,cpu      ] GC(15) User=0.00s Sys=0.00s Real=0.00s
[2023-06-25T22:43:26.486+0800][gc,marking  ] GC(15) Concurrent Mark 9.273ms
[2023-06-25T22:43:26.486+0800][gc,marking  ] GC(15) Concurrent Rebuild Remembered Sets
[2023-06-25T22:43:26.491+0800][gc,marking  ] GC(15) Concurrent Rebuild Remembered Sets 4.808ms
[2023-06-25T22:43:26.491+0800][gc,start    ] GC(15) Pause Cleanup
[2023-06-25T22:43:26.491+0800][gc          ] GC(15) Pause Cleanup 42M->42M(512M) 0.105ms
[2023-06-25T22:43:26.491+0800][gc,cpu      ] GC(15) User=0.00s Sys=0.00s Real=0.00s
[2023-06-25T22:43:26.491+0800][gc,marking  ] GC(15) Concurrent Cleanup for Next Mark
[2023-06-25T22:43:26.492+0800][gc,marking  ] GC(15) Concurrent Cleanup for Next Mark 1.159ms
[2023-06-25T22:43:26.492+0800][gc          ] GC(15) Concurrent Mark Cycle 20.209ms
[2023-06-25T22:58:48.396+0800][gc,start    ] GC(16) Pause Young (Normal) (G1 Evacuation Pause)
[2023-06-25T22:58:48.400+0800][gc,task     ] GC(16) Using 8 workers of 8 for evacuation
[2023-06-25T22:58:48.430+0800][gc,phases   ] GC(16)   Pre Evacuate Collection Set: 1.4ms
[2023-06-25T22:58:48.430+0800][gc,phases   ] GC(16)   Merge Heap Roots: 0.6ms
[2023-06-25T22:58:48.430+0800][gc,phases   ] GC(16)   Evacuate Collection Set: 25.9ms
[2023-06-25T22:58:48.430+0800][gc,phases   ] GC(16)   Post Evacuate Collection Set: 1.2ms
[2023-06-25T22:58:48.430+0800][gc,phases   ] GC(16)   Other: 4.6ms
[2023-06-25T22:58:48.430+0800][gc,heap     ] GC(16) Eden regions: 239->0(238)
[2023-06-25T22:58:48.430+0800][gc,heap     ] GC(16) Survivor regions: 17->18(32)
[2023-06-25T22:58:48.430+0800][gc,heap     ] GC(16) Old regions: 15->15
[2023-06-25T22:58:48.430+0800][gc,heap     ] GC(16) Archive regions: 2->2
[2023-06-25T22:58:48.430+0800][gc,heap     ] GC(16) Humongous regions: 11->11
[2023-06-25T22:58:48.430+0800][gc,metaspace] GC(16) Metaspace: 65495K(66112K)->65495K(66112K) NonClass: 57627K(57920K)->57627K(57920K) Class: 7868K(8192K)->7868K(8192K)
[2023-06-25T22:58:48.430+0800][gc          ] GC(16) Pause Young (Normal) (G1 Evacuation Pause) 282M->44M(512M) 33.725ms
[2023-06-25T22:58:48.430+0800][gc,cpu      ] GC(16) User=0.04s Sys=0.06s Real=0.04s
[2023-06-25T23:20:32.362+0800][gc,start    ] GC(17) Pause Young (Normal) (G1 Evacuation Pause)
[2023-06-25T23:20:32.363+0800][gc,task     ] GC(17) Using 8 workers of 8 for evacuation
[2023-06-25T23:20:32.392+0800][gc,phases   ] GC(17)   Pre Evacuate Collection Set: 0.5ms
[2023-06-25T23:20:32.392+0800][gc,phases   ] GC(17)   Merge Heap Roots: 0.2ms
[2023-06-25T23:20:32.392+0800][gc,phases   ] GC(17)   Evacuate Collection Set: 26.4ms
[2023-06-25T23:20:32.392+0800][gc,phases   ] GC(17)   Post Evacuate Collection Set: 1.4ms
[2023-06-25T23:20:32.392+0800][gc,phases   ] GC(17)   Other: 1.5ms
[2023-06-25T23:20:32.392+0800][gc,heap     ] GC(17) Eden regions: 238->0(240)
[2023-06-25T23:20:32.392+0800][gc,heap     ] GC(17) Survivor regions: 18->16(32)
[2023-06-25T23:20:32.392+0800][gc,heap     ] GC(17) Old regions: 15->16
[2023-06-25T23:20:32.392+0800][gc,heap     ] GC(17) Archive regions: 2->2
[2023-06-25T23:20:32.392+0800][gc,heap     ] GC(17) Humongous regions: 11->11
[2023-06-25T23:20:32.392+0800][gc,metaspace] GC(17) Metaspace: 65877K(66560K)->65877K(66560K) NonClass: 58000K(58304K)->58000K(58304K) Class: 7877K(8256K)->7877K(8256K)
[2023-06-25T23:20:32.392+0800][gc          ] GC(17) Pause Young (Normal) (G1 Evacuation Pause) 282M->43M(512M) 29.989ms
[2023-06-25T23:20:32.392+0800][gc,cpu      ] GC(17) User=0.04s Sys=0.04s Real=0.03s
[2023-06-25T23:28:15.699+0800][gc,heap,exit] Heap
[2023-06-25T23:28:15.701+0800][gc,heap,exit]  garbage-first heap   total 524288K, used 95721K [0x00000007e0000000, 0x0000000800000000)
[2023-06-25T23:28:15.701+0800][gc,heap,exit]   region size 1024K, 66 young (67584K), 16 survivors (16384K)
[2023-06-25T23:28:15.701+0800][gc,heap,exit]  Metaspace       used 66285K, committed 66944K, reserved 1114112K
[2023-06-25T23:28:15.701+0800][gc,heap,exit]   class space    used 7915K, committed 8256K, reserved 1048576K
