[2023-06-20T18:11:55.441+0800][gc,heap] Heap region size: 1M
[2023-06-20T18:11:55.443+0800][gc     ] Using G1
[2023-06-20T18:11:55.443+0800][gc,heap,coops] Heap address: 0x00000007a0000000, size: 512 MB, Compressed Oops mode: Zero based, Oop shift amount: 3
[2023-06-20T18:11:56.110+0800][gc,start     ] GC(0) Pause Young (Normal) (G1 Evacuation Pause)
[2023-06-20T18:11:56.110+0800][gc,task      ] GC(0) Using 8 workers of 8 for evacuation
[2023-06-20T18:11:56.114+0800][gc,phases    ] GC(0)   Pre Evacuate Collection Set: 0.0ms
[2023-06-20T18:11:56.114+0800][gc,phases    ] GC(0)   Evacuate Collection Set: 3.4ms
[2023-06-20T18:11:56.114+0800][gc,phases    ] GC(0)   Post Evacuate Collection Set: 0.4ms
[2023-06-20T18:11:56.114+0800][gc,phases    ] GC(0)   Other: 0.3ms
[2023-06-20T18:11:56.114+0800][gc,heap      ] GC(0) Eden regions: 256->0(251)
[2023-06-20T18:11:56.114+0800][gc,heap      ] GC(0) Survivor regions: 0->5(32)
[2023-06-20T18:11:56.114+0800][gc,heap      ] GC(0) Old regions: 0->0
[2023-06-20T18:11:56.114+0800][gc,heap      ] GC(0) Humongous regions: 0->0
[2023-06-20T18:11:56.114+0800][gc,metaspace ] GC(0) Metaspace: 16743K(17280K)->16743K(17280K) NonClass: 14985K(15360K)->14985K(15360K) Class: 1757K(1920K)->1757K(1920K)
[2023-06-20T18:11:56.114+0800][gc           ] GC(0) Pause Young (Normal) (G1 Evacuation Pause) 256M->4M(512M) 4.169ms
[2023-06-20T18:11:56.114+0800][gc,cpu       ] GC(0) User=0.02s Sys=0.01s Real=0.00s
[2023-06-20T18:11:56.460+0800][gc,start     ] GC(1) Pause Young (Concurrent Start) (Metadata GC Threshold)
[2023-06-20T18:11:56.460+0800][gc,task      ] GC(1) Using 8 workers of 8 for evacuation
[2023-06-20T18:11:56.464+0800][gc,phases    ] GC(1)   Pre Evacuate Collection Set: 0.1ms
[2023-06-20T18:11:56.464+0800][gc,phases    ] GC(1)   Evacuate Collection Set: 3.4ms
[2023-06-20T18:11:56.464+0800][gc,phases    ] GC(1)   Post Evacuate Collection Set: 0.4ms
[2023-06-20T18:11:56.464+0800][gc,phases    ] GC(1)   Other: 0.1ms
[2023-06-20T18:11:56.464+0800][gc,heap      ] GC(1) Eden regions: 196->0(249)
[2023-06-20T18:11:56.464+0800][gc,heap      ] GC(1) Survivor regions: 5->7(32)
[2023-06-20T18:11:56.464+0800][gc,heap      ] GC(1) Old regions: 0->0
[2023-06-20T18:11:56.464+0800][gc,heap      ] GC(1) Humongous regions: 0->0
[2023-06-20T18:11:56.464+0800][gc,metaspace ] GC(1) Metaspace: 20529K(21248K)->20529K(21248K) NonClass: 18309K(18688K)->18309K(18688K) Class: 2220K(2560K)->2220K(2560K)
[2023-06-20T18:11:56.464+0800][gc           ] GC(1) Pause Young (Concurrent Start) (Metadata GC Threshold) 200M->6M(512M) 4.026ms
[2023-06-20T18:11:56.464+0800][gc,cpu       ] GC(1) User=0.03s Sys=0.00s Real=0.00s
[2023-06-20T18:11:56.464+0800][gc           ] GC(2) Concurrent Cycle
[2023-06-20T18:11:56.464+0800][gc,marking   ] GC(2) Concurrent Clear Claimed Marks
[2023-06-20T18:11:56.464+0800][gc,marking   ] GC(2) Concurrent Clear Claimed Marks 0.032ms
[2023-06-20T18:11:56.464+0800][gc,marking   ] GC(2) Concurrent Scan Root Regions
[2023-06-20T18:11:56.465+0800][gc,marking   ] GC(2) Concurrent Scan Root Regions 1.275ms
[2023-06-20T18:11:56.465+0800][gc,marking   ] GC(2) Concurrent Mark (1.030s)
[2023-06-20T18:11:56.465+0800][gc,marking   ] GC(2) Concurrent Mark From Roots
[2023-06-20T18:11:56.465+0800][gc,task      ] GC(2) Using 2 workers of 2 for marking
[2023-06-20T18:11:56.465+0800][gc,marking   ] GC(2) Concurrent Mark From Roots 0.119ms
[2023-06-20T18:11:56.465+0800][gc,marking   ] GC(2) Concurrent Preclean
[2023-06-20T18:11:56.465+0800][gc,marking   ] GC(2) Concurrent Preclean 0.017ms
[2023-06-20T18:11:56.465+0800][gc,marking   ] GC(2) Concurrent Mark (1.030s, 1.030s) 0.181ms
[2023-06-20T18:11:56.466+0800][gc,start     ] GC(2) Pause Remark
[2023-06-20T18:11:56.466+0800][gc,stringtable] GC(2) Cleaned string and symbol table, strings: 8932 processed, 0 removed, symbols: 66640 processed, 79 removed
[2023-06-20T18:11:56.467+0800][gc            ] GC(2) Pause Remark 7M->7M(512M) 0.979ms
[2023-06-20T18:11:56.467+0800][gc,cpu        ] GC(2) User=0.01s Sys=0.01s Real=0.00s
[2023-06-20T18:11:56.467+0800][gc,marking    ] GC(2) Concurrent Rebuild Remembered Sets
[2023-06-20T18:11:56.467+0800][gc,marking    ] GC(2) Concurrent Rebuild Remembered Sets 0.058ms
[2023-06-20T18:11:56.467+0800][gc,start      ] GC(2) Pause Cleanup
[2023-06-20T18:11:56.467+0800][gc            ] GC(2) Pause Cleanup 7M->7M(512M) 0.043ms
[2023-06-20T18:11:56.467+0800][gc,cpu        ] GC(2) User=0.00s Sys=0.00s Real=0.00s
[2023-06-20T18:11:56.467+0800][gc,marking    ] GC(2) Concurrent Cleanup for Next Mark
[2023-06-20T18:11:56.468+0800][gc,marking    ] GC(2) Concurrent Cleanup for Next Mark 0.770ms
[2023-06-20T18:11:56.468+0800][gc            ] GC(2) Concurrent Cycle 3.610ms
[2023-06-20T18:11:56.804+0800][gc,start      ] GC(3) Pause Young (Normal) (G1 Evacuation Pause)
[2023-06-20T18:11:56.804+0800][gc,task       ] GC(3) Using 8 workers of 8 for evacuation
[2023-06-20T18:11:56.808+0800][gc,phases     ] GC(3)   Pre Evacuate Collection Set: 0.0ms
[2023-06-20T18:11:56.808+0800][gc,phases     ] GC(3)   Evacuate Collection Set: 3.5ms
[2023-06-20T18:11:56.808+0800][gc,phases     ] GC(3)   Post Evacuate Collection Set: 0.5ms
[2023-06-20T18:11:56.808+0800][gc,phases     ] GC(3)   Other: 0.1ms
[2023-06-20T18:11:56.808+0800][gc,heap       ] GC(3) Eden regions: 249->0(245)
[2023-06-20T18:11:56.808+0800][gc,heap       ] GC(3) Survivor regions: 7->11(32)
[2023-06-20T18:11:56.808+0800][gc,heap       ] GC(3) Old regions: 0->0
[2023-06-20T18:11:56.808+0800][gc,heap       ] GC(3) Humongous regions: 0->0
[2023-06-20T18:11:56.808+0800][gc,metaspace  ] GC(3) Metaspace: 27970K(28800K)->27970K(28800K) NonClass: 24853K(25344K)->24853K(25344K) Class: 3117K(3456K)->3117K(3456K)
[2023-06-20T18:11:56.808+0800][gc            ] GC(3) Pause Young (Normal) (G1 Evacuation Pause) 255M->10M(512M) 4.151ms
[2023-06-20T18:11:56.808+0800][gc,cpu        ] GC(3) User=0.03s Sys=0.00s Real=0.00s
[2023-06-20T18:11:56.989+0800][gc,start      ] GC(4) Pause Young (Normal) (G1 Evacuation Pause)
[2023-06-20T18:11:56.989+0800][gc,task       ] GC(4) Using 8 workers of 8 for evacuation
[2023-06-20T18:11:56.993+0800][gc,phases     ] GC(4)   Pre Evacuate Collection Set: 0.0ms
[2023-06-20T18:11:56.993+0800][gc,phases     ] GC(4)   Evacuate Collection Set: 4.3ms
[2023-06-20T18:11:56.993+0800][gc,phases     ] GC(4)   Post Evacuate Collection Set: 0.5ms
[2023-06-20T18:11:56.993+0800][gc,phases     ] GC(4)   Other: 0.1ms
[2023-06-20T18:11:56.993+0800][gc,heap       ] GC(4) Eden regions: 245->0(244)
[2023-06-20T18:11:56.993+0800][gc,heap       ] GC(4) Survivor regions: 11->12(32)
[2023-06-20T18:11:56.993+0800][gc,heap       ] GC(4) Old regions: 0->0
[2023-06-20T18:11:56.993+0800][gc,heap       ] GC(4) Humongous regions: 0->0
[2023-06-20T18:11:56.993+0800][gc,metaspace  ] GC(4) Metaspace: 29154K(30208K)->29154K(30208K) NonClass: 25921K(26624K)->25921K(26624K) Class: 3232K(3584K)->3232K(3584K)
[2023-06-20T18:11:56.994+0800][gc            ] GC(4) Pause Young (Normal) (G1 Evacuation Pause) 255M->12M(512M) 4.960ms
[2023-06-20T18:11:56.994+0800][gc,cpu        ] GC(4) User=0.03s Sys=0.00s Real=0.01s
[2023-06-20T18:11:57.186+0800][gc,start      ] GC(5) Pause Young (Normal) (G1 Evacuation Pause)
[2023-06-20T18:11:57.186+0800][gc,task       ] GC(5) Using 8 workers of 8 for evacuation
[2023-06-20T18:11:57.190+0800][gc,phases     ] GC(5)   Pre Evacuate Collection Set: 0.0ms
[2023-06-20T18:11:57.190+0800][gc,phases     ] GC(5)   Evacuate Collection Set: 4.1ms
[2023-06-20T18:11:57.190+0800][gc,phases     ] GC(5)   Post Evacuate Collection Set: 0.4ms
[2023-06-20T18:11:57.190+0800][gc,phases     ] GC(5)   Other: 0.1ms
[2023-06-20T18:11:57.190+0800][gc,heap       ] GC(5) Eden regions: 244->0(242)
[2023-06-20T18:11:57.190+0800][gc,heap       ] GC(5) Survivor regions: 12->14(32)
[2023-06-20T18:11:57.190+0800][gc,heap       ] GC(5) Old regions: 0->0
[2023-06-20T18:11:57.190+0800][gc,heap       ] GC(5) Humongous regions: 0->0
[2023-06-20T18:11:57.190+0800][gc,metaspace  ] GC(5) Metaspace: 29851K(30848K)->29851K(30848K) NonClass: 26534K(27136K)->26534K(27136K) Class: 3316K(3712K)->3316K(3712K)
[2023-06-20T18:11:57.190+0800][gc            ] GC(5) Pause Young (Normal) (G1 Evacuation Pause) 256M->14M(512M) 4.685ms
[2023-06-20T18:11:57.190+0800][gc,cpu        ] GC(5) User=0.03s Sys=0.00s Real=0.01s
[2023-06-20T18:11:57.570+0800][gc,start      ] GC(6) Pause Young (Normal) (G1 Evacuation Pause)
[2023-06-20T18:11:57.570+0800][gc,task       ] GC(6) Using 8 workers of 8 for evacuation
[2023-06-20T18:11:57.575+0800][gc,phases     ] GC(6)   Pre Evacuate Collection Set: 0.0ms
[2023-06-20T18:11:57.575+0800][gc,phases     ] GC(6)   Evacuate Collection Set: 3.9ms
[2023-06-20T18:11:57.575+0800][gc,phases     ] GC(6)   Post Evacuate Collection Set: 0.7ms
[2023-06-20T18:11:57.575+0800][gc,phases     ] GC(6)   Other: 0.1ms
[2023-06-20T18:11:57.575+0800][gc,heap       ] GC(6) Eden regions: 242->0(241)
[2023-06-20T18:11:57.575+0800][gc,heap       ] GC(6) Survivor regions: 14->15(32)
[2023-06-20T18:11:57.575+0800][gc,heap       ] GC(6) Old regions: 0->0
[2023-06-20T18:11:57.575+0800][gc,heap       ] GC(6) Humongous regions: 0->0
[2023-06-20T18:11:57.575+0800][gc,metaspace  ] GC(6) Metaspace: 33886K(34944K)->33886K(34944K) NonClass: 30019K(30720K)->30019K(30720K) Class: 3866K(4224K)->3866K(4224K)
[2023-06-20T18:11:57.575+0800][gc            ] GC(6) Pause Young (Normal) (G1 Evacuation Pause) 256M->14M(512M) 4.776ms
[2023-06-20T18:11:57.575+0800][gc,cpu        ] GC(6) User=0.04s Sys=0.01s Real=0.00s
[2023-06-20T18:11:57.662+0800][gc,start      ] GC(7) Pause Young (Concurrent Start) (Metadata GC Threshold)
[2023-06-20T18:11:57.662+0800][gc,task       ] GC(7) Using 8 workers of 8 for evacuation
[2023-06-20T18:11:57.669+0800][gc,phases     ] GC(7)   Pre Evacuate Collection Set: 0.1ms
[2023-06-20T18:11:57.669+0800][gc,phases     ] GC(7)   Evacuate Collection Set: 6.0ms
[2023-06-20T18:11:57.669+0800][gc,phases     ] GC(7)   Post Evacuate Collection Set: 0.5ms
[2023-06-20T18:11:57.669+0800][gc,phases     ] GC(7)   Other: 0.1ms
[2023-06-20T18:11:57.669+0800][gc,heap       ] GC(7) Eden regions: 49->0(241)
[2023-06-20T18:11:57.669+0800][gc,heap       ] GC(7) Survivor regions: 15->15(32)
[2023-06-20T18:11:57.669+0800][gc,heap       ] GC(7) Old regions: 0->0
[2023-06-20T18:11:57.669+0800][gc,heap       ] GC(7) Humongous regions: 0->0
[2023-06-20T18:11:57.669+0800][gc,metaspace  ] GC(7) Metaspace: 34807K(35840K)->34807K(35840K) NonClass: 30812K(31488K)->30812K(31488K) Class: 3995K(4352K)->3995K(4352K)
[2023-06-20T18:11:57.669+0800][gc            ] GC(7) Pause Young (Concurrent Start) (Metadata GC Threshold) 63M->14M(512M) 6.781ms
[2023-06-20T18:11:57.669+0800][gc,cpu        ] GC(7) User=0.04s Sys=0.00s Real=0.00s
[2023-06-20T18:11:57.669+0800][gc            ] GC(8) Concurrent Cycle
[2023-06-20T18:11:57.669+0800][gc,marking    ] GC(8) Concurrent Clear Claimed Marks
[2023-06-20T18:11:57.669+0800][gc,marking    ] GC(8) Concurrent Clear Claimed Marks 0.059ms
[2023-06-20T18:11:57.669+0800][gc,marking    ] GC(8) Concurrent Scan Root Regions
[2023-06-20T18:11:57.672+0800][gc,marking    ] GC(8) Concurrent Scan Root Regions 2.405ms
[2023-06-20T18:11:57.672+0800][gc,marking    ] GC(8) Concurrent Mark (2.236s)
[2023-06-20T18:11:57.672+0800][gc,marking    ] GC(8) Concurrent Mark From Roots
[2023-06-20T18:11:57.672+0800][gc,task       ] GC(8) Using 2 workers of 2 for marking
[2023-06-20T18:11:57.672+0800][gc,marking    ] GC(8) Concurrent Mark From Roots 0.074ms
[2023-06-20T18:11:57.672+0800][gc,marking    ] GC(8) Concurrent Preclean
[2023-06-20T18:11:57.672+0800][gc,marking    ] GC(8) Concurrent Preclean 0.014ms
[2023-06-20T18:11:57.672+0800][gc,marking    ] GC(8) Concurrent Mark (2.236s, 2.236s) 0.134ms
[2023-06-20T18:11:57.672+0800][gc,start      ] GC(8) Pause Remark
[2023-06-20T18:11:57.682+0800][gc,stringtable] GC(8) Cleaned string and symbol table, strings: 14966 processed, 0 removed, symbols: 115653 processed, 364 removed
[2023-06-20T18:11:57.682+0800][gc            ] GC(8) Pause Remark 15M->15M(512M) 10.314ms
[2023-06-20T18:11:57.682+0800][gc,cpu        ] GC(8) User=0.01s Sys=0.00s Real=0.01s
[2023-06-20T18:11:57.682+0800][gc,marking    ] GC(8) Concurrent Rebuild Remembered Sets
[2023-06-20T18:11:57.682+0800][gc,marking    ] GC(8) Concurrent Rebuild Remembered Sets 0.036ms
[2023-06-20T18:11:57.682+0800][gc,start      ] GC(8) Pause Cleanup
[2023-06-20T18:11:57.682+0800][gc            ] GC(8) Pause Cleanup 15M->15M(512M) 0.059ms
[2023-06-20T18:11:57.682+0800][gc,cpu        ] GC(8) User=0.00s Sys=0.00s Real=0.00s
[2023-06-20T18:11:57.682+0800][gc,marking    ] GC(8) Concurrent Cleanup for Next Mark
[2023-06-20T18:11:57.683+0800][gc,marking    ] GC(8) Concurrent Cleanup for Next Mark 0.688ms
[2023-06-20T18:11:57.683+0800][gc            ] GC(8) Concurrent Cycle 14.075ms
[2023-06-20T18:11:58.153+0800][gc,start      ] GC(9) Pause Young (Normal) (G1 Evacuation Pause)
[2023-06-20T18:11:58.153+0800][gc,task       ] GC(9) Using 8 workers of 8 for evacuation
[2023-06-20T18:11:58.162+0800][gc,phases     ] GC(9)   Pre Evacuate Collection Set: 0.0ms
[2023-06-20T18:11:58.162+0800][gc,phases     ] GC(9)   Evacuate Collection Set: 7.2ms
[2023-06-20T18:11:58.162+0800][gc,phases     ] GC(9)   Post Evacuate Collection Set: 0.9ms
[2023-06-20T18:11:58.162+0800][gc,phases     ] GC(9)   Other: 0.1ms
[2023-06-20T18:11:58.162+0800][gc,heap       ] GC(9) Eden regions: 241->0(237)
[2023-06-20T18:11:58.162+0800][gc,heap       ] GC(9) Survivor regions: 15->19(32)
[2023-06-20T18:11:58.162+0800][gc,heap       ] GC(9) Old regions: 0->0
[2023-06-20T18:11:58.162+0800][gc,heap       ] GC(9) Humongous regions: 0->0
[2023-06-20T18:11:58.162+0800][gc,metaspace  ] GC(9) Metaspace: 41030K(42368K)->41030K(42368K) NonClass: 36270K(37120K)->36270K(37120K) Class: 4759K(5248K)->4759K(5248K)
[2023-06-20T18:11:58.162+0800][gc            ] GC(9) Pause Young (Normal) (G1 Evacuation Pause) 255M->18M(512M) 8.239ms
[2023-06-20T18:11:58.162+0800][gc,cpu        ] GC(9) User=0.05s Sys=0.00s Real=0.01s
[2023-06-20T18:11:59.171+0800][gc,start      ] GC(10) Pause Young (Normal) (G1 Evacuation Pause)
[2023-06-20T18:11:59.171+0800][gc,task       ] GC(10) Using 8 workers of 8 for evacuation
[2023-06-20T18:11:59.182+0800][gc,phases     ] GC(10)   Pre Evacuate Collection Set: 0.0ms
[2023-06-20T18:11:59.182+0800][gc,phases     ] GC(10)   Evacuate Collection Set: 9.6ms
[2023-06-20T18:11:59.182+0800][gc,phases     ] GC(10)   Post Evacuate Collection Set: 0.8ms
[2023-06-20T18:11:59.182+0800][gc,phases     ] GC(10)   Other: 0.1ms
[2023-06-20T18:11:59.182+0800][gc,heap       ] GC(10) Eden regions: 237->0(239)
[2023-06-20T18:11:59.182+0800][gc,heap       ] GC(10) Survivor regions: 19->17(32)
[2023-06-20T18:11:59.182+0800][gc,heap       ] GC(10) Old regions: 0->5
[2023-06-20T18:11:59.182+0800][gc,heap       ] GC(10) Humongous regions: 0->0
[2023-06-20T18:11:59.182+0800][gc,metaspace  ] GC(10) Metaspace: 50702K(52480K)->50702K(52480K) NonClass: 44723K(45824K)->44723K(45824K) Class: 5979K(6656K)->5979K(6656K)
[2023-06-20T18:11:59.182+0800][gc            ] GC(10) Pause Young (Normal) (G1 Evacuation Pause) 255M->21M(512M) 10.602ms
[2023-06-20T18:11:59.182+0800][gc,cpu        ] GC(10) User=0.04s Sys=0.00s Real=0.01s
[2023-06-20T18:11:59.859+0800][gc,start      ] GC(11) Pause Young (Concurrent Start) (Metadata GC Threshold)
[2023-06-20T18:11:59.859+0800][gc,task       ] GC(11) Using 8 workers of 8 for evacuation
[2023-06-20T18:11:59.873+0800][gc,phases     ] GC(11)   Pre Evacuate Collection Set: 0.2ms
[2023-06-20T18:11:59.873+0800][gc,phases     ] GC(11)   Evacuate Collection Set: 13.4ms
[2023-06-20T18:11:59.874+0800][gc,phases     ] GC(11)   Post Evacuate Collection Set: 1.3ms
[2023-06-20T18:11:59.874+0800][gc,phases     ] GC(11)   Other: 0.1ms
[2023-06-20T18:11:59.874+0800][gc,heap       ] GC(11) Eden regions: 168->0(234)
[2023-06-20T18:11:59.874+0800][gc,heap       ] GC(11) Survivor regions: 17->22(32)
[2023-06-20T18:11:59.874+0800][gc,heap       ] GC(11) Old regions: 5->5
[2023-06-20T18:11:59.874+0800][gc,heap       ] GC(11) Humongous regions: 5->5
[2023-06-20T18:11:59.874+0800][gc,metaspace  ] GC(11) Metaspace: 58162K(59904K)->58162K(59904K) NonClass: 51285K(52224K)->51285K(52224K) Class: 6877K(7680K)->6877K(7680K)
[2023-06-20T18:11:59.874+0800][gc            ] GC(11) Pause Young (Concurrent Start) (Metadata GC Threshold) 193M->30M(512M) 15.020ms
[2023-06-20T18:11:59.874+0800][gc,cpu        ] GC(11) User=0.06s Sys=0.00s Real=0.02s
[2023-06-20T18:11:59.874+0800][gc            ] GC(12) Concurrent Cycle
[2023-06-20T18:11:59.874+0800][gc,marking    ] GC(12) Concurrent Clear Claimed Marks
[2023-06-20T18:11:59.874+0800][gc,marking    ] GC(12) Concurrent Clear Claimed Marks 0.243ms
[2023-06-20T18:11:59.874+0800][gc,marking    ] GC(12) Concurrent Scan Root Regions
[2023-06-20T18:11:59.882+0800][gc,marking    ] GC(12) Concurrent Scan Root Regions 7.940ms
[2023-06-20T18:11:59.882+0800][gc,marking    ] GC(12) Concurrent Mark (4.446s)
[2023-06-20T18:11:59.882+0800][gc,marking    ] GC(12) Concurrent Mark From Roots
[2023-06-20T18:11:59.882+0800][gc,task       ] GC(12) Using 2 workers of 2 for marking
[2023-06-20T18:11:59.887+0800][gc,marking    ] GC(12) Concurrent Mark From Roots 5.197ms
[2023-06-20T18:11:59.887+0800][gc,marking    ] GC(12) Concurrent Preclean
[2023-06-20T18:11:59.887+0800][gc,marking    ] GC(12) Concurrent Preclean 0.038ms
[2023-06-20T18:11:59.887+0800][gc,marking    ] GC(12) Concurrent Mark (4.446s, 4.452s) 5.275ms
[2023-06-20T18:11:59.887+0800][gc,start      ] GC(12) Pause Remark
[2023-06-20T18:11:59.896+0800][gc,stringtable] GC(12) Cleaned string and symbol table, strings: 27586 processed, 15 removed, symbols: 176079 processed, 327 removed
[2023-06-20T18:11:59.897+0800][gc            ] GC(12) Pause Remark 33M->33M(512M) 9.607ms
[2023-06-20T18:11:59.897+0800][gc,cpu        ] GC(12) User=0.01s Sys=0.00s Real=0.01s
[2023-06-20T18:11:59.897+0800][gc,marking    ] GC(12) Concurrent Rebuild Remembered Sets
[2023-06-20T18:11:59.906+0800][gc,marking    ] GC(12) Concurrent Rebuild Remembered Sets 8.770ms
[2023-06-20T18:11:59.906+0800][gc,start      ] GC(12) Pause Cleanup
[2023-06-20T18:11:59.906+0800][gc            ] GC(12) Pause Cleanup 33M->33M(512M) 0.149ms
[2023-06-20T18:11:59.906+0800][gc,cpu        ] GC(12) User=0.00s Sys=0.00s Real=0.00s
[2023-06-20T18:11:59.906+0800][gc,marking    ] GC(12) Concurrent Cleanup for Next Mark
[2023-06-20T18:11:59.908+0800][gc,marking    ] GC(12) Concurrent Cleanup for Next Mark 1.362ms
[2023-06-20T18:11:59.908+0800][gc            ] GC(12) Concurrent Cycle 34.196ms
[2023-06-20T18:12:00.535+0800][gc,start      ] GC(13) Pause Young (Normal) (G1 Evacuation Pause)
[2023-06-20T18:12:00.535+0800][gc,task       ] GC(13) Using 8 workers of 8 for evacuation
[2023-06-20T18:12:00.541+0800][gc,phases     ] GC(13)   Pre Evacuate Collection Set: 0.0ms
[2023-06-20T18:12:00.541+0800][gc,phases     ] GC(13)   Evacuate Collection Set: 5.7ms
[2023-06-20T18:12:00.541+0800][gc,phases     ] GC(13)   Post Evacuate Collection Set: 0.5ms
[2023-06-20T18:12:00.541+0800][gc,phases     ] GC(13)   Other: 0.1ms
[2023-06-20T18:12:00.541+0800][gc,heap       ] GC(13) Eden regions: 234->0(233)
[2023-06-20T18:12:00.541+0800][gc,heap       ] GC(13) Survivor regions: 22->23(32)
[2023-06-20T18:12:00.541+0800][gc,heap       ] GC(13) Old regions: 5->9
[2023-06-20T18:12:00.541+0800][gc,heap       ] GC(13) Humongous regions: 5->5
[2023-06-20T18:12:00.541+0800][gc,metaspace  ] GC(13) Metaspace: 64404K(66688K)->64404K(66688K) NonClass: 56661K(57856K)->56661K(57856K) Class: 7743K(8832K)->7743K(8832K)
[2023-06-20T18:12:00.541+0800][gc            ] GC(13) Pause Young (Normal) (G1 Evacuation Pause) 264M->36M(512M) 6.432ms
[2023-06-20T18:12:00.541+0800][gc,cpu        ] GC(13) User=0.05s Sys=0.01s Real=0.01s
[2023-06-20T18:12:11.728+0800][gc,start      ] GC(14) Pause Young (Normal) (G1 Evacuation Pause)
[2023-06-20T18:12:11.729+0800][gc,task       ] GC(14) Using 8 workers of 8 for evacuation
[2023-06-20T18:12:11.737+0800][gc,phases     ] GC(14)   Pre Evacuate Collection Set: 0.0ms
[2023-06-20T18:12:11.738+0800][gc,phases     ] GC(14)   Evacuate Collection Set: 8.3ms
[2023-06-20T18:12:11.738+0800][gc,phases     ] GC(14)   Post Evacuate Collection Set: 0.6ms
[2023-06-20T18:12:11.738+0800][gc,phases     ] GC(14)   Other: 0.4ms
[2023-06-20T18:12:11.738+0800][gc,heap       ] GC(14) Eden regions: 233->0(238)
[2023-06-20T18:12:11.738+0800][gc,heap       ] GC(14) Survivor regions: 23->18(32)
[2023-06-20T18:12:11.738+0800][gc,heap       ] GC(14) Old regions: 9->16
[2023-06-20T18:12:11.738+0800][gc,heap       ] GC(14) Humongous regions: 17->17
[2023-06-20T18:12:11.738+0800][gc,metaspace  ] GC(14) Metaspace: 70503K(73344K)->70503K(73344K) NonClass: 62003K(63488K)->62003K(63488K) Class: 8500K(9856K)->8500K(9856K)
[2023-06-20T18:12:11.738+0800][gc            ] GC(14) Pause Young (Normal) (G1 Evacuation Pause) 281M->50M(512M) 9.342ms
[2023-06-20T18:12:11.738+0800][gc,cpu        ] GC(14) User=0.05s Sys=0.00s Real=0.01s
[2023-06-20T18:14:56.437+0800][gc,heap,exit  ] Heap
[2023-06-20T18:14:56.439+0800][gc,heap,exit  ]  garbage-first heap   total 524288K, used 149670K [0x00000007a0000000, 0x00000007c0000000)
[2023-06-20T18:14:56.439+0800][gc,heap,exit  ]   region size 1024K, 116 young (118784K), 18 survivors (18432K)
[2023-06-20T18:14:56.439+0800][gc,heap,exit  ]  Metaspace       used 73931K, capacity 76616K, committed 76672K, reserved 1116160K
[2023-06-20T18:14:56.439+0800][gc,heap,exit  ]   class space    used 8774K, capacity 10104K, committed 10112K, reserved 1048576K
