[2023-06-24T10:53:12.644+0800][gc,heap] Heap region size: 1M
[2023-06-24T10:53:12.645+0800][gc     ] Using G1
[2023-06-24T10:53:12.645+0800][gc,heap,coops] Heap address: 0x00000007a0000000, size: 512 MB, Compressed Oops mode: Zero based, Oop shift amount: 3
[2023-06-24T10:53:13.235+0800][gc,start     ] GC(0) Pause Young (Normal) (G1 Evacuation Pause)
[2023-06-24T10:53:13.236+0800][gc,task      ] GC(0) Using 8 workers of 8 for evacuation
[2023-06-24T10:53:13.240+0800][gc,phases    ] GC(0)   Pre Evacuate Collection Set: 0.0ms
[2023-06-24T10:53:13.240+0800][gc,phases    ] GC(0)   Evacuate Collection Set: 3.4ms
[2023-06-24T10:53:13.240+0800][gc,phases    ] GC(0)   Post Evacuate Collection Set: 0.6ms
[2023-06-24T10:53:13.240+0800][gc,phases    ] GC(0)   Other: 0.4ms
[2023-06-24T10:53:13.240+0800][gc,heap      ] GC(0) Eden regions: 256->0(250)
[2023-06-24T10:53:13.240+0800][gc,heap      ] GC(0) Survivor regions: 0->6(32)
[2023-06-24T10:53:13.240+0800][gc,heap      ] GC(0) Old regions: 0->0
[2023-06-24T10:53:13.240+0800][gc,heap      ] GC(0) Humongous regions: 0->0
[2023-06-24T10:53:13.240+0800][gc,metaspace ] GC(0) Metaspace: 16945K(17664K)->16945K(17664K) NonClass: 15158K(15616K)->15158K(15616K) Class: 1786K(2048K)->1786K(2048K)
[2023-06-24T10:53:13.240+0800][gc           ] GC(0) Pause Young (Normal) (G1 Evacuation Pause) 256M->5M(512M) 4.479ms
[2023-06-24T10:53:13.240+0800][gc,cpu       ] GC(0) User=0.02s Sys=0.01s Real=0.01s
[2023-06-24T10:53:13.666+0800][gc,start     ] GC(1) Pause Young (Concurrent Start) (Metadata GC Threshold)
[2023-06-24T10:53:13.666+0800][gc,task      ] GC(1) Using 8 workers of 8 for evacuation
[2023-06-24T10:53:13.669+0800][gc,phases    ] GC(1)   Pre Evacuate Collection Set: 0.1ms
[2023-06-24T10:53:13.669+0800][gc,phases    ] GC(1)   Evacuate Collection Set: 2.8ms
[2023-06-24T10:53:13.669+0800][gc,phases    ] GC(1)   Post Evacuate Collection Set: 0.4ms
[2023-06-24T10:53:13.669+0800][gc,phases    ] GC(1)   Other: 0.1ms
[2023-06-24T10:53:13.669+0800][gc,heap      ] GC(1) Eden regions: 228->0(249)
[2023-06-24T10:53:13.669+0800][gc,heap      ] GC(1) Survivor regions: 6->7(32)
[2023-06-24T10:53:13.669+0800][gc,heap      ] GC(1) Old regions: 0->0
[2023-06-24T10:53:13.669+0800][gc,heap      ] GC(1) Humongous regions: 0->0
[2023-06-24T10:53:13.669+0800][gc,metaspace ] GC(1) Metaspace: 20573K(21248K)->20573K(21248K) NonClass: 18326K(18688K)->18326K(18688K) Class: 2247K(2560K)->2247K(2560K)
[2023-06-24T10:53:13.669+0800][gc           ] GC(1) Pause Young (Concurrent Start) (Metadata GC Threshold) 233M->7M(512M) 3.355ms
[2023-06-24T10:53:13.669+0800][gc,cpu       ] GC(1) User=0.03s Sys=0.01s Real=0.00s
[2023-06-24T10:53:13.670+0800][gc           ] GC(2) Concurrent Cycle
[2023-06-24T10:53:13.670+0800][gc,marking   ] GC(2) Concurrent Clear Claimed Marks
[2023-06-24T10:53:13.670+0800][gc,marking   ] GC(2) Concurrent Clear Claimed Marks 0.029ms
[2023-06-24T10:53:13.670+0800][gc,marking   ] GC(2) Concurrent Scan Root Regions
[2023-06-24T10:53:13.672+0800][gc,marking   ] GC(2) Concurrent Scan Root Regions 2.114ms
[2023-06-24T10:53:13.672+0800][gc,marking   ] GC(2) Concurrent Mark (1.033s)
[2023-06-24T10:53:13.672+0800][gc,marking   ] GC(2) Concurrent Mark From Roots
[2023-06-24T10:53:13.672+0800][gc,task      ] GC(2) Using 2 workers of 2 for marking
[2023-06-24T10:53:13.672+0800][gc,marking   ] GC(2) Concurrent Mark From Roots 0.117ms
[2023-06-24T10:53:13.672+0800][gc,marking   ] GC(2) Concurrent Preclean
[2023-06-24T10:53:13.672+0800][gc,marking   ] GC(2) Concurrent Preclean 0.014ms
[2023-06-24T10:53:13.672+0800][gc,marking   ] GC(2) Concurrent Mark (1.033s, 1.033s) 0.151ms
[2023-06-24T10:53:13.672+0800][gc,start     ] GC(2) Pause Remark
[2023-06-24T10:53:13.673+0800][gc,stringtable] GC(2) Cleaned string and symbol table, strings: 8950 processed, 0 removed, symbols: 66935 processed, 78 removed
[2023-06-24T10:53:13.673+0800][gc            ] GC(2) Pause Remark 12M->12M(512M) 1.035ms
[2023-06-24T10:53:13.673+0800][gc,cpu        ] GC(2) User=0.00s Sys=0.00s Real=0.00s
[2023-06-24T10:53:13.673+0800][gc,marking    ] GC(2) Concurrent Rebuild Remembered Sets
[2023-06-24T10:53:13.673+0800][gc,marking    ] GC(2) Concurrent Rebuild Remembered Sets 0.052ms
[2023-06-24T10:53:13.674+0800][gc,start      ] GC(2) Pause Cleanup
[2023-06-24T10:53:13.674+0800][gc            ] GC(2) Pause Cleanup 13M->13M(512M) 0.062ms
[2023-06-24T10:53:13.674+0800][gc,cpu        ] GC(2) User=0.00s Sys=0.00s Real=0.00s
[2023-06-24T10:53:13.674+0800][gc,marking    ] GC(2) Concurrent Cleanup for Next Mark
[2023-06-24T10:53:13.674+0800][gc,marking    ] GC(2) Concurrent Cleanup for Next Mark 0.776ms
[2023-06-24T10:53:13.674+0800][gc            ] GC(2) Concurrent Cycle 4.867ms
[2023-06-24T10:53:13.939+0800][gc,start      ] GC(3) Pause Young (Normal) (G1 Evacuation Pause)
[2023-06-24T10:53:13.939+0800][gc,task       ] GC(3) Using 8 workers of 8 for evacuation
[2023-06-24T10:53:13.943+0800][gc,phases     ] GC(3)   Pre Evacuate Collection Set: 0.0ms
[2023-06-24T10:53:13.943+0800][gc,phases     ] GC(3)   Evacuate Collection Set: 3.1ms
[2023-06-24T10:53:13.943+0800][gc,phases     ] GC(3)   Post Evacuate Collection Set: 0.4ms
[2023-06-24T10:53:13.943+0800][gc,phases     ] GC(3)   Other: 0.1ms
[2023-06-24T10:53:13.943+0800][gc,heap       ] GC(3) Eden regions: 249->0(246)
[2023-06-24T10:53:13.943+0800][gc,heap       ] GC(3) Survivor regions: 7->10(32)
[2023-06-24T10:53:13.943+0800][gc,heap       ] GC(3) Old regions: 0->0
[2023-06-24T10:53:13.943+0800][gc,heap       ] GC(3) Humongous regions: 0->0
[2023-06-24T10:53:13.943+0800][gc,metaspace  ] GC(3) Metaspace: 27175K(28032K)->27175K(28032K) NonClass: 24129K(24576K)->24129K(24576K) Class: 3046K(3456K)->3046K(3456K)
[2023-06-24T10:53:13.943+0800][gc            ] GC(3) Pause Young (Normal) (G1 Evacuation Pause) 256M->9M(512M) 3.656ms
[2023-06-24T10:53:13.943+0800][gc,cpu        ] GC(3) User=0.02s Sys=0.00s Real=0.01s
[2023-06-24T10:53:14.145+0800][gc,start      ] GC(4) Pause Young (Normal) (G1 Evacuation Pause)
[2023-06-24T10:53:14.145+0800][gc,task       ] GC(4) Using 8 workers of 8 for evacuation
[2023-06-24T10:53:14.149+0800][gc,phases     ] GC(4)   Pre Evacuate Collection Set: 0.0ms
[2023-06-24T10:53:14.149+0800][gc,phases     ] GC(4)   Evacuate Collection Set: 2.8ms
[2023-06-24T10:53:14.149+0800][gc,phases     ] GC(4)   Post Evacuate Collection Set: 0.5ms
[2023-06-24T10:53:14.149+0800][gc,phases     ] GC(4)   Other: 0.1ms
[2023-06-24T10:53:14.149+0800][gc,heap       ] GC(4) Eden regions: 246->0(244)
[2023-06-24T10:53:14.149+0800][gc,heap       ] GC(4) Survivor regions: 10->12(32)
[2023-06-24T10:53:14.149+0800][gc,heap       ] GC(4) Old regions: 0->0
[2023-06-24T10:53:14.149+0800][gc,heap       ] GC(4) Humongous regions: 0->0
[2023-06-24T10:53:14.149+0800][gc,metaspace  ] GC(4) Metaspace: 29101K(29952K)->29101K(29952K) NonClass: 25869K(26368K)->25869K(26368K) Class: 3232K(3584K)->3232K(3584K)
[2023-06-24T10:53:14.149+0800][gc            ] GC(4) Pause Young (Normal) (G1 Evacuation Pause) 255M->12M(512M) 3.536ms
[2023-06-24T10:53:14.149+0800][gc,cpu        ] GC(4) User=0.02s Sys=0.00s Real=0.00s
[2023-06-24T10:53:14.314+0800][gc,start      ] GC(5) Pause Young (Normal) (G1 Evacuation Pause)
[2023-06-24T10:53:14.314+0800][gc,task       ] GC(5) Using 8 workers of 8 for evacuation
[2023-06-24T10:53:14.318+0800][gc,phases     ] GC(5)   Pre Evacuate Collection Set: 0.0ms
[2023-06-24T10:53:14.318+0800][gc,phases     ] GC(5)   Evacuate Collection Set: 4.0ms
[2023-06-24T10:53:14.318+0800][gc,phases     ] GC(5)   Post Evacuate Collection Set: 0.5ms
[2023-06-24T10:53:14.319+0800][gc,phases     ] GC(5)   Other: 0.1ms
[2023-06-24T10:53:14.319+0800][gc,heap       ] GC(5) Eden regions: 244->0(242)
[2023-06-24T10:53:14.319+0800][gc,heap       ] GC(5) Survivor regions: 12->14(32)
[2023-06-24T10:53:14.319+0800][gc,heap       ] GC(5) Old regions: 0->0
[2023-06-24T10:53:14.319+0800][gc,heap       ] GC(5) Humongous regions: 0->0
[2023-06-24T10:53:14.319+0800][gc,metaspace  ] GC(5) Metaspace: 29737K(30848K)->29737K(30848K) NonClass: 26429K(27136K)->26429K(27136K) Class: 3308K(3712K)->3308K(3712K)
[2023-06-24T10:53:14.319+0800][gc            ] GC(5) Pause Young (Normal) (G1 Evacuation Pause) 256M->13M(512M) 4.720ms
[2023-06-24T10:53:14.319+0800][gc,cpu        ] GC(5) User=0.03s Sys=0.00s Real=0.00s
[2023-06-24T10:53:14.697+0800][gc,start      ] GC(6) Pause Young (Normal) (G1 Evacuation Pause)
[2023-06-24T10:53:14.697+0800][gc,task       ] GC(6) Using 8 workers of 8 for evacuation
[2023-06-24T10:53:14.702+0800][gc,phases     ] GC(6)   Pre Evacuate Collection Set: 0.0ms
[2023-06-24T10:53:14.702+0800][gc,phases     ] GC(6)   Evacuate Collection Set: 3.8ms
[2023-06-24T10:53:14.702+0800][gc,phases     ] GC(6)   Post Evacuate Collection Set: 0.7ms
[2023-06-24T10:53:14.702+0800][gc,phases     ] GC(6)   Other: 0.1ms
[2023-06-24T10:53:14.702+0800][gc,heap       ] GC(6) Eden regions: 242->0(241)
[2023-06-24T10:53:14.702+0800][gc,heap       ] GC(6) Survivor regions: 14->15(32)
[2023-06-24T10:53:14.702+0800][gc,heap       ] GC(6) Old regions: 0->0
[2023-06-24T10:53:14.702+0800][gc,heap       ] GC(6) Humongous regions: 0->0
[2023-06-24T10:53:14.702+0800][gc,metaspace  ] GC(6) Metaspace: 33855K(34944K)->33855K(34944K) NonClass: 29990K(30720K)->29990K(30720K) Class: 3864K(4224K)->3864K(4224K)
[2023-06-24T10:53:14.702+0800][gc            ] GC(6) Pause Young (Normal) (G1 Evacuation Pause) 255M->14M(512M) 4.665ms
[2023-06-24T10:53:14.702+0800][gc,cpu        ] GC(6) User=0.03s Sys=0.00s Real=0.01s
[2023-06-24T10:53:14.790+0800][gc,start      ] GC(7) Pause Young (Concurrent Start) (Metadata GC Threshold)
[2023-06-24T10:53:14.790+0800][gc,task       ] GC(7) Using 8 workers of 8 for evacuation
[2023-06-24T10:53:14.795+0800][gc,phases     ] GC(7)   Pre Evacuate Collection Set: 0.1ms
[2023-06-24T10:53:14.795+0800][gc,phases     ] GC(7)   Evacuate Collection Set: 4.7ms
[2023-06-24T10:53:14.795+0800][gc,phases     ] GC(7)   Post Evacuate Collection Set: 0.6ms
[2023-06-24T10:53:14.795+0800][gc,phases     ] GC(7)   Other: 0.1ms
[2023-06-24T10:53:14.795+0800][gc,heap       ] GC(7) Eden regions: 52->0(241)
[2023-06-24T10:53:14.795+0800][gc,heap       ] GC(7) Survivor regions: 15->15(32)
[2023-06-24T10:53:14.795+0800][gc,heap       ] GC(7) Old regions: 0->0
[2023-06-24T10:53:14.795+0800][gc,heap       ] GC(7) Humongous regions: 0->0
[2023-06-24T10:53:14.795+0800][gc,metaspace  ] GC(7) Metaspace: 34809K(35840K)->34809K(35840K) NonClass: 30810K(31488K)->30810K(31488K) Class: 3998K(4352K)->3998K(4352K)
[2023-06-24T10:53:14.795+0800][gc            ] GC(7) Pause Young (Concurrent Start) (Metadata GC Threshold) 66M->14M(512M) 5.575ms
[2023-06-24T10:53:14.795+0800][gc,cpu        ] GC(7) User=0.04s Sys=0.00s Real=0.00s
[2023-06-24T10:53:14.795+0800][gc            ] GC(8) Concurrent Cycle
[2023-06-24T10:53:14.795+0800][gc,marking    ] GC(8) Concurrent Clear Claimed Marks
[2023-06-24T10:53:14.795+0800][gc,marking    ] GC(8) Concurrent Clear Claimed Marks 0.058ms
[2023-06-24T10:53:14.795+0800][gc,marking    ] GC(8) Concurrent Scan Root Regions
[2023-06-24T10:53:14.798+0800][gc,marking    ] GC(8) Concurrent Scan Root Regions 2.509ms
[2023-06-24T10:53:14.798+0800][gc,marking    ] GC(8) Concurrent Mark (2.159s)
[2023-06-24T10:53:14.798+0800][gc,marking    ] GC(8) Concurrent Mark From Roots
[2023-06-24T10:53:14.798+0800][gc,task       ] GC(8) Using 2 workers of 2 for marking
[2023-06-24T10:53:14.798+0800][gc,marking    ] GC(8) Concurrent Mark From Roots 0.078ms
[2023-06-24T10:53:14.798+0800][gc,marking    ] GC(8) Concurrent Preclean
[2023-06-24T10:53:14.798+0800][gc,marking    ] GC(8) Concurrent Preclean 0.014ms
[2023-06-24T10:53:14.798+0800][gc,marking    ] GC(8) Concurrent Mark (2.159s, 2.159s) 0.126ms
[2023-06-24T10:53:14.798+0800][gc,start      ] GC(8) Pause Remark
[2023-06-24T10:53:14.801+0800][gc,stringtable] GC(8) Cleaned string and symbol table, strings: 14970 processed, 0 removed, symbols: 115727 processed, 362 removed
[2023-06-24T10:53:14.801+0800][gc            ] GC(8) Pause Remark 16M->16M(512M) 3.148ms
[2023-06-24T10:53:14.801+0800][gc,cpu        ] GC(8) User=0.01s Sys=0.01s Real=0.01s
[2023-06-24T10:53:14.801+0800][gc,marking    ] GC(8) Concurrent Rebuild Remembered Sets
[2023-06-24T10:53:14.801+0800][gc,marking    ] GC(8) Concurrent Rebuild Remembered Sets 0.048ms
[2023-06-24T10:53:14.801+0800][gc,start      ] GC(8) Pause Cleanup
[2023-06-24T10:53:14.801+0800][gc            ] GC(8) Pause Cleanup 16M->16M(512M) 0.055ms
[2023-06-24T10:53:14.801+0800][gc,cpu        ] GC(8) User=0.00s Sys=0.00s Real=0.00s
[2023-06-24T10:53:14.801+0800][gc,marking    ] GC(8) Concurrent Cleanup for Next Mark
[2023-06-24T10:53:14.802+0800][gc,marking    ] GC(8) Concurrent Cleanup for Next Mark 0.865ms
[2023-06-24T10:53:14.802+0800][gc            ] GC(8) Concurrent Cycle 7.186ms
[2023-06-24T10:53:15.240+0800][gc,start      ] GC(9) Pause Young (Normal) (G1 Evacuation Pause)
[2023-06-24T10:53:15.240+0800][gc,task       ] GC(9) Using 8 workers of 8 for evacuation
[2023-06-24T10:53:15.247+0800][gc,phases     ] GC(9)   Pre Evacuate Collection Set: 0.0ms
[2023-06-24T10:53:15.247+0800][gc,phases     ] GC(9)   Evacuate Collection Set: 6.4ms
[2023-06-24T10:53:15.247+0800][gc,phases     ] GC(9)   Post Evacuate Collection Set: 1.0ms
[2023-06-24T10:53:15.247+0800][gc,phases     ] GC(9)   Other: 0.1ms
[2023-06-24T10:53:15.247+0800][gc,heap       ] GC(9) Eden regions: 241->0(238)
[2023-06-24T10:53:15.247+0800][gc,heap       ] GC(9) Survivor regions: 15->18(32)
[2023-06-24T10:53:15.247+0800][gc,heap       ] GC(9) Old regions: 0->0
[2023-06-24T10:53:15.247+0800][gc,heap       ] GC(9) Humongous regions: 0->0
[2023-06-24T10:53:15.247+0800][gc,metaspace  ] GC(9) Metaspace: 41026K(42368K)->41026K(42368K) NonClass: 36262K(37120K)->36262K(37120K) Class: 4763K(5248K)->4763K(5248K)
[2023-06-24T10:53:15.247+0800][gc            ] GC(9) Pause Young (Normal) (G1 Evacuation Pause) 255M->17M(512M) 7.673ms
[2023-06-24T10:53:15.247+0800][gc,cpu        ] GC(9) User=0.04s Sys=0.00s Real=0.00s
[2023-06-24T10:53:15.776+0800][gc,start      ] GC(10) Pause Young (Normal) (G1 Evacuation Pause)
[2023-06-24T10:53:15.776+0800][gc,task       ] GC(10) Using 8 workers of 8 for evacuation
[2023-06-24T10:53:15.784+0800][gc,phases     ] GC(10)   Pre Evacuate Collection Set: 0.0ms
[2023-06-24T10:53:15.784+0800][gc,phases     ] GC(10)   Evacuate Collection Set: 7.2ms
[2023-06-24T10:53:15.784+0800][gc,phases     ] GC(10)   Post Evacuate Collection Set: 0.7ms
[2023-06-24T10:53:15.784+0800][gc,phases     ] GC(10)   Other: 0.1ms
[2023-06-24T10:53:15.784+0800][gc,heap       ] GC(10) Eden regions: 238->0(239)
[2023-06-24T10:53:15.784+0800][gc,heap       ] GC(10) Survivor regions: 18->17(32)
[2023-06-24T10:53:15.784+0800][gc,heap       ] GC(10) Old regions: 0->5
[2023-06-24T10:53:15.784+0800][gc,heap       ] GC(10) Humongous regions: 0->0
[2023-06-24T10:53:15.784+0800][gc,metaspace  ] GC(10) Metaspace: 51337K(52992K)->51337K(52992K) NonClass: 45292K(46336K)->45292K(46336K) Class: 6045K(6656K)->6045K(6656K)
[2023-06-24T10:53:15.784+0800][gc            ] GC(10) Pause Young (Normal) (G1 Evacuation Pause) 255M->21M(512M) 8.068ms
[2023-06-24T10:53:15.784+0800][gc,cpu        ] GC(10) User=0.05s Sys=0.00s Real=0.01s
[2023-06-24T10:53:16.183+0800][gc,start      ] GC(11) Pause Young (Concurrent Start) (Metadata GC Threshold)
[2023-06-24T10:53:16.183+0800][gc,task       ] GC(11) Using 8 workers of 8 for evacuation
[2023-06-24T10:53:16.189+0800][gc,phases     ] GC(11)   Pre Evacuate Collection Set: 0.2ms
[2023-06-24T10:53:16.189+0800][gc,phases     ] GC(11)   Evacuate Collection Set: 5.4ms
[2023-06-24T10:53:16.189+0800][gc,phases     ] GC(11)   Post Evacuate Collection Set: 0.5ms
[2023-06-24T10:53:16.189+0800][gc,phases     ] GC(11)   Other: 0.1ms
[2023-06-24T10:53:16.189+0800][gc,heap       ] GC(11) Eden regions: 151->0(235)
[2023-06-24T10:53:16.189+0800][gc,heap       ] GC(11) Survivor regions: 17->21(32)
[2023-06-24T10:53:16.189+0800][gc,heap       ] GC(11) Old regions: 5->5
[2023-06-24T10:53:16.189+0800][gc,heap       ] GC(11) Humongous regions: 5->5
[2023-06-24T10:53:16.189+0800][gc,metaspace  ] GC(11) Metaspace: 58171K(59904K)->58171K(59904K) NonClass: 51296K(52224K)->51296K(52224K) Class: 6875K(7680K)->6875K(7680K)
[2023-06-24T10:53:16.189+0800][gc            ] GC(11) Pause Young (Concurrent Start) (Metadata GC Threshold) 176M->30M(512M) 6.233ms
[2023-06-24T10:53:16.189+0800][gc,cpu        ] GC(11) User=0.04s Sys=0.00s Real=0.00s
[2023-06-24T10:53:16.189+0800][gc            ] GC(12) Concurrent Cycle
[2023-06-24T10:53:16.189+0800][gc,marking    ] GC(12) Concurrent Clear Claimed Marks
[2023-06-24T10:53:16.189+0800][gc,marking    ] GC(12) Concurrent Clear Claimed Marks 0.161ms
[2023-06-24T10:53:16.189+0800][gc,marking    ] GC(12) Concurrent Scan Root Regions
[2023-06-24T10:53:16.193+0800][gc,marking    ] GC(12) Concurrent Scan Root Regions 4.188ms
[2023-06-24T10:53:16.193+0800][gc,marking    ] GC(12) Concurrent Mark (3.555s)
[2023-06-24T10:53:16.193+0800][gc,marking    ] GC(12) Concurrent Mark From Roots
[2023-06-24T10:53:16.193+0800][gc,task       ] GC(12) Using 2 workers of 2 for marking
[2023-06-24T10:53:16.197+0800][gc,marking    ] GC(12) Concurrent Mark From Roots 3.506ms
[2023-06-24T10:53:16.197+0800][gc,marking    ] GC(12) Concurrent Preclean
[2023-06-24T10:53:16.197+0800][gc,marking    ] GC(12) Concurrent Preclean 0.022ms
[2023-06-24T10:53:16.197+0800][gc,marking    ] GC(12) Concurrent Mark (3.555s, 3.558s) 3.560ms
[2023-06-24T10:53:16.197+0800][gc,start      ] GC(12) Pause Remark
[2023-06-24T10:53:16.200+0800][gc,stringtable] GC(12) Cleaned string and symbol table, strings: 27633 processed, 15 removed, symbols: 176254 processed, 327 removed
[2023-06-24T10:53:16.200+0800][gc            ] GC(12) Pause Remark 34M->34M(512M) 3.011ms
[2023-06-24T10:53:16.200+0800][gc,cpu        ] GC(12) User=0.02s Sys=0.00s Real=0.01s
[2023-06-24T10:53:16.200+0800][gc,marking    ] GC(12) Concurrent Rebuild Remembered Sets
[2023-06-24T10:53:16.202+0800][gc,marking    ] GC(12) Concurrent Rebuild Remembered Sets 2.436ms
[2023-06-24T10:53:16.203+0800][gc,start      ] GC(12) Pause Cleanup
[2023-06-24T10:53:16.203+0800][gc            ] GC(12) Pause Cleanup 35M->35M(512M) 0.064ms
[2023-06-24T10:53:16.203+0800][gc,cpu        ] GC(12) User=0.00s Sys=0.00s Real=0.00s
[2023-06-24T10:53:16.203+0800][gc,marking    ] GC(12) Concurrent Cleanup for Next Mark
[2023-06-24T10:53:16.203+0800][gc,marking    ] GC(12) Concurrent Cleanup for Next Mark 0.492ms
[2023-06-24T10:53:16.203+0800][gc            ] GC(12) Concurrent Cycle 14.274ms
[2023-06-24T10:53:16.684+0800][gc,start      ] GC(13) Pause Young (Normal) (G1 Evacuation Pause)
[2023-06-24T10:53:16.684+0800][gc,task       ] GC(13) Using 8 workers of 8 for evacuation
[2023-06-24T10:53:16.690+0800][gc,phases     ] GC(13)   Pre Evacuate Collection Set: 0.0ms
[2023-06-24T10:53:16.690+0800][gc,phases     ] GC(13)   Evacuate Collection Set: 6.2ms
[2023-06-24T10:53:16.690+0800][gc,phases     ] GC(13)   Post Evacuate Collection Set: 0.5ms
[2023-06-24T10:53:16.690+0800][gc,phases     ] GC(13)   Other: 0.1ms
[2023-06-24T10:53:16.690+0800][gc,heap       ] GC(13) Eden regions: 235->0(233)
[2023-06-24T10:53:16.690+0800][gc,heap       ] GC(13) Survivor regions: 21->23(32)
[2023-06-24T10:53:16.690+0800][gc,heap       ] GC(13) Old regions: 5->9
[2023-06-24T10:53:16.690+0800][gc,heap       ] GC(13) Humongous regions: 5->5
[2023-06-24T10:53:16.690+0800][gc,metaspace  ] GC(13) Metaspace: 64523K(66944K)->64523K(66944K) NonClass: 56764K(58112K)->56764K(58112K) Class: 7759K(8832K)->7759K(8832K)
[2023-06-24T10:53:16.690+0800][gc            ] GC(13) Pause Young (Normal) (G1 Evacuation Pause) 265M->36M(512M) 6.879ms
[2023-06-24T10:53:16.691+0800][gc,cpu        ] GC(13) User=0.04s Sys=0.01s Real=0.01s
[2023-06-24T11:41:17.561+0800][gc,start      ] GC(14) Pause Young (Normal) (G1 Evacuation Pause)
[2023-06-24T11:41:17.561+0800][gc,task       ] GC(14) Using 8 workers of 8 for evacuation
[2023-06-24T11:41:17.592+0800][gc,phases     ] GC(14)   Pre Evacuate Collection Set: 0.4ms
[2023-06-24T11:41:17.592+0800][gc,phases     ] GC(14)   Evacuate Collection Set: 28.5ms
[2023-06-24T11:41:17.592+0800][gc,phases     ] GC(14)   Post Evacuate Collection Set: 0.9ms
[2023-06-24T11:41:17.592+0800][gc,phases     ] GC(14)   Other: 1.1ms
[2023-06-24T11:41:17.592+0800][gc,heap       ] GC(14) Eden regions: 233->0(238)
[2023-06-24T11:41:17.592+0800][gc,heap       ] GC(14) Survivor regions: 23->18(32)
[2023-06-24T11:41:17.592+0800][gc,heap       ] GC(14) Old regions: 9->16
[2023-06-24T11:41:17.592+0800][gc,heap       ] GC(14) Humongous regions: 7->7
[2023-06-24T11:41:17.592+0800][gc,metaspace  ] GC(14) Metaspace: 70761K(73600K)->70761K(73600K) NonClass: 62310K(63744K)->62310K(63744K) Class: 8450K(9856K)->8450K(9856K)
[2023-06-24T11:41:17.592+0800][gc            ] GC(14) Pause Young (Normal) (G1 Evacuation Pause) 271M->40M(512M) 30.898ms
[2023-06-24T11:41:17.592+0800][gc,cpu        ] GC(14) User=0.05s Sys=0.08s Real=0.03s
[2023-06-24T12:58:38.662+0800][gc,start      ] GC(15) Pause Young (Normal) (G1 Evacuation Pause)
[2023-06-24T12:58:38.663+0800][gc,task       ] GC(15) Using 8 workers of 8 for evacuation
[2023-06-24T12:58:38.701+0800][gc,phases     ] GC(15)   Pre Evacuate Collection Set: 1.1ms
[2023-06-24T12:58:38.701+0800][gc,phases     ] GC(15)   Evacuate Collection Set: 34.2ms
[2023-06-24T12:58:38.701+0800][gc,phases     ] GC(15)   Post Evacuate Collection Set: 1.7ms
[2023-06-24T12:58:38.701+0800][gc,phases     ] GC(15)   Other: 3.6ms
[2023-06-24T12:58:38.701+0800][gc,heap       ] GC(15) Eden regions: 238->0(238)
[2023-06-24T12:58:38.702+0800][gc,heap       ] GC(15) Survivor regions: 18->18(32)
[2023-06-24T12:58:38.702+0800][gc,heap       ] GC(15) Old regions: 16->16
[2023-06-24T12:58:38.702+0800][gc,heap       ] GC(15) Humongous regions: 9->9
[2023-06-24T12:58:38.702+0800][gc,metaspace  ] GC(15) Metaspace: 75380K(78336K)->75380K(78336K) NonClass: 66624K(68096K)->66624K(68096K) Class: 8755K(10240K)->8755K(10240K)
[2023-06-24T12:58:38.702+0800][gc            ] GC(15) Pause Young (Normal) (G1 Evacuation Pause) 280M->42M(512M) 39.975ms
[2023-06-24T12:58:38.702+0800][gc,cpu        ] GC(15) User=0.05s Sys=0.10s Real=0.04s
[2023-06-24T16:15:38.304+0800][gc,start      ] GC(16) Pause Young (Normal) (G1 Evacuation Pause)
[2023-06-24T16:15:38.304+0800][gc,task       ] GC(16) Using 8 workers of 8 for evacuation
[2023-06-24T16:15:38.337+0800][gc,phases     ] GC(16)   Pre Evacuate Collection Set: 0.2ms
[2023-06-24T16:15:38.340+0800][gc,phases     ] GC(16)   Evacuate Collection Set: 29.1ms
[2023-06-24T16:15:38.340+0800][gc,phases     ] GC(16)   Post Evacuate Collection Set: 3.6ms
[2023-06-24T16:15:38.340+0800][gc,phases     ] GC(16)   Other: 2.7ms
[2023-06-24T16:15:38.340+0800][gc,heap       ] GC(16) Eden regions: 238->0(240)
[2023-06-24T16:15:38.341+0800][gc,heap       ] GC(16) Survivor regions: 18->16(32)
[2023-06-24T16:15:38.341+0800][gc,heap       ] GC(16) Old regions: 16->18
[2023-06-24T16:15:38.341+0800][gc,heap       ] GC(16) Humongous regions: 9->9
[2023-06-24T16:15:38.341+0800][gc,metaspace  ] GC(16) Metaspace: 75476K(78336K)->75476K(78336K) NonClass: 66713K(68096K)->66713K(68096K) Class: 8763K(10240K)->8763K(10240K)
[2023-06-24T16:15:38.341+0800][gc            ] GC(16) Pause Young (Normal) (G1 Evacuation Pause) 280M->42M(512M) 38.878ms
[2023-06-24T16:15:38.341+0800][gc,cpu        ] GC(16) User=0.04s Sys=0.06s Real=0.04s
[2023-06-24T17:09:04.176+0800][gc,start      ] GC(17) Pause Young (Normal) (G1 Evacuation Pause)
[2023-06-24T17:09:04.177+0800][gc,task       ] GC(17) Using 8 workers of 8 for evacuation
[2023-06-24T17:09:04.221+0800][gc,phases     ] GC(17)   Pre Evacuate Collection Set: 0.3ms
[2023-06-24T17:09:04.221+0800][gc,phases     ] GC(17)   Evacuate Collection Set: 41.0ms
[2023-06-24T17:09:04.221+0800][gc,phases     ] GC(17)   Post Evacuate Collection Set: 1.9ms
[2023-06-24T17:09:04.221+0800][gc,phases     ] GC(17)   Other: 2.8ms
[2023-06-24T17:09:04.221+0800][gc,heap       ] GC(17) Eden regions: 240->0(241)
[2023-06-24T17:09:04.221+0800][gc,heap       ] GC(17) Survivor regions: 16->15(32)
[2023-06-24T17:09:04.221+0800][gc,heap       ] GC(17) Old regions: 18->18
[2023-06-24T17:09:04.221+0800][gc,heap       ] GC(17) Humongous regions: 9->9
[2023-06-24T17:09:04.221+0800][gc,metaspace  ] GC(17) Metaspace: 75639K(78592K)->75639K(78592K) NonClass: 66864K(68352K)->66864K(68352K) Class: 8774K(10240K)->8774K(10240K)
[2023-06-24T17:09:04.221+0800][gc            ] GC(17) Pause Young (Normal) (G1 Evacuation Pause) 282M->41M(512M) 46.070ms
[2023-06-24T17:09:04.221+0800][gc,cpu        ] GC(17) User=0.04s Sys=0.04s Real=0.05s
[2023-06-24T17:30:14.169+0800][gc,start      ] GC(18) Pause Young (Normal) (G1 Evacuation Pause)
[2023-06-24T17:30:14.169+0800][gc,task       ] GC(18) Using 8 workers of 8 for evacuation
[2023-06-24T17:30:14.214+0800][gc,phases     ] GC(18)   Pre Evacuate Collection Set: 0.3ms
[2023-06-24T17:30:14.214+0800][gc,phases     ] GC(18)   Evacuate Collection Set: 42.6ms
[2023-06-24T17:30:14.214+0800][gc,phases     ] GC(18)   Post Evacuate Collection Set: 1.1ms
[2023-06-24T17:30:14.214+0800][gc,phases     ] GC(18)   Other: 3.8ms
[2023-06-24T17:30:14.215+0800][gc,heap       ] GC(18) Eden regions: 241->0(241)
[2023-06-24T17:30:14.215+0800][gc,heap       ] GC(18) Survivor regions: 15->15(32)
[2023-06-24T17:30:14.215+0800][gc,heap       ] GC(18) Old regions: 18->18
[2023-06-24T17:30:14.215+0800][gc,heap       ] GC(18) Humongous regions: 9->9
[2023-06-24T17:30:14.215+0800][gc,metaspace  ] GC(18) Metaspace: 75658K(78592K)->75658K(78592K) NonClass: 66881K(68352K)->66881K(68352K) Class: 8776K(10240K)->8776K(10240K)
[2023-06-24T17:30:14.215+0800][gc            ] GC(18) Pause Young (Normal) (G1 Evacuation Pause) 282M->41M(512M) 48.155ms
[2023-06-24T17:30:14.215+0800][gc,cpu        ] GC(18) User=0.09s Sys=0.07s Real=0.05s
[2023-06-24T17:51:29.645+0800][gc,start      ] GC(19) Pause Young (Normal) (G1 Evacuation Pause)
[2023-06-24T17:51:29.645+0800][gc,task       ] GC(19) Using 8 workers of 8 for evacuation
[2023-06-24T17:51:29.674+0800][gc,phases     ] GC(19)   Pre Evacuate Collection Set: 0.3ms
[2023-06-24T17:51:29.674+0800][gc,phases     ] GC(19)   Evacuate Collection Set: 26.8ms
[2023-06-24T17:51:29.674+0800][gc,phases     ] GC(19)   Post Evacuate Collection Set: 0.8ms
[2023-06-24T17:51:29.674+0800][gc,phases     ] GC(19)   Other: 1.3ms
[2023-06-24T17:51:29.674+0800][gc,heap       ] GC(19) Eden regions: 241->0(241)
[2023-06-24T17:51:29.674+0800][gc,heap       ] GC(19) Survivor regions: 15->15(32)
[2023-06-24T17:51:29.674+0800][gc,heap       ] GC(19) Old regions: 18->18
[2023-06-24T17:51:29.674+0800][gc,heap       ] GC(19) Humongous regions: 9->9
[2023-06-24T17:51:29.674+0800][gc,metaspace  ] GC(19) Metaspace: 75685K(78592K)->75685K(78592K) NonClass: 66906K(68352K)->66906K(68352K) Class: 8778K(10240K)->8778K(10240K)
[2023-06-24T17:51:29.674+0800][gc            ] GC(19) Pause Young (Normal) (G1 Evacuation Pause) 282M->41M(512M) 29.184ms
[2023-06-24T17:51:29.674+0800][gc,cpu        ] GC(19) User=0.05s Sys=0.05s Real=0.03s
[2023-06-24T18:13:44.584+0800][gc,start      ] GC(20) Pause Young (Normal) (G1 Evacuation Pause)
[2023-06-24T18:13:44.586+0800][gc,task       ] GC(20) Using 8 workers of 8 for evacuation
[2023-06-24T18:13:44.618+0800][gc,phases     ] GC(20)   Pre Evacuate Collection Set: 0.5ms
[2023-06-24T18:13:44.618+0800][gc,phases     ] GC(20)   Evacuate Collection Set: 29.6ms
[2023-06-24T18:13:44.618+0800][gc,phases     ] GC(20)   Post Evacuate Collection Set: 1.0ms
[2023-06-24T18:13:44.618+0800][gc,phases     ] GC(20)   Other: 2.8ms
[2023-06-24T18:13:44.618+0800][gc,heap       ] GC(20) Eden regions: 241->0(240)
[2023-06-24T18:13:44.618+0800][gc,heap       ] GC(20) Survivor regions: 15->16(32)
[2023-06-24T18:13:44.618+0800][gc,heap       ] GC(20) Old regions: 18->18
[2023-06-24T18:13:44.618+0800][gc,heap       ] GC(20) Humongous regions: 9->9
[2023-06-24T18:13:44.618+0800][gc,metaspace  ] GC(20) Metaspace: 75729K(78592K)->75729K(78592K) NonClass: 66946K(68352K)->66946K(68352K) Class: 8783K(10240K)->8783K(10240K)
[2023-06-24T18:13:44.618+0800][gc            ] GC(20) Pause Young (Normal) (G1 Evacuation Pause) 282M->42M(512M) 33.887ms
[2023-06-24T18:13:44.618+0800][gc,cpu        ] GC(20) User=0.05s Sys=0.06s Real=0.03s
[2023-06-24T21:13:23.073+0800][gc,start      ] GC(21) Pause Young (Normal) (G1 Evacuation Pause)
[2023-06-24T21:13:23.074+0800][gc,task       ] GC(21) Using 8 workers of 8 for evacuation
[2023-06-24T21:13:23.116+0800][gc,phases     ] GC(21)   Pre Evacuate Collection Set: 0.5ms
[2023-06-24T21:13:23.116+0800][gc,phases     ] GC(21)   Evacuate Collection Set: 38.7ms
[2023-06-24T21:13:23.116+0800][gc,phases     ] GC(21)   Post Evacuate Collection Set: 1.3ms
[2023-06-24T21:13:23.116+0800][gc,phases     ] GC(21)   Other: 4.3ms
[2023-06-24T21:13:23.116+0800][gc,heap       ] GC(21) Eden regions: 240->0(239)
[2023-06-24T21:13:23.116+0800][gc,heap       ] GC(21) Survivor regions: 16->17(32)
[2023-06-24T21:13:23.116+0800][gc,heap       ] GC(21) Old regions: 18->18
[2023-06-24T21:13:23.116+0800][gc,heap       ] GC(21) Humongous regions: 9->9
[2023-06-24T21:13:23.116+0800][gc,metaspace  ] GC(21) Metaspace: 75860K(78848K)->75860K(78848K) NonClass: 67070K(68608K)->67070K(68608K) Class: 8790K(10240K)->8790K(10240K)
[2023-06-24T21:13:23.116+0800][gc            ] GC(21) Pause Young (Normal) (G1 Evacuation Pause) 282M->43M(512M) 44.993ms
[2023-06-24T21:13:23.116+0800][gc,cpu        ] GC(21) User=0.07s Sys=0.11s Real=0.04s
[2023-06-24T22:00:00.855+0800][gc,start      ] GC(22) Pause Young (Normal) (G1 Evacuation Pause)
[2023-06-24T22:00:00.855+0800][gc,task       ] GC(22) Using 8 workers of 8 for evacuation
[2023-06-24T22:00:00.896+0800][gc,phases     ] GC(22)   Pre Evacuate Collection Set: 0.2ms
[2023-06-24T22:00:00.896+0800][gc,phases     ] GC(22)   Evacuate Collection Set: 38.8ms
[2023-06-24T22:00:00.896+0800][gc,phases     ] GC(22)   Post Evacuate Collection Set: 1.4ms
[2023-06-24T22:00:00.896+0800][gc,phases     ] GC(22)   Other: 2.6ms
[2023-06-24T22:00:00.896+0800][gc,heap       ] GC(22) Eden regions: 239->0(241)
[2023-06-24T22:00:00.896+0800][gc,heap       ] GC(22) Survivor regions: 17->15(32)
[2023-06-24T22:00:00.896+0800][gc,heap       ] GC(22) Old regions: 18->18
[2023-06-24T22:00:00.896+0800][gc,heap       ] GC(22) Humongous regions: 9->9
[2023-06-24T22:00:00.896+0800][gc,metaspace  ] GC(22) Metaspace: 75892K(78848K)->75892K(78848K) NonClass: 67102K(68608K)->67102K(68608K) Class: 8790K(10240K)->8790K(10240K)
[2023-06-24T22:00:00.897+0800][gc            ] GC(22) Pause Young (Normal) (G1 Evacuation Pause) 282M->41M(512M) 43.247ms
[2023-06-24T22:00:00.897+0800][gc,cpu        ] GC(22) User=0.10s Sys=0.08s Real=0.04s
[2023-06-24T22:19:05.269+0800][gc,heap,exit  ] Heap
[2023-06-24T22:19:05.269+0800][gc,heap,exit  ]  garbage-first heap   total 524288K, used 211717K [0x00000007a0000000, 0x00000007c0000000)
[2023-06-24T22:19:05.269+0800][gc,heap,exit  ]   region size 1024K, 180 young (184320K), 15 survivors (15360K)
[2023-06-24T22:19:05.270+0800][gc,heap,exit  ]  Metaspace       used 76962K, capacity 79786K, committed 80000K, reserved 1118208K
[2023-06-24T22:19:05.270+0800][gc,heap,exit  ]   class space    used 8937K, capacity 10354K, committed 10368K, reserved 1048576K
